MSBuild version 17.14.40+3e7442088 for .NET Framework

  main.cpp
  ScreenCapture.cpp
D:\a\11obs\11obs\imgui\imgui.h(617,11): error C3646: 'col': unknown override specifier [D:\a\11obs\11obs\UDPStreamer.vcxproj]
  (compiling source file 'main.cpp')
  
D:\a\11obs\11obs\imgui\imgui.h(617,5): error C4430: missing type specifier - int assumed. Note: C++ does not support default-int [D:\a\11obs\11obs\UDPStreamer.vcxproj]
  (compiling source file 'main.cpp')
  
D:\a\11obs\11obs\imgui\imgui.h(619,55): error C2061: syntax error: identifier 'ImU32' [D:\a\11obs\11obs\UDPStreamer.vcxproj]
  (compiling source file 'main.cpp')
  
D:\a\11obs\11obs\imgui\imgui.h(618,41): error C2614: 'ImDrawVert': illegal member initialization: 'col' is not a base or member [D:\a\11obs\11obs\UDPStreamer.vcxproj]
  (compiling source file 'main.cpp')
  
D:\a\11obs\11obs\imgui\imgui.h(619,93): error C2065: '_col': undeclared identifier [D:\a\11obs\11obs\UDPStreamer.vcxproj]
  (compiling source file 'main.cpp')
  
D:\a\11obs\11obs\imgui\imgui.h(619,89): error C2614: 'ImDrawVert': illegal member initialization: 'col' is not a base or member [D:\a\11obs\11obs\UDPStreamer.vcxproj]
  (compiling source file 'main.cpp')
  
D:\a\11obs\11obs\imgui\imgui.h(627,113): error C2440: 'initializing': cannot convert from 'int' to 'ImDrawCmdFlags' [D:\a\11obs\11obs\UDPStreamer.vcxproj]
  (compiling source file 'main.cpp')
      D:\a\11obs\11obs\imgui\imgui.h(627,113):
      Conversion to enumeration type requires an explicit cast (static_cast, C-style cast or parenthesized function-style cast)
  
D:\a\11obs\11obs\imgui\imgui.h(627,113): error C2439: 'ImDrawCmd::flags': member could not be initialized [D:\a\11obs\11obs\UDPStreamer.vcxproj]
  (compiling source file 'main.cpp')
      D:\a\11obs\11obs\imgui\imgui.h(633,20):
      see declaration of 'ImDrawCmd::flags'
  
D:\a\11obs\11obs\imgui\imgui.h(641,10): error C2039: 'vector': is not a member of 'std' [D:\a\11obs\11obs\UDPStreamer.vcxproj]
  (compiling source file 'main.cpp')
      C:\Program Files\Microsoft Visual Studio\2022\Enterprise\VC\Tools\MSVC\14.44.35207\include\thread(37,1):
      see declaration of 'std'
  
D:\a\11obs\11obs\imgui\imgui.h(641,16): error C2143: syntax error: missing ';' before '<' [D:\a\11obs\11obs\UDPStreamer.vcxproj]
  (compiling source file 'main.cpp')
  
D:\a\11obs\11obs\imgui\imgui.h(641,10): error C4430: missing type specifier - int assumed. Note: C++ does not support default-int [D:\a\11obs\11obs\UDPStreamer.vcxproj]
  (compiling source file 'main.cpp')
  
D:\a\11obs\11obs\imgui\imgui.h(641,39): error C2238: unexpected token(s) preceding ';' [D:\a\11obs\11obs\UDPStreamer.vcxproj]
  (compiling source file 'main.cpp')
  
D:\a\11obs\11obs\imgui\imgui.h(642,10): error C2039: 'vector': is not a member of 'std' [D:\a\11obs\11obs\UDPStreamer.vcxproj]
  (compiling source file 'main.cpp')
      C:\Program Files\Microsoft Visual Studio\2022\Enterprise\VC\Tools\MSVC\14.44.35207\include\thread(37,1):
      see declaration of 'std'
  
D:\a\11obs\11obs\imgui\imgui.h(642,16): error C2143: syntax error: missing ';' before '<' [D:\a\11obs\11obs\UDPStreamer.vcxproj]
  (compiling source file 'main.cpp')
  
D:\a\11obs\11obs\imgui\imgui.h(642,10): error C4430: missing type specifier - int assumed. Note: C++ does not support default-int [D:\a\11obs\11obs\UDPStreamer.vcxproj]
  (compiling source file 'main.cpp')
  
D:\a\11obs\11obs\imgui\imgui.h(642,38): error C2238: unexpected token(s) preceding ';' [D:\a\11obs\11obs\UDPStreamer.vcxproj]
  (compiling source file 'main.cpp')
  
D:\a\11obs\11obs\imgui\imgui.h(643,10): error C2039: 'vector': is not a member of 'std' [D:\a\11obs\11obs\UDPStreamer.vcxproj]
  (compiling source file 'main.cpp')
      C:\Program Files\Microsoft Visual Studio\2022\Enterprise\VC\Tools\MSVC\14.44.35207\include\thread(37,1):
      see declaration of 'std'
  
D:\a\11obs\11obs\imgui\imgui.h(643,16): error C2143: syntax error: missing ';' before '<' [D:\a\11obs\11obs\UDPStreamer.vcxproj]
  (compiling source file 'main.cpp')
  
D:\a\11obs\11obs\imgui\imgui.h(643,10): error C4430: missing type specifier - int assumed. Note: C++ does not support default-int [D:\a\11obs\11obs\UDPStreamer.vcxproj]
  (compiling source file 'main.cpp')
  
D:\a\11obs\11obs\imgui\imgui.h(643,38): error C2238: unexpected token(s) preceding ';' [D:\a\11obs\11obs\UDPStreamer.vcxproj]
  (compiling source file 'main.cpp')
  
D:\a\11obs\11obs\imgui\imgui.h(648,10): error C2039: 'vector': is not a member of 'std' [D:\a\11obs\11obs\UDPStreamer.vcxproj]
  (compiling source file 'main.cpp')
      C:\Program Files\Microsoft Visual Studio\2022\Enterprise\VC\Tools\MSVC\14.44.35207\include\thread(37,1):
      see declaration of 'std'
  
D:\a\11obs\11obs\imgui\imgui.h(648,16): error C2143: syntax error: missing ';' before '<' [D:\a\11obs\11obs\UDPStreamer.vcxproj]
  (compiling source file 'main.cpp')
  
D:\a\11obs\11obs\imgui\imgui.h(648,10): error C4430: missing type specifier - int assumed. Note: C++ does not support default-int [D:\a\11obs\11obs\UDPStreamer.vcxproj]
  (compiling source file 'main.cpp')
  
D:\a\11obs\11obs\imgui\imgui.h(648,40): error C2238: unexpected token(s) preceding ';' [D:\a\11obs\11obs\UDPStreamer.vcxproj]
  (compiling source file 'main.cpp')
  
D:\a\11obs\11obs\imgui\imgui.h(649,10): error C2039: 'vector': is not a member of 'std' [D:\a\11obs\11obs\UDPStreamer.vcxproj]
  (compiling source file 'main.cpp')
      C:\Program Files\Microsoft Visual Studio\2022\Enterprise\VC\Tools\MSVC\14.44.35207\include\thread(37,1):
      see declaration of 'std'
  
D:\a\11obs\11obs\imgui\imgui.h(649,16): error C2143: syntax error: missing ';' before '<' [D:\a\11obs\11obs\UDPStreamer.vcxproj]
  (compiling source file 'main.cpp')
  
D:\a\11obs\11obs\imgui\imgui.h(649,10): error C4430: missing type specifier - int assumed. Note: C++ does not support default-int [D:\a\11obs\11obs\UDPStreamer.vcxproj]
  (compiling source file 'main.cpp')
  
D:\a\11obs\11obs\imgui\imgui.h(649,40): error C2238: unexpected token(s) preceding ';' [D:\a\11obs\11obs\UDPStreamer.vcxproj]
  (compiling source file 'main.cpp')
  
D:\a\11obs\11obs\imgui\imgui.h(651,10): error C2039: 'vector': is not a member of 'std' [D:\a\11obs\11obs\UDPStreamer.vcxproj]
  (compiling source file 'main.cpp')
      C:\Program Files\Microsoft Visual Studio\2022\Enterprise\VC\Tools\MSVC\14.44.35207\include\thread(37,1):
      see declaration of 'std'
  
D:\a\11obs\11obs\imgui\imgui.h(651,16): error C2143: syntax error: missing ';' before '<' [D:\a\11obs\11obs\UDPStreamer.vcxproj]
  (compiling source file 'main.cpp')
  
D:\a\11obs\11obs\imgui\imgui.h(651,10): error C4430: missing type specifier - int assumed. Note: C++ does not support default-int [D:\a\11obs\11obs\UDPStreamer.vcxproj]
  (compiling source file 'main.cpp')
  
D:\a\11obs\11obs\imgui\imgui.h(651,38): error C2238: unexpected token(s) preceding ';' [D:\a\11obs\11obs\UDPStreamer.vcxproj]
  (compiling source file 'main.cpp')
  
D:\a\11obs\11obs\imgui\imgui.h(640,67): error C2440: 'initializing': cannot convert from 'int' to 'ImDrawListFlags' [D:\a\11obs\11obs\UDPStreamer.vcxproj]
  (compiling source file 'main.cpp')
      D:\a\11obs\11obs\imgui\imgui.h(640,67):
      Conversion to enumeration type requires an explicit cast (static_cast, C-style cast or parenthesized function-style cast)
  
D:\a\11obs\11obs\imgui\imgui.h(640,67): error C2439: 'ImDrawList::flags': member could not be initialized [D:\a\11obs\11obs\UDPStreamer.vcxproj]
  (compiling source file 'main.cpp')
      D:\a\11obs\11obs\imgui\imgui.h(644,21):
      see declaration of 'ImDrawList::flags'
  
D:\a\11obs\11obs\imgui\imgui.h(640,20): error C2614: 'ImDrawList': illegal member initialization: 'vtx_buffer' is not a base or member [D:\a\11obs\11obs\UDPStreamer.vcxproj]
  (compiling source file 'main.cpp')
  
D:\a\11obs\11obs\imgui\imgui.h(640,34): error C2614: 'ImDrawList': illegal member initialization: 'idx_buffer' is not a base or member [D:\a\11obs\11obs\UDPStreamer.vcxproj]
  (compiling source file 'main.cpp')
  
D:\a\11obs\11obs\imgui\imgui.h(640,48): error C2614: 'ImDrawList': illegal member initialization: 'cmd_buffer' is not a base or member [D:\a\11obs\11obs\UDPStreamer.vcxproj]
  (compiling source file 'main.cpp')
  
D:\a\11obs\11obs\imgui\imgui.h(640,133): error C2614: 'ImDrawList': illegal member initialization: 'clip_rect_stack' is not a base or member [D:\a\11obs\11obs\UDPStreamer.vcxproj]
  (compiling source file 'main.cpp')
  
D:\a\11obs\11obs\imgui\imgui.h(640,152): error C2614: 'ImDrawList': illegal member initialization: 'texture_id_stack' is not a base or member [D:\a\11obs\11obs\UDPStreamer.vcxproj]
  (compiling source file 'main.cpp')
  
D:\a\11obs\11obs\imgui\imgui.h(640,198): error C2614: 'ImDrawList': illegal member initialization: 'channels' is not a base or member [D:\a\11obs\11obs\UDPStreamer.vcxproj]
  (compiling source file 'main.cpp')
  
D:\a\11obs\11obs\imgui\imgui.h(672,13): error C3646: 'codepoint': unknown override specifier [D:\a\11obs\11obs\UDPStreamer.vcxproj]
  (compiling source file 'main.cpp')
  
D:\a\11obs\11obs\imgui\imgui.h(672,5): error C4430: missing type specifier - int assumed. Note: C++ does not support default-int [D:\a\11obs\11obs\UDPStreamer.vcxproj]
  (compiling source file 'main.cpp')
  
D:\a\11obs\11obs\imgui\imgui.h(671,21): error C2614: 'ImFontGlyph': illegal member initialization: 'codepoint' is not a base or member [D:\a\11obs\11obs\UDPStreamer.vcxproj]
  (compiling source file 'main.cpp')
  
D:\a\11obs\11obs\imgui\imgui.h(688,5): error C4430: missing type specifier - int assumed. Note: C++ does not support default-int [D:\a\11obs\11obs\UDPStreamer.vcxproj]
  (compiling source file 'main.cpp')
  
D:\a\11obs\11obs\imgui\imgui.h(688,18): error C2143: syntax error: missing ';' before '*' [D:\a\11obs\11obs\UDPStreamer.vcxproj]
  (compiling source file 'main.cpp')
  
D:\a\11obs\11obs\imgui\imgui.h(688,31): error C2238: unexpected token(s) preceding ';' [D:\a\11obs\11obs\UDPStreamer.vcxproj]
  (compiling source file 'main.cpp')
  
D:\a\11obs\11obs\imgui\imgui.h(697,13): error C3646: 'EllipsisChar': unknown override specifier [D:\a\11obs\11obs\UDPStreamer.vcxproj]
  (compiling source file 'main.cpp')
  
D:\a\11obs\11obs\imgui\imgui.h(697,5): error C4430: missing type specifier - int assumed. Note: C++ does not support default-int [D:\a\11obs\11obs\UDPStreamer.vcxproj]
  (compiling source file 'main.cpp')
  
D:\a\11obs\11obs\imgui\imgui.h(680,360): error C2789: 'ImFontConfig::ImWchar': an object of const-qualified type must be initialized [D:\a\11obs\11obs\UDPStreamer.vcxproj]
  (compiling source file 'main.cpp')
      D:\a\11obs\11obs\imgui\imgui.h(688,11):
      see declaration of 'ImFontConfig::ImWchar'
  
D:\a\11obs\11obs\imgui\imgui.h(680,150): error C2614: 'ImFontConfig': illegal member initialization: 'GlyphRanges' is not a base or member [D:\a\11obs\11obs\UDPStreamer.vcxproj]
  (compiling source file 'main.cpp')
  
D:\a\11obs\11obs\imgui\imgui.h(680,339): error C2614: 'ImFontConfig': illegal member initialization: 'EllipsisChar' is not a base or member [D:\a\11obs\11obs\UDPStreamer.vcxproj]
  (compiling source file 'main.cpp')
  
D:\a\11obs\11obs\imgui\imgui.h(707,10): error C2143: syntax error: missing ';' before '*' [D:\a\11obs\11obs\UDPStreamer.vcxproj]
  (compiling source file 'main.cpp')
  
D:\a\11obs\11obs\imgui\imgui.h(707,5): error C4430: missing type specifier - int assumed. Note: C++ does not support default-int [D:\a\11obs\11obs\UDPStreamer.vcxproj]
  (compiling source file 'main.cpp')
  
D:\a\11obs\11obs\imgui\imgui.h(707,27): error C2238: unexpected token(s) preceding ';' [D:\a\11obs\11obs\UDPStreamer.vcxproj]
  (compiling source file 'main.cpp')
  
D:\a\11obs\11obs\imgui\imgui.h(710,14): error C2065: 'ImWchar': undeclared identifier [D:\a\11obs\11obs\UDPStreamer.vcxproj]
  (compiling source file 'main.cpp')
  
D:\a\11obs\11obs\imgui\imgui.h(710,5): error C2923: 'ImVector': 'ImWchar' is not a valid template type argument for parameter 'T' [D:\a\11obs\11obs\UDPStreamer.vcxproj]
  (compiling source file 'main.cpp')
      D:\a\11obs\11obs\imgui\imgui.h(710,14):
      see declaration of 'ImWchar'
  
D:\a\11obs\11obs\imgui\imgui.h(710,24): error C2955: 'ImVector': use of class template requires template argument list [D:\a\11obs\11obs\UDPStreamer.vcxproj]
  (compiling source file 'main.cpp')
      D:\a\11obs\11obs\imgui\imgui.h(579,8):
      see declaration of 'ImVector'
  
D:\a\11obs\11obs\imgui\imgui.h(711,14): error C2065: 'ImFontAtlasCustomRect': undeclared identifier [D:\a\11obs\11obs\UDPStreamer.vcxproj]
  (compiling source file 'main.cpp')
  
D:\a\11obs\11obs\imgui\imgui.h(711,5): error C2923: 'ImVector': 'ImFontAtlasCustomRect' is not a valid template type argument for parameter 'T' [D:\a\11obs\11obs\UDPStreamer.vcxproj]
  (compiling source file 'main.cpp')
      D:\a\11obs\11obs\imgui\imgui.h(711,14):
      see declaration of 'ImFontAtlasCustomRect'
  
D:\a\11obs\11obs\imgui\imgui.h(711,37): error C2955: 'ImVector': use of class template requires template argument list [D:\a\11obs\11obs\UDPStreamer.vcxproj]
  (compiling source file 'main.cpp')
      D:\a\11obs\11obs\imgui\imgui.h(579,8):
      see declaration of 'ImVector'
  
D:\a\11obs\11obs\imgui\imgui.h(702,243): error C2440: 'initializing': cannot convert from 'int' to 'ImFontAtlasFlags' [D:\a\11obs\11obs\UDPStreamer.vcxproj]
  (compiling source file 'main.cpp')
      D:\a\11obs\11obs\imgui\imgui.h(702,243):
      Conversion to enumeration type requires an explicit cast (static_cast, C-style cast or parenthesized function-style cast)
  
D:\a\11obs\11obs\imgui\imgui.h(702,243): error C2439: 'ImFontAtlas::Flags': member could not be initialized [D:\a\11obs\11obs\UDPStreamer.vcxproj]
  (compiling source file 'main.cpp')
      D:\a\11obs\11obs\imgui\imgui.h(713,22):
      see declaration of 'ImFontAtlas::Flags'
  
D:\a\11obs\11obs\imgui\imgui.h(702,110): error C2614: 'ImFontAtlas': illegal member initialization: 'TexPixelsRgba32' is not a base or member [D:\a\11obs\11obs\UDPStreamer.vcxproj]
  (compiling source file 'main.cpp')
  
D:\a\11obs\11obs\imgui\imgui.h(730,14): error C2065: 'ImWchar': undeclared identifier [D:\a\11obs\11obs\UDPStreamer.vcxproj]
  (compiling source file 'main.cpp')
  
D:\a\11obs\11obs\imgui\imgui.h(730,5): error C2923: 'ImVector': 'ImWchar' is not a valid template type argument for parameter 'T' [D:\a\11obs\11obs\UDPStreamer.vcxproj]
  (compiling source file 'main.cpp')
      D:\a\11obs\11obs\imgui\imgui.h(730,14):
      see declaration of 'ImWchar'
  
D:\a\11obs\11obs\imgui\imgui.h(730,23): error C2955: 'ImVector': use of class template requires template argument list [D:\a\11obs\11obs\UDPStreamer.vcxproj]
  (compiling source file 'main.cpp')
      D:\a\11obs\11obs\imgui\imgui.h(579,8):
      see declaration of 'ImVector'
  
D:\a\11obs\11obs\imgui\imgui.h(740,13): error C2079: 'ImGuiContext::IO' uses undefined struct 'ImGuiIO' [D:\a\11obs\11obs\UDPStreamer.vcxproj]
  (compiling source file 'main.cpp')
  
D:\a\11obs\11obs\imgui\imgui.h(741,16): error C2079: 'ImGuiContext::Style' uses undefined struct 'ImGuiStyle' [D:\a\11obs\11obs\UDPStreamer.vcxproj]
  (compiling source file 'main.cpp')
  
D:\a\11obs\11obs\imgui\imgui.h(746,13): error C3646: 'HoveredId': unknown override specifier [D:\a\11obs\11obs\UDPStreamer.vcxproj]
  (compiling source file 'main.cpp')
  
D:\a\11obs\11obs\imgui\imgui.h(746,5): error C4430: missing type specifier - int assumed. Note: C++ does not support default-int [D:\a\11obs\11obs\UDPStreamer.vcxproj]
  (compiling source file 'main.cpp')
  
D:\a\11obs\11obs\imgui\imgui.h(747,13): error C3646: 'ActiveId': unknown override specifier [D:\a\11obs\11obs\UDPStreamer.vcxproj]
  (compiling source file 'main.cpp')
  
D:\a\11obs\11obs\imgui\imgui.h(747,5): error C4430: missing type specifier - int assumed. Note: C++ does not support default-int [D:\a\11obs\11obs\UDPStreamer.vcxproj]
  (compiling source file 'main.cpp')
  
D:\a\11obs\11obs\imgui\imgui.h(751,17): error C2143: syntax error: missing ';' before '*' [D:\a\11obs\11obs\UDPStreamer.vcxproj]
  (compiling source file 'main.cpp')
  
D:\a\11obs\11obs\imgui\imgui.h(751,5): error C4430: missing type specifier - int assumed. Note: C++ does not support default-int [D:\a\11obs\11obs\UDPStreamer.vcxproj]
  (compiling source file 'main.cpp')
  
D:\a\11obs\11obs\imgui\imgui.h(751,34): error C2238: unexpected token(s) preceding ';' [D:\a\11obs\11obs\UDPStreamer.vcxproj]
  (compiling source file 'main.cpp')
  
D:\a\11obs\11obs\imgui\imgui.h(752,24): error C3646: 'DragDropSourceFlags': unknown override specifier [D:\a\11obs\11obs\UDPStreamer.vcxproj]
  (compiling source file 'main.cpp')
  
D:\a\11obs\11obs\imgui\imgui.h(752,5): error C4430: missing type specifier - int assumed. Note: C++ does not support default-int [D:\a\11obs\11obs\UDPStreamer.vcxproj]
  (compiling source file 'main.cpp')
  
D:\a\11obs\11obs\imgui\imgui.h(772,22): error C3646: 'KeyMods': unknown override specifier [D:\a\11obs\11obs\UDPStreamer.vcxproj]
  (compiling source file 'main.cpp')
  
D:\a\11obs\11obs\imgui\imgui.h(772,5): error C4430: missing type specifier - int assumed. Note: C++ does not support default-int [D:\a\11obs\11obs\UDPStreamer.vcxproj]
  (compiling source file 'main.cpp')
  
D:\a\11obs\11obs\imgui\imgui.h(777,14): error C2065: 'ImWchar': undeclared identifier [D:\a\11obs\11obs\UDPStreamer.vcxproj]
  (compiling source file 'main.cpp')
  
D:\a\11obs\11obs\imgui\imgui.h(777,5): error C2923: 'ImVector': 'ImWchar' is not a valid template type argument for parameter 'T' [D:\a\11obs\11obs\UDPStreamer.vcxproj]
  (compiling source file 'main.cpp')
      D:\a\11obs\11obs\imgui\imgui.h(777,14):
      see declaration of 'ImWchar'
  
D:\a\11obs\11obs\imgui\imgui.h(777,23): error C2955: 'ImVector': use of class template requires template argument list [D:\a\11obs\11obs\UDPStreamer.vcxproj]
  (compiling source file 'main.cpp')
      D:\a\11obs\11obs\imgui\imgui.h(579,8):
      see declaration of 'ImVector'
  
D:\a\11obs\11obs\imgui\imgui.h(778,24): error C2143: syntax error: missing ';' before '*' [D:\a\11obs\11obs\UDPStreamer.vcxproj]
  (compiling source file 'main.cpp')
  
D:\a\11obs\11obs\imgui\imgui.h(778,5): error C4430: missing type specifier - int assumed. Note: C++ does not support default-int [D:\a\11obs\11obs\UDPStreamer.vcxproj]
  (compiling source file 'main.cpp')
  
D:\a\11obs\11obs\imgui\imgui.h(778,40): error C2238: unexpected token(s) preceding ';' [D:\a\11obs\11obs\UDPStreamer.vcxproj]
  (compiling source file 'main.cpp')
  
D:\a\11obs\11obs\imgui\imgui.h(790,13): error C3646: 'NavId': unknown override specifier [D:\a\11obs\11obs\UDPStreamer.vcxproj]
  (compiling source file 'main.cpp')
  
D:\a\11obs\11obs\imgui\imgui.h(790,5): error C4430: missing type specifier - int assumed. Note: C++ does not support default-int [D:\a\11obs\11obs\UDPStreamer.vcxproj]
  (compiling source file 'main.cpp')
  
D:\a\11obs\11obs\imgui\imgui.h(791,13): error C3646: 'NavIdPrev': unknown override specifier [D:\a\11obs\11obs\UDPStreamer.vcxproj]
  (compiling source file 'main.cpp')
  
D:\a\11obs\11obs\imgui\imgui.h(791,5): error C4430: missing type specifier - int assumed. Note: C++ does not support default-int [D:\a\11obs\11obs\UDPStreamer.vcxproj]
  (compiling source file 'main.cpp')
  
D:\a\11obs\11obs\imgui\imgui.h(797,14): error C2065: 'ImGuiNavItemData': undeclared identifier [D:\a\11obs\11obs\UDPStreamer.vcxproj]
  (compiling source file 'main.cpp')
  
D:\a\11obs\11obs\imgui\imgui.h(797,5): error C2923: 'ImVector': 'ImGuiNavItemData' is not a valid template type argument for parameter 'T' [D:\a\11obs\11obs\UDPStreamer.vcxproj]
  (compiling source file 'main.cpp')
      D:\a\11obs\11obs\imgui\imgui.h(797,14):
      see declaration of 'ImGuiNavItemData'
  
D:\a\11obs\11obs\imgui\imgui.h(797,32): error C2955: 'ImVector': use of class template requires template argument list [D:\a\11obs\11obs\UDPStreamer.vcxproj]
  (compiling source file 'main.cpp')
      D:\a\11obs\11obs\imgui\imgui.h(579,8):
      see declaration of 'ImVector'
  
D:\a\11obs\11obs\imgui\imgui.h(803,20): error C2143: syntax error: missing ';' before '*' [D:\a\11obs\11obs\UDPStreamer.vcxproj]
  (compiling source file 'main.cpp')
  
D:\a\11obs\11obs\imgui\imgui.h(803,5): error C4430: missing type specifier - int assumed. Note: C++ does not support default-int [D:\a\11obs\11obs\UDPStreamer.vcxproj]
  (compiling source file 'main.cpp')
  
D:\a\11obs\11obs\imgui\imgui.h(803,32): error C2238: unexpected token(s) preceding ';' [D:\a\11obs\11obs\UDPStreamer.vcxproj]
  (compiling source file 'main.cpp')
  
D:\a\11obs\11obs\imgui\imgui.h(805,12): error C2143: syntax error: missing ';' before '*' [D:\a\11obs\11obs\UDPStreamer.vcxproj]
  (compiling source file 'main.cpp')
  
D:\a\11obs\11obs\imgui\imgui.h(805,5): error C4430: missing type specifier - int assumed. Note: C++ does not support default-int [D:\a\11obs\11obs\UDPStreamer.vcxproj]
  (compiling source file 'main.cpp')
  
D:\a\11obs\11obs\imgui\imgui.h(805,37): error C2238: unexpected token(s) preceding ';' [D:\a\11obs\11obs\UDPStreamer.vcxproj]
  (compiling source file 'main.cpp')
  
D:\a\11obs\11obs\imgui\imgui.h(806,12): error C2143: syntax error: missing ';' before '*' [D:\a\11obs\11obs\UDPStreamer.vcxproj]
  (compiling source file 'main.cpp')
  
D:\a\11obs\11obs\imgui\imgui.h(806,5): error C4430: missing type specifier - int assumed. Note: C++ does not support default-int [D:\a\11obs\11obs\UDPStreamer.vcxproj]
  (compiling source file 'main.cpp')
  
D:\a\11obs\11obs\imgui\imgui.h(806,36): error C2238: unexpected token(s) preceding ';' [D:\a\11obs\11obs\UDPStreamer.vcxproj]
  (compiling source file 'main.cpp')
  
D:\a\11obs\11obs\imgui\imgui.h(811,14): error C2065: 'ImGuiItemFlags': undeclared identifier [D:\a\11obs\11obs\UDPStreamer.vcxproj]
  (compiling source file 'main.cpp')
  
D:\a\11obs\11obs\imgui\imgui.h(811,5): error C2923: 'ImVector': 'ImGuiItemFlags' is not a valid template type argument for parameter 'T' [D:\a\11obs\11obs\UDPStreamer.vcxproj]
  (compiling source file 'main.cpp')
      D:\a\11obs\11obs\imgui\imgui.h(811,14):
      see declaration of 'ImGuiItemFlags'
  
D:\a\11obs\11obs\imgui\imgui.h(811,30): error C2955: 'ImVector': use of class template requires template argument list [D:\a\11obs\11obs\UDPStreamer.vcxproj]
  (compiling source file 'main.cpp')
      D:\a\11obs\11obs\imgui\imgui.h(579,8):
      see declaration of 'ImVector'
  
D:\a\11obs\11obs\imgui\imgui.h(818,14): error C2065: 'ImGuiColumnsSet': undeclared identifier [D:\a\11obs\11obs\UDPStreamer.vcxproj]
  (compiling source file 'main.cpp')
  
D:\a\11obs\11obs\imgui\imgui.h(818,5): error C2923: 'ImVector': 'ImGuiColumnsSet' is not a valid template type argument for parameter 'T' [D:\a\11obs\11obs\UDPStreamer.vcxproj]
  (compiling source file 'main.cpp')
      D:\a\11obs\11obs\imgui\imgui.h(818,14):
      see declaration of 'ImGuiColumnsSet'
  
D:\a\11obs\11obs\imgui\imgui.h(818,31): error C2955: 'ImVector': use of class template requires template argument list [D:\a\11obs\11obs\UDPStreamer.vcxproj]
  (compiling source file 'main.cpp')
      D:\a\11obs\11obs\imgui\imgui.h(579,8):
      see declaration of 'ImVector'
  
D:\a\11obs\11obs\imgui\imgui.h(819,14): error C2065: 'ImGuiGroupData': undeclared identifier [D:\a\11obs\11obs\UDPStreamer.vcxproj]
  (compiling source file 'main.cpp')
  
D:\a\11obs\11obs\imgui\imgui.h(819,14): error C1003: error count exceeds 100; stopping compilation [D:\a\11obs\11obs\UDPStreamer.vcxproj]
  (compiling source file 'main.cpp')
  
C:\Program Files (x86)\Windows Kits\10\Include\10.0.26100.0\um\d3d11.h(106,19): warning C4099: 'ID3D11Texture2D': type name first seen using 'class' now seen using 'struct' [D:\a\11obs\11obs\UDPStreamer.vcxproj]
  (compiling source file 'core/ScreenCapture.cpp')
      D:\a\11obs\11obs\core\ScreenCapture.h(10,7):
      see declaration of 'ID3D11Texture2D'
  
C:\Program Files (x86)\Windows Kits\10\Include\10.0.26100.0\um\d3d11.h(260,19): warning C4099: 'ID3D11DeviceContext': type name first seen using 'class' now seen using 'struct' [D:\a\11obs\11obs\UDPStreamer.vcxproj]
  (compiling source file 'core/ScreenCapture.cpp')
      D:\a\11obs\11obs\core\ScreenCapture.h(9,7):
      see declaration of 'ID3D11DeviceContext'
  
C:\Program Files (x86)\Windows Kits\10\Include\10.0.26100.0\um\d3d11.h(337,19): warning C4099: 'ID3D11Device': type name first seen using 'class' now seen using 'struct' [D:\a\11obs\11obs\UDPStreamer.vcxproj]
  (compiling source file 'core/ScreenCapture.cpp')
      D:\a\11obs\11obs\core\ScreenCapture.h(8,7):
      see declaration of 'ID3D11Device'
  
C:\Program Files (x86)\Windows Kits\10\Include\10.0.26100.0\shared\dxgi.h(66,19): warning C4099: 'IDXGIResource': type name first seen using 'class' now seen using 'struct' [D:\a\11obs\11obs\UDPStreamer.vcxproj]
  (compiling source file 'core/ScreenCapture.cpp')
      D:\a\11obs\11obs\core\ScreenCapture.h(13,7):
      see declaration of 'IDXGIResource'
  
C:\Program Files (x86)\Windows Kits\10\Include\10.0.26100.0\shared\dxgi.h(101,19): warning C4099: 'IDXGIOutput': type name first seen using 'class' now seen using 'struct' [D:\a\11obs\11obs\UDPStreamer.vcxproj]
  (compiling source file 'core/ScreenCapture.cpp')
      D:\a\11obs\11obs\core\ScreenCapture.h(12,7):
      see declaration of 'IDXGIOutput'
  
C:\Program Files (x86)\Windows Kits\10\Include\10.0.26100.0\shared\dxgi.h(607,5): warning C4099: 'IDXGIResource': type name first seen using 'class' now seen using 'struct' [D:\a\11obs\11obs\UDPStreamer.vcxproj]
  (compiling source file 'core/ScreenCapture.cpp')
      C:\Program Files (x86)\Windows Kits\10\Include\10.0.26100.0\shared\dxgi.h(607,5):
      see declaration of 'IDXGIResource'
  
C:\Program Files (x86)\Windows Kits\10\Include\10.0.26100.0\shared\dxgi.h(1504,5): warning C4099: 'IDXGIOutput': type name first seen using 'class' now seen using 'struct' [D:\a\11obs\11obs\UDPStreamer.vcxproj]
  (compiling source file 'core/ScreenCapture.cpp')
      C:\Program Files (x86)\Windows Kits\10\Include\10.0.26100.0\shared\dxgi.h(1504,5):
      see declaration of 'IDXGIOutput'
  
C:\Program Files (x86)\Windows Kits\10\Include\10.0.26100.0\um\d3d11.h(2880,5): warning C4099: 'ID3D11Texture2D': type name first seen using 'class' now seen using 'struct' [D:\a\11obs\11obs\UDPStreamer.vcxproj]
  (compiling source file 'core/ScreenCapture.cpp')
      C:\Program Files (x86)\Windows Kits\10\Include\10.0.26100.0\um\d3d11.h(2880,5):
      see declaration of 'ID3D11Texture2D'
  
C:\Program Files (x86)\Windows Kits\10\Include\10.0.26100.0\um\d3d11.h(7764,5): warning C4099: 'ID3D11DeviceContext': type name first seen using 'class' now seen using 'struct' [D:\a\11obs\11obs\UDPStreamer.vcxproj]
  (compiling source file 'core/ScreenCapture.cpp')
      C:\Program Files (x86)\Windows Kits\10\Include\10.0.26100.0\um\d3d11.h(7764,5):
      see declaration of 'ID3D11DeviceContext'
  
C:\Program Files (x86)\Windows Kits\10\Include\10.0.26100.0\um\d3d11.h(14144,5): warning C4099: 'ID3D11Device': type name first seen using 'class' now seen using 'struct' [D:\a\11obs\11obs\UDPStreamer.vcxproj]
  (compiling source file 'core/ScreenCapture.cpp')
      C:\Program Files (x86)\Windows Kits\10\Include\10.0.26100.0\um\d3d11.h(14144,5):
      see declaration of 'ID3D11Device'
  
C:\Program Files (x86)\Windows Kits\10\Include\10.0.26100.0\shared\dxgi1_2.h(59,19): warning C4099: 'IDXGIOutputDuplication': type name first seen using 'class' now seen using 'struct' [D:\a\11obs\11obs\UDPStreamer.vcxproj]
  (compiling source file 'core/ScreenCapture.cpp')
      D:\a\11obs\11obs\core\ScreenCapture.h(11,7):
      see declaration of 'IDXGIOutputDuplication'
  
C:\Program Files (x86)\Windows Kits\10\Include\10.0.26100.0\shared\dxgi1_2.h(293,5): warning C4099: 'IDXGIOutputDuplication': type name first seen using 'class' now seen using 'struct' [D:\a\11obs\11obs\UDPStreamer.vcxproj]
  (compiling source file 'core/ScreenCapture.cpp')
      C:\Program Files (x86)\Windows Kits\10\Include\10.0.26100.0\shared\dxgi1_2.h(293,5):
      see declaration of 'IDXGIOutputDuplication'
  
  NVEncoder.cpp
C:\Program Files (x86)\Windows Kits\10\Include\10.0.26100.0\um\d3d11.h(106,19): warning C4099: 'ID3D11Texture2D': type name first seen using 'class' now seen using 'struct' [D:\a\11obs\11obs\UDPStreamer.vcxproj]
  (compiling source file 'core/NVEncoder.cpp')
      D:\a\11obs\11obs\core\NVEncoder.h(10,7):
      see declaration of 'ID3D11Texture2D'
  
C:\Program Files (x86)\Windows Kits\10\Include\10.0.26100.0\um\d3d11.h(260,19): warning C4099: 'ID3D11DeviceContext': type name first seen using 'class' now seen using 'struct' [D:\a\11obs\11obs\UDPStreamer.vcxproj]
  (compiling source file 'core/NVEncoder.cpp')
      D:\a\11obs\11obs\core\NVEncoder.h(9,7):
      see declaration of 'ID3D11DeviceContext'
  
C:\Program Files (x86)\Windows Kits\10\Include\10.0.26100.0\um\d3d11.h(337,19): warning C4099: 'ID3D11Device': type name first seen using 'class' now seen using 'struct' [D:\a\11obs\11obs\UDPStreamer.vcxproj]
  (compiling source file 'core/NVEncoder.cpp')
      D:\a\11obs\11obs\core\NVEncoder.h(8,7):
      see declaration of 'ID3D11Device'
  
C:\Program Files (x86)\Windows Kits\10\Include\10.0.26100.0\um\d3d11.h(2880,5): warning C4099: 'ID3D11Texture2D': type name first seen using 'class' now seen using 'struct' [D:\a\11obs\11obs\UDPStreamer.vcxproj]
  (compiling source file 'core/NVEncoder.cpp')
      C:\Program Files (x86)\Windows Kits\10\Include\10.0.26100.0\um\d3d11.h(2880,5):
      see declaration of 'ID3D11Texture2D'
  
C:\Program Files (x86)\Windows Kits\10\Include\10.0.26100.0\um\d3d11.h(7764,5): warning C4099: 'ID3D11DeviceContext': type name first seen using 'class' now seen using 'struct' [D:\a\11obs\11obs\UDPStreamer.vcxproj]
  (compiling source file 'core/NVEncoder.cpp')
      C:\Program Files (x86)\Windows Kits\10\Include\10.0.26100.0\um\d3d11.h(7764,5):
      see declaration of 'ID3D11DeviceContext'
  
C:\Program Files (x86)\Windows Kits\10\Include\10.0.26100.0\um\d3d11.h(14144,5): warning C4099: 'ID3D11Device': type name first seen using 'class' now seen using 'struct' [D:\a\11obs\11obs\UDPStreamer.vcxproj]
  (compiling source file 'core/NVEncoder.cpp')
      C:\Program Files (x86)\Windows Kits\10\Include\10.0.26100.0\um\d3d11.h(14144,5):
      see declaration of 'ID3D11Device'
  
D:\a\11obs\11obs\core\NVEncoder.cpp(34,20): error C2440: 'initializing': cannot convert from 'void' to 'HRESULT' [D:\a\11obs\11obs\UDPStreamer.vcxproj]
      D:\a\11obs\11obs\core\NVEncoder.cpp(34,20):
      Expressions of type void cannot be converted to other types
  
  UdpSender.cpp
  StreamController.cpp
D:\a\11obs\11obs\app\StreamController.h(56,19): error C2079: 'StreamController::screenCapture' uses undefined class 'ScreenCapture' [D:\a\11obs\11obs\UDPStreamer.vcxproj]
  (compiling source file 'app/StreamController.cpp')
  
D:\a\11obs\11obs\app\StreamController.h(57,15): error C2079: 'StreamController::encoder' uses undefined class 'NVEncoder' [D:\a\11obs\11obs\UDPStreamer.vcxproj]
  (compiling source file 'app/StreamController.cpp')
  
D:\a\11obs\11obs\app\StreamController.h(58,15): error C2079: 'StreamController::udpSender' uses undefined class 'UdpSender' [D:\a\11obs\11obs\UDPStreamer.vcxproj]
  (compiling source file 'app/StreamController.cpp')
  
D:\a\11obs\11obs\app\StreamController.cpp(337,23): error C2084: function 'int StreamController::getCaptureFPS(void) const' already has a body [D:\a\11obs\11obs\UDPStreamer.vcxproj]
      D:\a\11obs\11obs\app\StreamController.h(36,9):
      see previous definition of 'StreamController::getCaptureFPS'
  
D:\a\11obs\11obs\app\StreamController.cpp(341,23): error C2084: function 'int StreamController::getEncodeFPS(void) const' already has a body [D:\a\11obs\11obs\UDPStreamer.vcxproj]
      D:\a\11obs\11obs\app\StreamController.h(37,9):
      see previous definition of 'StreamController::getEncodeFPS'
  
D:\a\11obs\11obs\app\StreamController.cpp(345,23): error C2084: function 'int StreamController::getSendFPS(void) const' already has a body [D:\a\11obs\11obs\UDPStreamer.vcxproj]
      D:\a\11obs\11obs\app\StreamController.h(38,9):
      see previous definition of 'StreamController::getSendFPS'
  
D:\a\11obs\11obs\app\StreamController.cpp(349,23): error C2084: function 'int StreamController::getBytesSent(void) const' already has a body [D:\a\11obs\11obs\UDPStreamer.vcxproj]
      D:\a\11obs\11obs\app\StreamController.h(39,9):
      see previous definition of 'StreamController::getBytesSent'
  
D:\a\11obs\11obs\app\StreamController.cpp(353,23): error C2084: function 'int StreamController::getPacketsSent(void) const' already has a body [D:\a\11obs\11obs\UDPStreamer.vcxproj]
      D:\a\11obs\11obs\app\StreamController.h(40,9):
      see previous definition of 'StreamController::getPacketsSent'
  
  MainWindow.cpp
D:\a\11obs\11obs\app\StreamController.h(56,19): error C2079: 'StreamController::screenCapture' uses undefined class 'ScreenCapture' [D:\a\11obs\11obs\UDPStreamer.vcxproj]
  (compiling source file 'ui/MainWindow.cpp')
  
D:\a\11obs\11obs\app\StreamController.h(57,15): error C2079: 'StreamController::encoder' uses undefined class 'NVEncoder' [D:\a\11obs\11obs\UDPStreamer.vcxproj]
  (compiling source file 'ui/MainWindow.cpp')
  
D:\a\11obs\11obs\app\StreamController.h(58,15): error C2079: 'StreamController::udpSender' uses undefined class 'UdpSender' [D:\a\11obs\11obs\UDPStreamer.vcxproj]
  (compiling source file 'ui/MainWindow.cpp')
  
D:\a\11obs\11obs\imgui\imgui.h(617,11): error C3646: 'col': unknown override specifier [D:\a\11obs\11obs\UDPStreamer.vcxproj]
  (compiling source file 'ui/MainWindow.cpp')
  
D:\a\11obs\11obs\imgui\imgui.h(617,5): error C4430: missing type specifier - int assumed. Note: C++ does not support default-int [D:\a\11obs\11obs\UDPStreamer.vcxproj]
  (compiling source file 'ui/MainWindow.cpp')
  
D:\a\11obs\11obs\imgui\imgui.h(619,55): error C2061: syntax error: identifier 'ImU32' [D:\a\11obs\11obs\UDPStreamer.vcxproj]
  (compiling source file 'ui/MainWindow.cpp')
  
D:\a\11obs\11obs\imgui\imgui.h(618,41): error C2614: 'ImDrawVert': illegal member initialization: 'col' is not a base or member [D:\a\11obs\11obs\UDPStreamer.vcxproj]
  (compiling source file 'ui/MainWindow.cpp')
  
D:\a\11obs\11obs\imgui\imgui.h(619,93): error C2065: '_col': undeclared identifier [D:\a\11obs\11obs\UDPStreamer.vcxproj]
  (compiling source file 'ui/MainWindow.cpp')
  
D:\a\11obs\11obs\imgui\imgui.h(619,89): error C2614: 'ImDrawVert': illegal member initialization: 'col' is not a base or member [D:\a\11obs\11obs\UDPStreamer.vcxproj]
  (compiling source file 'ui/MainWindow.cpp')
  
D:\a\11obs\11obs\imgui\imgui.h(627,113): error C2440: 'initializing': cannot convert from 'int' to 'ImDrawCmdFlags' [D:\a\11obs\11obs\UDPStreamer.vcxproj]
  (compiling source file 'ui/MainWindow.cpp')
      D:\a\11obs\11obs\imgui\imgui.h(627,113):
      Conversion to enumeration type requires an explicit cast (static_cast, C-style cast or parenthesized function-style cast)
  
D:\a\11obs\11obs\imgui\imgui.h(627,113): error C2439: 'ImDrawCmd::flags': member could not be initialized [D:\a\11obs\11obs\UDPStreamer.vcxproj]
  (compiling source file 'ui/MainWindow.cpp')
      D:\a\11obs\11obs\imgui\imgui.h(633,20):
      see declaration of 'ImDrawCmd::flags'
  
D:\a\11obs\11obs\imgui\imgui.h(640,67): error C2440: 'initializing': cannot convert from 'int' to 'ImDrawListFlags' [D:\a\11obs\11obs\UDPStreamer.vcxproj]
  (compiling source file 'ui/MainWindow.cpp')
      D:\a\11obs\11obs\imgui\imgui.h(640,67):
      Conversion to enumeration type requires an explicit cast (static_cast, C-style cast or parenthesized function-style cast)
  
D:\a\11obs\11obs\imgui\imgui.h(640,67): error C2439: 'ImDrawList::flags': member could not be initialized [D:\a\11obs\11obs\UDPStreamer.vcxproj]
  (compiling source file 'ui/MainWindow.cpp')
      D:\a\11obs\11obs\imgui\imgui.h(644,21):
      see declaration of 'ImDrawList::flags'
  
D:\a\11obs\11obs\imgui\imgui.h(672,13): error C3646: 'codepoint': unknown override specifier [D:\a\11obs\11obs\UDPStreamer.vcxproj]
  (compiling source file 'ui/MainWindow.cpp')
  
D:\a\11obs\11obs\imgui\imgui.h(672,5): error C4430: missing type specifier - int assumed. Note: C++ does not support default-int [D:\a\11obs\11obs\UDPStreamer.vcxproj]
  (compiling source file 'ui/MainWindow.cpp')
  
D:\a\11obs\11obs\imgui\imgui.h(671,21): error C2614: 'ImFontGlyph': illegal member initialization: 'codepoint' is not a base or member [D:\a\11obs\11obs\UDPStreamer.vcxproj]
  (compiling source file 'ui/MainWindow.cpp')
  
D:\a\11obs\11obs\imgui\imgui.h(688,5): error C4430: missing type specifier - int assumed. Note: C++ does not support default-int [D:\a\11obs\11obs\UDPStreamer.vcxproj]
  (compiling source file 'ui/MainWindow.cpp')
  
D:\a\11obs\11obs\imgui\imgui.h(688,18): error C2143: syntax error: missing ';' before '*' [D:\a\11obs\11obs\UDPStreamer.vcxproj]
  (compiling source file 'ui/MainWindow.cpp')
  
D:\a\11obs\11obs\imgui\imgui.h(688,31): error C2238: unexpected token(s) preceding ';' [D:\a\11obs\11obs\UDPStreamer.vcxproj]
  (compiling source file 'ui/MainWindow.cpp')
  
D:\a\11obs\11obs\imgui\imgui.h(697,13): error C3646: 'EllipsisChar': unknown override specifier [D:\a\11obs\11obs\UDPStreamer.vcxproj]
  (compiling source file 'ui/MainWindow.cpp')
  
D:\a\11obs\11obs\imgui\imgui.h(697,5): error C4430: missing type specifier - int assumed. Note: C++ does not support default-int [D:\a\11obs\11obs\UDPStreamer.vcxproj]
  (compiling source file 'ui/MainWindow.cpp')
  
D:\a\11obs\11obs\imgui\imgui.h(680,360): error C2789: 'ImFontConfig::ImWchar': an object of const-qualified type must be initialized [D:\a\11obs\11obs\UDPStreamer.vcxproj]
  (compiling source file 'ui/MainWindow.cpp')
      D:\a\11obs\11obs\imgui\imgui.h(688,11):
      see declaration of 'ImFontConfig::ImWchar'
  
D:\a\11obs\11obs\imgui\imgui.h(680,150): error C2614: 'ImFontConfig': illegal member initialization: 'GlyphRanges' is not a base or member [D:\a\11obs\11obs\UDPStreamer.vcxproj]
  (compiling source file 'ui/MainWindow.cpp')
  
D:\a\11obs\11obs\imgui\imgui.h(680,339): error C2614: 'ImFontConfig': illegal member initialization: 'EllipsisChar' is not a base or member [D:\a\11obs\11obs\UDPStreamer.vcxproj]
  (compiling source file 'ui/MainWindow.cpp')
  
D:\a\11obs\11obs\imgui\imgui.h(707,10): error C2143: syntax error: missing ';' before '*' [D:\a\11obs\11obs\UDPStreamer.vcxproj]
  (compiling source file 'ui/MainWindow.cpp')
  
D:\a\11obs\11obs\imgui\imgui.h(707,5): error C4430: missing type specifier - int assumed. Note: C++ does not support default-int [D:\a\11obs\11obs\UDPStreamer.vcxproj]
  (compiling source file 'ui/MainWindow.cpp')
  
D:\a\11obs\11obs\imgui\imgui.h(707,27): error C2238: unexpected token(s) preceding ';' [D:\a\11obs\11obs\UDPStreamer.vcxproj]
  (compiling source file 'ui/MainWindow.cpp')
  
D:\a\11obs\11obs\imgui\imgui.h(710,14): error C2065: 'ImWchar': undeclared identifier [D:\a\11obs\11obs\UDPStreamer.vcxproj]
  (compiling source file 'ui/MainWindow.cpp')
  
D:\a\11obs\11obs\imgui\imgui.h(710,5): error C2923: 'ImVector': 'ImWchar' is not a valid template type argument for parameter 'T' [D:\a\11obs\11obs\UDPStreamer.vcxproj]
  (compiling source file 'ui/MainWindow.cpp')
      D:\a\11obs\11obs\imgui\imgui.h(710,14):
      see declaration of 'ImWchar'
  
D:\a\11obs\11obs\imgui\imgui.h(710,24): error C2955: 'ImVector': use of class template requires template argument list [D:\a\11obs\11obs\UDPStreamer.vcxproj]
  (compiling source file 'ui/MainWindow.cpp')
      D:\a\11obs\11obs\imgui\imgui.h(579,8):
      see declaration of 'ImVector'
  
D:\a\11obs\11obs\imgui\imgui.h(711,14): error C2065: 'ImFontAtlasCustomRect': undeclared identifier [D:\a\11obs\11obs\UDPStreamer.vcxproj]
  (compiling source file 'ui/MainWindow.cpp')
  
D:\a\11obs\11obs\imgui\imgui.h(711,5): error C2923: 'ImVector': 'ImFontAtlasCustomRect' is not a valid template type argument for parameter 'T' [D:\a\11obs\11obs\UDPStreamer.vcxproj]
  (compiling source file 'ui/MainWindow.cpp')
      D:\a\11obs\11obs\imgui\imgui.h(711,14):
      see declaration of 'ImFontAtlasCustomRect'
  
D:\a\11obs\11obs\imgui\imgui.h(711,37): error C2955: 'ImVector': use of class template requires template argument list [D:\a\11obs\11obs\UDPStreamer.vcxproj]
  (compiling source file 'ui/MainWindow.cpp')
      D:\a\11obs\11obs\imgui\imgui.h(579,8):
      see declaration of 'ImVector'
  
D:\a\11obs\11obs\imgui\imgui.h(702,243): error C2440: 'initializing': cannot convert from 'int' to 'ImFontAtlasFlags' [D:\a\11obs\11obs\UDPStreamer.vcxproj]
  (compiling source file 'ui/MainWindow.cpp')
      D:\a\11obs\11obs\imgui\imgui.h(702,243):
      Conversion to enumeration type requires an explicit cast (static_cast, C-style cast or parenthesized function-style cast)
  
D:\a\11obs\11obs\imgui\imgui.h(702,243): error C2439: 'ImFontAtlas::Flags': member could not be initialized [D:\a\11obs\11obs\UDPStreamer.vcxproj]
  (compiling source file 'ui/MainWindow.cpp')
      D:\a\11obs\11obs\imgui\imgui.h(713,22):
      see declaration of 'ImFontAtlas::Flags'
  
D:\a\11obs\11obs\imgui\imgui.h(702,110): error C2614: 'ImFontAtlas': illegal member initialization: 'TexPixelsRgba32' is not a base or member [D:\a\11obs\11obs\UDPStreamer.vcxproj]
  (compiling source file 'ui/MainWindow.cpp')
  
D:\a\11obs\11obs\imgui\imgui.h(730,14): error C2065: 'ImWchar': undeclared identifier [D:\a\11obs\11obs\UDPStreamer.vcxproj]
  (compiling source file 'ui/MainWindow.cpp')
  
D:\a\11obs\11obs\imgui\imgui.h(730,5): error C2923: 'ImVector': 'ImWchar' is not a valid template type argument for parameter 'T' [D:\a\11obs\11obs\UDPStreamer.vcxproj]
  (compiling source file 'ui/MainWindow.cpp')
      D:\a\11obs\11obs\imgui\imgui.h(730,14):
      see declaration of 'ImWchar'
  
D:\a\11obs\11obs\imgui\imgui.h(730,23): error C2955: 'ImVector': use of class template requires template argument list [D:\a\11obs\11obs\UDPStreamer.vcxproj]
  (compiling source file 'ui/MainWindow.cpp')
      D:\a\11obs\11obs\imgui\imgui.h(579,8):
      see declaration of 'ImVector'
  
D:\a\11obs\11obs\imgui\imgui.h(740,13): error C2079: 'ImGuiContext::IO' uses undefined struct 'ImGuiIO' [D:\a\11obs\11obs\UDPStreamer.vcxproj]
  (compiling source file 'ui/MainWindow.cpp')
  
D:\a\11obs\11obs\imgui\imgui.h(741,16): error C2079: 'ImGuiContext::Style' uses undefined struct 'ImGuiStyle' [D:\a\11obs\11obs\UDPStreamer.vcxproj]
  (compiling source file 'ui/MainWindow.cpp')
  
D:\a\11obs\11obs\imgui\imgui.h(746,13): error C3646: 'HoveredId': unknown override specifier [D:\a\11obs\11obs\UDPStreamer.vcxproj]
  (compiling source file 'ui/MainWindow.cpp')
  
D:\a\11obs\11obs\imgui\imgui.h(746,5): error C4430: missing type specifier - int assumed. Note: C++ does not support default-int [D:\a\11obs\11obs\UDPStreamer.vcxproj]
  (compiling source file 'ui/MainWindow.cpp')
  
D:\a\11obs\11obs\imgui\imgui.h(747,13): error C3646: 'ActiveId': unknown override specifier [D:\a\11obs\11obs\UDPStreamer.vcxproj]
  (compiling source file 'ui/MainWindow.cpp')
  
D:\a\11obs\11obs\imgui\imgui.h(747,5): error C4430: missing type specifier - int assumed. Note: C++ does not support default-int [D:\a\11obs\11obs\UDPStreamer.vcxproj]
  (compiling source file 'ui/MainWindow.cpp')
  
D:\a\11obs\11obs\imgui\imgui.h(751,17): error C2143: syntax error: missing ';' before '*' [D:\a\11obs\11obs\UDPStreamer.vcxproj]
  (compiling source file 'ui/MainWindow.cpp')
  
D:\a\11obs\11obs\imgui\imgui.h(751,5): error C4430: missing type specifier - int assumed. Note: C++ does not support default-int [D:\a\11obs\11obs\UDPStreamer.vcxproj]
  (compiling source file 'ui/MainWindow.cpp')
  
D:\a\11obs\11obs\imgui\imgui.h(751,34): error C2238: unexpected token(s) preceding ';' [D:\a\11obs\11obs\UDPStreamer.vcxproj]
  (compiling source file 'ui/MainWindow.cpp')
  
D:\a\11obs\11obs\imgui\imgui.h(752,24): error C3646: 'DragDropSourceFlags': unknown override specifier [D:\a\11obs\11obs\UDPStreamer.vcxproj]
  (compiling source file 'ui/MainWindow.cpp')
  
D:\a\11obs\11obs\imgui\imgui.h(752,5): error C4430: missing type specifier - int assumed. Note: C++ does not support default-int [D:\a\11obs\11obs\UDPStreamer.vcxproj]
  (compiling source file 'ui/MainWindow.cpp')
  
D:\a\11obs\11obs\imgui\imgui.h(772,22): error C3646: 'KeyMods': unknown override specifier [D:\a\11obs\11obs\UDPStreamer.vcxproj]
  (compiling source file 'ui/MainWindow.cpp')
  
D:\a\11obs\11obs\imgui\imgui.h(772,5): error C4430: missing type specifier - int assumed. Note: C++ does not support default-int [D:\a\11obs\11obs\UDPStreamer.vcxproj]
  (compiling source file 'ui/MainWindow.cpp')
  
D:\a\11obs\11obs\imgui\imgui.h(777,14): error C2065: 'ImWchar': undeclared identifier [D:\a\11obs\11obs\UDPStreamer.vcxproj]
  (compiling source file 'ui/MainWindow.cpp')
  
D:\a\11obs\11obs\imgui\imgui.h(777,5): error C2923: 'ImVector': 'ImWchar' is not a valid template type argument for parameter 'T' [D:\a\11obs\11obs\UDPStreamer.vcxproj]
  (compiling source file 'ui/MainWindow.cpp')
      D:\a\11obs\11obs\imgui\imgui.h(777,14):
      see declaration of 'ImWchar'
  
D:\a\11obs\11obs\imgui\imgui.h(777,23): error C2955: 'ImVector': use of class template requires template argument list [D:\a\11obs\11obs\UDPStreamer.vcxproj]
  (compiling source file 'ui/MainWindow.cpp')
      D:\a\11obs\11obs\imgui\imgui.h(579,8):
      see declaration of 'ImVector'
  
D:\a\11obs\11obs\imgui\imgui.h(778,24): error C2143: syntax error: missing ';' before '*' [D:\a\11obs\11obs\UDPStreamer.vcxproj]
  (compiling source file 'ui/MainWindow.cpp')
  
D:\a\11obs\11obs\imgui\imgui.h(778,5): error C4430: missing type specifier - int assumed. Note: C++ does not support default-int [D:\a\11obs\11obs\UDPStreamer.vcxproj]
  (compiling source file 'ui/MainWindow.cpp')
  
D:\a\11obs\11obs\imgui\imgui.h(778,40): error C2238: unexpected token(s) preceding ';' [D:\a\11obs\11obs\UDPStreamer.vcxproj]
  (compiling source file 'ui/MainWindow.cpp')
  
D:\a\11obs\11obs\imgui\imgui.h(790,13): error C3646: 'NavId': unknown override specifier [D:\a\11obs\11obs\UDPStreamer.vcxproj]
  (compiling source file 'ui/MainWindow.cpp')
  
D:\a\11obs\11obs\imgui\imgui.h(790,5): error C4430: missing type specifier - int assumed. Note: C++ does not support default-int [D:\a\11obs\11obs\UDPStreamer.vcxproj]
  (compiling source file 'ui/MainWindow.cpp')
  
D:\a\11obs\11obs\imgui\imgui.h(791,13): error C3646: 'NavIdPrev': unknown override specifier [D:\a\11obs\11obs\UDPStreamer.vcxproj]
  (compiling source file 'ui/MainWindow.cpp')
  
D:\a\11obs\11obs\imgui\imgui.h(791,5): error C4430: missing type specifier - int assumed. Note: C++ does not support default-int [D:\a\11obs\11obs\UDPStreamer.vcxproj]
  (compiling source file 'ui/MainWindow.cpp')
  
D:\a\11obs\11obs\imgui\imgui.h(797,14): error C2065: 'ImGuiNavItemData': undeclared identifier [D:\a\11obs\11obs\UDPStreamer.vcxproj]
  (compiling source file 'ui/MainWindow.cpp')
  
D:\a\11obs\11obs\imgui\imgui.h(797,5): error C2923: 'ImVector': 'ImGuiNavItemData' is not a valid template type argument for parameter 'T' [D:\a\11obs\11obs\UDPStreamer.vcxproj]
  (compiling source file 'ui/MainWindow.cpp')
      D:\a\11obs\11obs\imgui\imgui.h(797,14):
      see declaration of 'ImGuiNavItemData'
  
D:\a\11obs\11obs\imgui\imgui.h(797,32): error C2955: 'ImVector': use of class template requires template argument list [D:\a\11obs\11obs\UDPStreamer.vcxproj]
  (compiling source file 'ui/MainWindow.cpp')
      D:\a\11obs\11obs\imgui\imgui.h(579,8):
      see declaration of 'ImVector'
  
D:\a\11obs\11obs\imgui\imgui.h(803,20): error C2143: syntax error: missing ';' before '*' [D:\a\11obs\11obs\UDPStreamer.vcxproj]
  (compiling source file 'ui/MainWindow.cpp')
  
D:\a\11obs\11obs\imgui\imgui.h(803,5): error C4430: missing type specifier - int assumed. Note: C++ does not support default-int [D:\a\11obs\11obs\UDPStreamer.vcxproj]
  (compiling source file 'ui/MainWindow.cpp')
  
D:\a\11obs\11obs\imgui\imgui.h(803,32): error C2238: unexpected token(s) preceding ';' [D:\a\11obs\11obs\UDPStreamer.vcxproj]
  (compiling source file 'ui/MainWindow.cpp')
  
D:\a\11obs\11obs\imgui\imgui.h(805,12): error C2143: syntax error: missing ';' before '*' [D:\a\11obs\11obs\UDPStreamer.vcxproj]
  (compiling source file 'ui/MainWindow.cpp')
  
D:\a\11obs\11obs\imgui\imgui.h(805,5): error C4430: missing type specifier - int assumed. Note: C++ does not support default-int [D:\a\11obs\11obs\UDPStreamer.vcxproj]
  (compiling source file 'ui/MainWindow.cpp')
  
D:\a\11obs\11obs\imgui\imgui.h(805,37): error C2238: unexpected token(s) preceding ';' [D:\a\11obs\11obs\UDPStreamer.vcxproj]
  (compiling source file 'ui/MainWindow.cpp')
  
D:\a\11obs\11obs\imgui\imgui.h(806,12): error C2143: syntax error: missing ';' before '*' [D:\a\11obs\11obs\UDPStreamer.vcxproj]
  (compiling source file 'ui/MainWindow.cpp')
  
D:\a\11obs\11obs\imgui\imgui.h(806,5): error C4430: missing type specifier - int assumed. Note: C++ does not support default-int [D:\a\11obs\11obs\UDPStreamer.vcxproj]
  (compiling source file 'ui/MainWindow.cpp')
  
D:\a\11obs\11obs\imgui\imgui.h(806,36): error C2238: unexpected token(s) preceding ';' [D:\a\11obs\11obs\UDPStreamer.vcxproj]
  (compiling source file 'ui/MainWindow.cpp')
  
D:\a\11obs\11obs\imgui\imgui.h(811,14): error C2065: 'ImGuiItemFlags': undeclared identifier [D:\a\11obs\11obs\UDPStreamer.vcxproj]
  (compiling source file 'ui/MainWindow.cpp')
  
D:\a\11obs\11obs\imgui\imgui.h(811,5): error C2923: 'ImVector': 'ImGuiItemFlags' is not a valid template type argument for parameter 'T' [D:\a\11obs\11obs\UDPStreamer.vcxproj]
  (compiling source file 'ui/MainWindow.cpp')
      D:\a\11obs\11obs\imgui\imgui.h(811,14):
      see declaration of 'ImGuiItemFlags'
  
D:\a\11obs\11obs\imgui\imgui.h(811,30): error C2955: 'ImVector': use of class template requires template argument list [D:\a\11obs\11obs\UDPStreamer.vcxproj]
  (compiling source file 'ui/MainWindow.cpp')
      D:\a\11obs\11obs\imgui\imgui.h(579,8):
      see declaration of 'ImVector'
  
D:\a\11obs\11obs\imgui\imgui.h(818,14): error C2065: 'ImGuiColumnsSet': undeclared identifier [D:\a\11obs\11obs\UDPStreamer.vcxproj]
  (compiling source file 'ui/MainWindow.cpp')
  
D:\a\11obs\11obs\imgui\imgui.h(818,5): error C2923: 'ImVector': 'ImGuiColumnsSet' is not a valid template type argument for parameter 'T' [D:\a\11obs\11obs\UDPStreamer.vcxproj]
  (compiling source file 'ui/MainWindow.cpp')
      D:\a\11obs\11obs\imgui\imgui.h(818,14):
      see declaration of 'ImGuiColumnsSet'
  
D:\a\11obs\11obs\imgui\imgui.h(818,31): error C2955: 'ImVector': use of class template requires template argument list [D:\a\11obs\11obs\UDPStreamer.vcxproj]
  (compiling source file 'ui/MainWindow.cpp')
      D:\a\11obs\11obs\imgui\imgui.h(579,8):
      see declaration of 'ImVector'
  
D:\a\11obs\11obs\imgui\imgui.h(819,14): error C2065: 'ImGuiGroupData': undeclared identifier [D:\a\11obs\11obs\UDPStreamer.vcxproj]
  (compiling source file 'ui/MainWindow.cpp')
  
D:\a\11obs\11obs\imgui\imgui.h(819,5): error C2923: 'ImVector': 'ImGuiGroupData' is not a valid template type argument for parameter 'T' [D:\a\11obs\11obs\UDPStreamer.vcxproj]
  (compiling source file 'ui/MainWindow.cpp')
      D:\a\11obs\11obs\imgui\imgui.h(819,14):
      see declaration of 'ImGuiGroupData'
  
D:\a\11obs\11obs\imgui\imgui.h(819,30): error C2955: 'ImVector': use of class template requires template argument list [D:\a\11obs\11obs\UDPStreamer.vcxproj]
  (compiling source file 'ui/MainWindow.cpp')
      D:\a\11obs\11obs\imgui\imgui.h(579,8):
      see declaration of 'ImVector'
  
D:\a\11obs\11obs\imgui\imgui.h(820,14): error C2065: 'ImGuiTabBar': undeclared identifier [D:\a\11obs\11obs\UDPStreamer.vcxproj]
  (compiling source file 'ui/MainWindow.cpp')
  
D:\a\11obs\11obs\imgui\imgui.h(820,26): error C2059: syntax error: '>' [D:\a\11obs\11obs\UDPStreamer.vcxproj]
  (compiling source file 'ui/MainWindow.cpp')
  
D:\a\11obs\11obs\imgui\imgui.h(821,14): error C2065: 'ImGuiMenuBarData': undeclared identifier [D:\a\11obs\11obs\UDPStreamer.vcxproj]
  (compiling source file 'ui/MainWindow.cpp')
  
D:\a\11obs\11obs\imgui\imgui.h(821,5): error C2923: 'ImVector': 'ImGuiMenuBarData' is not a valid template type argument for parameter 'T' [D:\a\11obs\11obs\UDPStreamer.vcxproj]
  (compiling source file 'ui/MainWindow.cpp')
      D:\a\11obs\11obs\imgui\imgui.h(821,14):
      see declaration of 'ImGuiMenuBarData'
  
D:\a\11obs\11obs\imgui\imgui.h(821,32): error C2955: 'ImVector': use of class template requires template argument list [D:\a\11obs\11obs\UDPStreamer.vcxproj]
  (compiling source file 'ui/MainWindow.cpp')
      D:\a\11obs\11obs\imgui\imgui.h(579,8):
      see declaration of 'ImVector'
  
  imgui.cpp
D:\a\11obs\11obs\imgui\imgui.h(739,437): error C2059: syntax error: '[' [D:\a\11obs\11obs\UDPStreamer.vcxproj]
  (compiling source file 'ui/MainWindow.cpp')
  
D:\a\11obs\11obs\imgui\imgui.h(739,2294): error C2512: 'ImVector': no appropriate default constructor available [D:\a\11obs\11obs\UDPStreamer.vcxproj]
  (compiling source file 'ui/MainWindow.cpp')
      D:\a\11obs\11obs\imgui\imgui.h(579,8):
      see declaration of 'ImVector'
  
D:\a\11obs\11obs\imgui\imgui.h(739,105): error C2614: 'ImGuiContext': illegal member initialization: 'HoveredId' is not a base or member [D:\a\11obs\11obs\UDPStreamer.vcxproj]
  (compiling source file 'ui/MainWindow.cpp')
  
D:\a\11obs\11obs\imgui\imgui.h(739,125): error C2614: 'ImGuiContext': illegal member initialization: 'ActiveId' is not a base or member [D:\a\11obs\11obs\UDPStreamer.vcxproj]
  (compiling source file 'ui/MainWindow.cpp')
  
D:\a\11obs\11obs\imgui\imgui.h(739,214): error C2614: 'ImGuiContext': illegal member initialization: 'DragDropPayload' is not a base or member [D:\a\11obs\11obs\UDPStreamer.vcxproj]
  (compiling source file 'ui/MainWindow.cpp')
  
D:\a\11obs\11obs\imgui\imgui.h(739,214): error C1003: error count exceeds 100; stopping compilation [D:\a\11obs\11obs\UDPStreamer.vcxproj]
  (compiling source file 'ui/MainWindow.cpp')
  
D:\a\11obs\11obs\imgui\imgui.h(617,11): error C3646: 'col': unknown override specifier [D:\a\11obs\11obs\UDPStreamer.vcxproj]
  (compiling source file 'imgui/imgui.cpp')
  
D:\a\11obs\11obs\imgui\imgui.h(617,5): error C4430: missing type specifier - int assumed. Note: C++ does not support default-int [D:\a\11obs\11obs\UDPStreamer.vcxproj]
  (compiling source file 'imgui/imgui.cpp')
  
D:\a\11obs\11obs\imgui\imgui.h(619,55): error C2061: syntax error: identifier 'ImU32' [D:\a\11obs\11obs\UDPStreamer.vcxproj]
  (compiling source file 'imgui/imgui.cpp')
  
D:\a\11obs\11obs\imgui\imgui.h(618,41): error C2614: 'ImDrawVert': illegal member initialization: 'col' is not a base or member [D:\a\11obs\11obs\UDPStreamer.vcxproj]
  (compiling source file 'imgui/imgui.cpp')
  
D:\a\11obs\11obs\imgui\imgui.h(619,93): error C2065: '_col': undeclared identifier [D:\a\11obs\11obs\UDPStreamer.vcxproj]
  (compiling source file 'imgui/imgui.cpp')
  
D:\a\11obs\11obs\imgui\imgui.h(619,89): error C2614: 'ImDrawVert': illegal member initialization: 'col' is not a base or member [D:\a\11obs\11obs\UDPStreamer.vcxproj]
  (compiling source file 'imgui/imgui.cpp')
  
D:\a\11obs\11obs\imgui\imgui.h(627,113): error C2440: 'initializing': cannot convert from 'int' to 'ImDrawCmdFlags' [D:\a\11obs\11obs\UDPStreamer.vcxproj]
  (compiling source file 'imgui/imgui.cpp')
      D:\a\11obs\11obs\imgui\imgui.h(627,113):
      Conversion to enumeration type requires an explicit cast (static_cast, C-style cast or parenthesized function-style cast)
  
D:\a\11obs\11obs\imgui\imgui.h(627,113): error C2439: 'ImDrawCmd::flags': member could not be initialized [D:\a\11obs\11obs\UDPStreamer.vcxproj]
  (compiling source file 'imgui/imgui.cpp')
      D:\a\11obs\11obs\imgui\imgui.h(633,20):
      see declaration of 'ImDrawCmd::flags'
  
D:\a\11obs\11obs\imgui\imgui.h(641,10): error C2039: 'vector': is not a member of 'std' [D:\a\11obs\11obs\UDPStreamer.vcxproj]
  (compiling source file 'imgui/imgui.cpp')
      C:\Program Files (x86)\Windows Kits\10\Include\10.0.26100.0\ucrt\stddef.h(23,15):
      see declaration of 'std'
  
D:\a\11obs\11obs\imgui\imgui.h(641,16): error C2143: syntax error: missing ';' before '<' [D:\a\11obs\11obs\UDPStreamer.vcxproj]
  (compiling source file 'imgui/imgui.cpp')
  
D:\a\11obs\11obs\imgui\imgui.h(641,10): error C4430: missing type specifier - int assumed. Note: C++ does not support default-int [D:\a\11obs\11obs\UDPStreamer.vcxproj]
  (compiling source file 'imgui/imgui.cpp')
  
D:\a\11obs\11obs\imgui\imgui.h(641,39): error C2238: unexpected token(s) preceding ';' [D:\a\11obs\11obs\UDPStreamer.vcxproj]
  (compiling source file 'imgui/imgui.cpp')
  
D:\a\11obs\11obs\imgui\imgui.h(642,10): error C2039: 'vector': is not a member of 'std' [D:\a\11obs\11obs\UDPStreamer.vcxproj]
  (compiling source file 'imgui/imgui.cpp')
      C:\Program Files (x86)\Windows Kits\10\Include\10.0.26100.0\ucrt\stddef.h(23,15):
      see declaration of 'std'
  
D:\a\11obs\11obs\imgui\imgui.h(642,16): error C2143: syntax error: missing ';' before '<' [D:\a\11obs\11obs\UDPStreamer.vcxproj]
  (compiling source file 'imgui/imgui.cpp')
  
D:\a\11obs\11obs\imgui\imgui.h(642,10): error C4430: missing type specifier - int assumed. Note: C++ does not support default-int [D:\a\11obs\11obs\UDPStreamer.vcxproj]
  (compiling source file 'imgui/imgui.cpp')
  
D:\a\11obs\11obs\imgui\imgui.h(642,38): error C2238: unexpected token(s) preceding ';' [D:\a\11obs\11obs\UDPStreamer.vcxproj]
  (compiling source file 'imgui/imgui.cpp')
  
D:\a\11obs\11obs\imgui\imgui.h(643,10): error C2039: 'vector': is not a member of 'std' [D:\a\11obs\11obs\UDPStreamer.vcxproj]
  (compiling source file 'imgui/imgui.cpp')
      C:\Program Files (x86)\Windows Kits\10\Include\10.0.26100.0\ucrt\stddef.h(23,15):
      see declaration of 'std'
  
D:\a\11obs\11obs\imgui\imgui.h(643,16): error C2143: syntax error: missing ';' before '<' [D:\a\11obs\11obs\UDPStreamer.vcxproj]
  (compiling source file 'imgui/imgui.cpp')
  
D:\a\11obs\11obs\imgui\imgui.h(643,10): error C4430: missing type specifier - int assumed. Note: C++ does not support default-int [D:\a\11obs\11obs\UDPStreamer.vcxproj]
  (compiling source file 'imgui/imgui.cpp')
  
D:\a\11obs\11obs\imgui\imgui.h(643,38): error C2238: unexpected token(s) preceding ';' [D:\a\11obs\11obs\UDPStreamer.vcxproj]
  (compiling source file 'imgui/imgui.cpp')
  
D:\a\11obs\11obs\imgui\imgui.h(648,10): error C2039: 'vector': is not a member of 'std' [D:\a\11obs\11obs\UDPStreamer.vcxproj]
  (compiling source file 'imgui/imgui.cpp')
      C:\Program Files (x86)\Windows Kits\10\Include\10.0.26100.0\ucrt\stddef.h(23,15):
      see declaration of 'std'
  
D:\a\11obs\11obs\imgui\imgui.h(648,16): error C2143: syntax error: missing ';' before '<' [D:\a\11obs\11obs\UDPStreamer.vcxproj]
  (compiling source file 'imgui/imgui.cpp')
  
D:\a\11obs\11obs\imgui\imgui.h(648,10): error C4430: missing type specifier - int assumed. Note: C++ does not support default-int [D:\a\11obs\11obs\UDPStreamer.vcxproj]
  (compiling source file 'imgui/imgui.cpp')
  
D:\a\11obs\11obs\imgui\imgui.h(648,40): error C2238: unexpected token(s) preceding ';' [D:\a\11obs\11obs\UDPStreamer.vcxproj]
  (compiling source file 'imgui/imgui.cpp')
  
D:\a\11obs\11obs\imgui\imgui.h(649,10): error C2039: 'vector': is not a member of 'std' [D:\a\11obs\11obs\UDPStreamer.vcxproj]
  (compiling source file 'imgui/imgui.cpp')
      C:\Program Files (x86)\Windows Kits\10\Include\10.0.26100.0\ucrt\stddef.h(23,15):
      see declaration of 'std'
  
D:\a\11obs\11obs\imgui\imgui.h(649,16): error C2143: syntax error: missing ';' before '<' [D:\a\11obs\11obs\UDPStreamer.vcxproj]
  (compiling source file 'imgui/imgui.cpp')
  
D:\a\11obs\11obs\imgui\imgui.h(649,10): error C4430: missing type specifier - int assumed. Note: C++ does not support default-int [D:\a\11obs\11obs\UDPStreamer.vcxproj]
  (compiling source file 'imgui/imgui.cpp')
  
D:\a\11obs\11obs\imgui\imgui.h(649,40): error C2238: unexpected token(s) preceding ';' [D:\a\11obs\11obs\UDPStreamer.vcxproj]
  (compiling source file 'imgui/imgui.cpp')
  
D:\a\11obs\11obs\imgui\imgui.h(651,10): error C2039: 'vector': is not a member of 'std' [D:\a\11obs\11obs\UDPStreamer.vcxproj]
  (compiling source file 'imgui/imgui.cpp')
      C:\Program Files (x86)\Windows Kits\10\Include\10.0.26100.0\ucrt\stddef.h(23,15):
      see declaration of 'std'
  
D:\a\11obs\11obs\imgui\imgui.h(651,16): error C2143: syntax error: missing ';' before '<' [D:\a\11obs\11obs\UDPStreamer.vcxproj]
  (compiling source file 'imgui/imgui.cpp')
  
D:\a\11obs\11obs\imgui\imgui.h(651,10): error C4430: missing type specifier - int assumed. Note: C++ does not support default-int [D:\a\11obs\11obs\UDPStreamer.vcxproj]
  (compiling source file 'imgui/imgui.cpp')
  
D:\a\11obs\11obs\imgui\imgui.h(651,38): error C2238: unexpected token(s) preceding ';' [D:\a\11obs\11obs\UDPStreamer.vcxproj]
  (compiling source file 'imgui/imgui.cpp')
  
D:\a\11obs\11obs\imgui\imgui.h(640,67): error C2440: 'initializing': cannot convert from 'int' to 'ImDrawListFlags' [D:\a\11obs\11obs\UDPStreamer.vcxproj]
  (compiling source file 'imgui/imgui.cpp')
      D:\a\11obs\11obs\imgui\imgui.h(640,67):
      Conversion to enumeration type requires an explicit cast (static_cast, C-style cast or parenthesized function-style cast)
  
D:\a\11obs\11obs\imgui\imgui.h(640,67): error C2439: 'ImDrawList::flags': member could not be initialized [D:\a\11obs\11obs\UDPStreamer.vcxproj]
  (compiling source file 'imgui/imgui.cpp')
      D:\a\11obs\11obs\imgui\imgui.h(644,21):
      see declaration of 'ImDrawList::flags'
  
D:\a\11obs\11obs\imgui\imgui.h(640,20): error C2614: 'ImDrawList': illegal member initialization: 'vtx_buffer' is not a base or member [D:\a\11obs\11obs\UDPStreamer.vcxproj]
  (compiling source file 'imgui/imgui.cpp')
  
D:\a\11obs\11obs\imgui\imgui.h(640,34): error C2614: 'ImDrawList': illegal member initialization: 'idx_buffer' is not a base or member [D:\a\11obs\11obs\UDPStreamer.vcxproj]
  (compiling source file 'imgui/imgui.cpp')
  
D:\a\11obs\11obs\imgui\imgui.h(640,48): error C2614: 'ImDrawList': illegal member initialization: 'cmd_buffer' is not a base or member [D:\a\11obs\11obs\UDPStreamer.vcxproj]
  (compiling source file 'imgui/imgui.cpp')
  
D:\a\11obs\11obs\imgui\imgui.h(640,133): error C2614: 'ImDrawList': illegal member initialization: 'clip_rect_stack' is not a base or member [D:\a\11obs\11obs\UDPStreamer.vcxproj]
  (compiling source file 'imgui/imgui.cpp')
  
D:\a\11obs\11obs\imgui\imgui.h(640,152): error C2614: 'ImDrawList': illegal member initialization: 'texture_id_stack' is not a base or member [D:\a\11obs\11obs\UDPStreamer.vcxproj]
  (compiling source file 'imgui/imgui.cpp')
  
D:\a\11obs\11obs\imgui\imgui.h(640,198): error C2614: 'ImDrawList': illegal member initialization: 'channels' is not a base or member [D:\a\11obs\11obs\UDPStreamer.vcxproj]
  (compiling source file 'imgui/imgui.cpp')
  
D:\a\11obs\11obs\imgui\imgui.h(672,13): error C3646: 'codepoint': unknown override specifier [D:\a\11obs\11obs\UDPStreamer.vcxproj]
  (compiling source file 'imgui/imgui.cpp')
  
D:\a\11obs\11obs\imgui\imgui.h(672,5): error C4430: missing type specifier - int assumed. Note: C++ does not support default-int [D:\a\11obs\11obs\UDPStreamer.vcxproj]
  (compiling source file 'imgui/imgui.cpp')
  
D:\a\11obs\11obs\imgui\imgui.h(671,21): error C2614: 'ImFontGlyph': illegal member initialization: 'codepoint' is not a base or member [D:\a\11obs\11obs\UDPStreamer.vcxproj]
  (compiling source file 'imgui/imgui.cpp')
  
D:\a\11obs\11obs\imgui\imgui.h(688,5): error C4430: missing type specifier - int assumed. Note: C++ does not support default-int [D:\a\11obs\11obs\UDPStreamer.vcxproj]
  (compiling source file 'imgui/imgui.cpp')
  
D:\a\11obs\11obs\imgui\imgui.h(688,18): error C2143: syntax error: missing ';' before '*' [D:\a\11obs\11obs\UDPStreamer.vcxproj]
  (compiling source file 'imgui/imgui.cpp')
  
D:\a\11obs\11obs\imgui\imgui.h(688,31): error C2238: unexpected token(s) preceding ';' [D:\a\11obs\11obs\UDPStreamer.vcxproj]
  (compiling source file 'imgui/imgui.cpp')
  
D:\a\11obs\11obs\imgui\imgui.h(697,13): error C3646: 'EllipsisChar': unknown override specifier [D:\a\11obs\11obs\UDPStreamer.vcxproj]
  (compiling source file 'imgui/imgui.cpp')
  
D:\a\11obs\11obs\imgui\imgui.h(697,5): error C4430: missing type specifier - int assumed. Note: C++ does not support default-int [D:\a\11obs\11obs\UDPStreamer.vcxproj]
  (compiling source file 'imgui/imgui.cpp')
  
D:\a\11obs\11obs\imgui\imgui.h(680,360): error C2789: 'ImFontConfig::ImWchar': an object of const-qualified type must be initialized [D:\a\11obs\11obs\UDPStreamer.vcxproj]
  (compiling source file 'imgui/imgui.cpp')
      D:\a\11obs\11obs\imgui\imgui.h(688,11):
      see declaration of 'ImFontConfig::ImWchar'
  
D:\a\11obs\11obs\imgui\imgui.h(680,150): error C2614: 'ImFontConfig': illegal member initialization: 'GlyphRanges' is not a base or member [D:\a\11obs\11obs\UDPStreamer.vcxproj]
  (compiling source file 'imgui/imgui.cpp')
  
D:\a\11obs\11obs\imgui\imgui.h(680,339): error C2614: 'ImFontConfig': illegal member initialization: 'EllipsisChar' is not a base or member [D:\a\11obs\11obs\UDPStreamer.vcxproj]
  (compiling source file 'imgui/imgui.cpp')
  
D:\a\11obs\11obs\imgui\imgui.h(707,10): error C2143: syntax error: missing ';' before '*' [D:\a\11obs\11obs\UDPStreamer.vcxproj]
  (compiling source file 'imgui/imgui.cpp')
  
D:\a\11obs\11obs\imgui\imgui.h(707,5): error C4430: missing type specifier - int assumed. Note: C++ does not support default-int [D:\a\11obs\11obs\UDPStreamer.vcxproj]
  (compiling source file 'imgui/imgui.cpp')
  
D:\a\11obs\11obs\imgui\imgui.h(707,27): error C2238: unexpected token(s) preceding ';' [D:\a\11obs\11obs\UDPStreamer.vcxproj]
  (compiling source file 'imgui/imgui.cpp')
  
D:\a\11obs\11obs\imgui\imgui.h(710,14): error C2065: 'ImWchar': undeclared identifier [D:\a\11obs\11obs\UDPStreamer.vcxproj]
  (compiling source file 'imgui/imgui.cpp')
  
D:\a\11obs\11obs\imgui\imgui.h(710,5): error C2923: 'ImVector': 'ImWchar' is not a valid template type argument for parameter 'T' [D:\a\11obs\11obs\UDPStreamer.vcxproj]
  (compiling source file 'imgui/imgui.cpp')
      D:\a\11obs\11obs\imgui\imgui.h(710,14):
      see declaration of 'ImWchar'
  
D:\a\11obs\11obs\imgui\imgui.h(710,24): error C2955: 'ImVector': use of class template requires template argument list [D:\a\11obs\11obs\UDPStreamer.vcxproj]
  (compiling source file 'imgui/imgui.cpp')
      D:\a\11obs\11obs\imgui\imgui.h(579,8):
      see declaration of 'ImVector'
  
D:\a\11obs\11obs\imgui\imgui.h(711,14): error C2065: 'ImFontAtlasCustomRect': undeclared identifier [D:\a\11obs\11obs\UDPStreamer.vcxproj]
  (compiling source file 'imgui/imgui.cpp')
  
D:\a\11obs\11obs\imgui\imgui.h(711,5): error C2923: 'ImVector': 'ImFontAtlasCustomRect' is not a valid template type argument for parameter 'T' [D:\a\11obs\11obs\UDPStreamer.vcxproj]
  (compiling source file 'imgui/imgui.cpp')
      D:\a\11obs\11obs\imgui\imgui.h(711,14):
      see declaration of 'ImFontAtlasCustomRect'
  
D:\a\11obs\11obs\imgui\imgui.h(711,37): error C2955: 'ImVector': use of class template requires template argument list [D:\a\11obs\11obs\UDPStreamer.vcxproj]
  (compiling source file 'imgui/imgui.cpp')
      D:\a\11obs\11obs\imgui\imgui.h(579,8):
      see declaration of 'ImVector'
  
D:\a\11obs\11obs\imgui\imgui.h(702,243): error C2440: 'initializing': cannot convert from 'int' to 'ImFontAtlasFlags' [D:\a\11obs\11obs\UDPStreamer.vcxproj]
  (compiling source file 'imgui/imgui.cpp')
      D:\a\11obs\11obs\imgui\imgui.h(702,243):
      Conversion to enumeration type requires an explicit cast (static_cast, C-style cast or parenthesized function-style cast)
  
D:\a\11obs\11obs\imgui\imgui.h(702,243): error C2439: 'ImFontAtlas::Flags': member could not be initialized [D:\a\11obs\11obs\UDPStreamer.vcxproj]
  (compiling source file 'imgui/imgui.cpp')
      D:\a\11obs\11obs\imgui\imgui.h(713,22):
      see declaration of 'ImFontAtlas::Flags'
  
D:\a\11obs\11obs\imgui\imgui.h(702,110): error C2614: 'ImFontAtlas': illegal member initialization: 'TexPixelsRgba32' is not a base or member [D:\a\11obs\11obs\UDPStreamer.vcxproj]
  (compiling source file 'imgui/imgui.cpp')
  
D:\a\11obs\11obs\imgui\imgui.h(730,14): error C2065: 'ImWchar': undeclared identifier [D:\a\11obs\11obs\UDPStreamer.vcxproj]
  (compiling source file 'imgui/imgui.cpp')
  
D:\a\11obs\11obs\imgui\imgui.h(730,5): error C2923: 'ImVector': 'ImWchar' is not a valid template type argument for parameter 'T' [D:\a\11obs\11obs\UDPStreamer.vcxproj]
  (compiling source file 'imgui/imgui.cpp')
      D:\a\11obs\11obs\imgui\imgui.h(730,14):
      see declaration of 'ImWchar'
  
D:\a\11obs\11obs\imgui\imgui.h(730,23): error C2955: 'ImVector': use of class template requires template argument list [D:\a\11obs\11obs\UDPStreamer.vcxproj]
  (compiling source file 'imgui/imgui.cpp')
      D:\a\11obs\11obs\imgui\imgui.h(579,8):
      see declaration of 'ImVector'
  
D:\a\11obs\11obs\imgui\imgui.h(740,13): error C2079: 'ImGuiContext::IO' uses undefined struct 'ImGuiIO' [D:\a\11obs\11obs\UDPStreamer.vcxproj]
  (compiling source file 'imgui/imgui.cpp')
  
D:\a\11obs\11obs\imgui\imgui.h(741,16): error C2079: 'ImGuiContext::Style' uses undefined struct 'ImGuiStyle' [D:\a\11obs\11obs\UDPStreamer.vcxproj]
  (compiling source file 'imgui/imgui.cpp')
  
D:\a\11obs\11obs\imgui\imgui.h(746,13): error C3646: 'HoveredId': unknown override specifier [D:\a\11obs\11obs\UDPStreamer.vcxproj]
  (compiling source file 'imgui/imgui.cpp')
  
D:\a\11obs\11obs\imgui\imgui.h(746,5): error C4430: missing type specifier - int assumed. Note: C++ does not support default-int [D:\a\11obs\11obs\UDPStreamer.vcxproj]
  (compiling source file 'imgui/imgui.cpp')
  
D:\a\11obs\11obs\imgui\imgui.h(747,13): error C3646: 'ActiveId': unknown override specifier [D:\a\11obs\11obs\UDPStreamer.vcxproj]
  (compiling source file 'imgui/imgui.cpp')
  
D:\a\11obs\11obs\imgui\imgui.h(747,5): error C4430: missing type specifier - int assumed. Note: C++ does not support default-int [D:\a\11obs\11obs\UDPStreamer.vcxproj]
  (compiling source file 'imgui/imgui.cpp')
  
D:\a\11obs\11obs\imgui\imgui.h(751,17): error C2143: syntax error: missing ';' before '*' [D:\a\11obs\11obs\UDPStreamer.vcxproj]
  (compiling source file 'imgui/imgui.cpp')
  
D:\a\11obs\11obs\imgui\imgui.h(751,5): error C4430: missing type specifier - int assumed. Note: C++ does not support default-int [D:\a\11obs\11obs\UDPStreamer.vcxproj]
  (compiling source file 'imgui/imgui.cpp')
  
D:\a\11obs\11obs\imgui\imgui.h(751,34): error C2238: unexpected token(s) preceding ';' [D:\a\11obs\11obs\UDPStreamer.vcxproj]
  (compiling source file 'imgui/imgui.cpp')
  
D:\a\11obs\11obs\imgui\imgui.h(752,24): error C3646: 'DragDropSourceFlags': unknown override specifier [D:\a\11obs\11obs\UDPStreamer.vcxproj]
  (compiling source file 'imgui/imgui.cpp')
  
D:\a\11obs\11obs\imgui\imgui.h(752,5): error C4430: missing type specifier - int assumed. Note: C++ does not support default-int [D:\a\11obs\11obs\UDPStreamer.vcxproj]
  (compiling source file 'imgui/imgui.cpp')
  
D:\a\11obs\11obs\imgui\imgui.h(772,22): error C3646: 'KeyMods': unknown override specifier [D:\a\11obs\11obs\UDPStreamer.vcxproj]
  (compiling source file 'imgui/imgui.cpp')
  
D:\a\11obs\11obs\imgui\imgui.h(772,5): error C4430: missing type specifier - int assumed. Note: C++ does not support default-int [D:\a\11obs\11obs\UDPStreamer.vcxproj]
  (compiling source file 'imgui/imgui.cpp')
  
D:\a\11obs\11obs\imgui\imgui.h(777,14): error C2065: 'ImWchar': undeclared identifier [D:\a\11obs\11obs\UDPStreamer.vcxproj]
  (compiling source file 'imgui/imgui.cpp')
  
D:\a\11obs\11obs\imgui\imgui.h(777,5): error C2923: 'ImVector': 'ImWchar' is not a valid template type argument for parameter 'T' [D:\a\11obs\11obs\UDPStreamer.vcxproj]
  (compiling source file 'imgui/imgui.cpp')
      D:\a\11obs\11obs\imgui\imgui.h(777,14):
      see declaration of 'ImWchar'
  
D:\a\11obs\11obs\imgui\imgui.h(777,23): error C2955: 'ImVector': use of class template requires template argument list [D:\a\11obs\11obs\UDPStreamer.vcxproj]
  (compiling source file 'imgui/imgui.cpp')
      D:\a\11obs\11obs\imgui\imgui.h(579,8):
      see declaration of 'ImVector'
  
D:\a\11obs\11obs\imgui\imgui.h(778,24): error C2143: syntax error: missing ';' before '*' [D:\a\11obs\11obs\UDPStreamer.vcxproj]
  (compiling source file 'imgui/imgui.cpp')
  
D:\a\11obs\11obs\imgui\imgui.h(778,5): error C4430: missing type specifier - int assumed. Note: C++ does not support default-int [D:\a\11obs\11obs\UDPStreamer.vcxproj]
  (compiling source file 'imgui/imgui.cpp')
  
D:\a\11obs\11obs\imgui\imgui.h(778,40): error C2238: unexpected token(s) preceding ';' [D:\a\11obs\11obs\UDPStreamer.vcxproj]
  (compiling source file 'imgui/imgui.cpp')
  
D:\a\11obs\11obs\imgui\imgui.h(790,13): error C3646: 'NavId': unknown override specifier [D:\a\11obs\11obs\UDPStreamer.vcxproj]
  (compiling source file 'imgui/imgui.cpp')
  
D:\a\11obs\11obs\imgui\imgui.h(790,5): error C4430: missing type specifier - int assumed. Note: C++ does not support default-int [D:\a\11obs\11obs\UDPStreamer.vcxproj]
  (compiling source file 'imgui/imgui.cpp')
  
D:\a\11obs\11obs\imgui\imgui.h(791,13): error C3646: 'NavIdPrev': unknown override specifier [D:\a\11obs\11obs\UDPStreamer.vcxproj]
  (compiling source file 'imgui/imgui.cpp')
  
D:\a\11obs\11obs\imgui\imgui.h(791,5): error C4430: missing type specifier - int assumed. Note: C++ does not support default-int [D:\a\11obs\11obs\UDPStreamer.vcxproj]
  (compiling source file 'imgui/imgui.cpp')
  
D:\a\11obs\11obs\imgui\imgui.h(797,14): error C2065: 'ImGuiNavItemData': undeclared identifier [D:\a\11obs\11obs\UDPStreamer.vcxproj]
  (compiling source file 'imgui/imgui.cpp')
  
D:\a\11obs\11obs\imgui\imgui.h(797,5): error C2923: 'ImVector': 'ImGuiNavItemData' is not a valid template type argument for parameter 'T' [D:\a\11obs\11obs\UDPStreamer.vcxproj]
  (compiling source file 'imgui/imgui.cpp')
      D:\a\11obs\11obs\imgui\imgui.h(797,14):
      see declaration of 'ImGuiNavItemData'
  
D:\a\11obs\11obs\imgui\imgui.h(797,32): error C2955: 'ImVector': use of class template requires template argument list [D:\a\11obs\11obs\UDPStreamer.vcxproj]
  (compiling source file 'imgui/imgui.cpp')
      D:\a\11obs\11obs\imgui\imgui.h(579,8):
      see declaration of 'ImVector'
  
D:\a\11obs\11obs\imgui\imgui.h(803,20): error C2143: syntax error: missing ';' before '*' [D:\a\11obs\11obs\UDPStreamer.vcxproj]
  (compiling source file 'imgui/imgui.cpp')
  
D:\a\11obs\11obs\imgui\imgui.h(803,5): error C4430: missing type specifier - int assumed. Note: C++ does not support default-int [D:\a\11obs\11obs\UDPStreamer.vcxproj]
  (compiling source file 'imgui/imgui.cpp')
  
D:\a\11obs\11obs\imgui\imgui.h(803,32): error C2238: unexpected token(s) preceding ';' [D:\a\11obs\11obs\UDPStreamer.vcxproj]
  (compiling source file 'imgui/imgui.cpp')
  
D:\a\11obs\11obs\imgui\imgui.h(805,12): error C2143: syntax error: missing ';' before '*' [D:\a\11obs\11obs\UDPStreamer.vcxproj]
  (compiling source file 'imgui/imgui.cpp')
  
D:\a\11obs\11obs\imgui\imgui.h(805,5): error C4430: missing type specifier - int assumed. Note: C++ does not support default-int [D:\a\11obs\11obs\UDPStreamer.vcxproj]
  (compiling source file 'imgui/imgui.cpp')
  
D:\a\11obs\11obs\imgui\imgui.h(805,37): error C2238: unexpected token(s) preceding ';' [D:\a\11obs\11obs\UDPStreamer.vcxproj]
  (compiling source file 'imgui/imgui.cpp')
  
D:\a\11obs\11obs\imgui\imgui.h(806,12): error C2143: syntax error: missing ';' before '*' [D:\a\11obs\11obs\UDPStreamer.vcxproj]
  (compiling source file 'imgui/imgui.cpp')
  
D:\a\11obs\11obs\imgui\imgui.h(806,5): error C4430: missing type specifier - int assumed. Note: C++ does not support default-int [D:\a\11obs\11obs\UDPStreamer.vcxproj]
  (compiling source file 'imgui/imgui.cpp')
  
D:\a\11obs\11obs\imgui\imgui.h(806,36): error C2238: unexpected token(s) preceding ';' [D:\a\11obs\11obs\UDPStreamer.vcxproj]
  (compiling source file 'imgui/imgui.cpp')
  
D:\a\11obs\11obs\imgui\imgui.h(811,14): error C2065: 'ImGuiItemFlags': undeclared identifier [D:\a\11obs\11obs\UDPStreamer.vcxproj]
  (compiling source file 'imgui/imgui.cpp')
  
D:\a\11obs\11obs\imgui\imgui.h(811,5): error C2923: 'ImVector': 'ImGuiItemFlags' is not a valid template type argument for parameter 'T' [D:\a\11obs\11obs\UDPStreamer.vcxproj]
  (compiling source file 'imgui/imgui.cpp')
      D:\a\11obs\11obs\imgui\imgui.h(811,14):
      see declaration of 'ImGuiItemFlags'
  
D:\a\11obs\11obs\imgui\imgui.h(811,30): error C2955: 'ImVector': use of class template requires template argument list [D:\a\11obs\11obs\UDPStreamer.vcxproj]
  (compiling source file 'imgui/imgui.cpp')
      D:\a\11obs\11obs\imgui\imgui.h(579,8):
      see declaration of 'ImVector'
  
D:\a\11obs\11obs\imgui\imgui.h(818,14): error C2065: 'ImGuiColumnsSet': undeclared identifier [D:\a\11obs\11obs\UDPStreamer.vcxproj]
  (compiling source file 'imgui/imgui.cpp')
  
D:\a\11obs\11obs\imgui\imgui.h(818,5): error C2923: 'ImVector': 'ImGuiColumnsSet' is not a valid template type argument for parameter 'T' [D:\a\11obs\11obs\UDPStreamer.vcxproj]
  (compiling source file 'imgui/imgui.cpp')
      D:\a\11obs\11obs\imgui\imgui.h(818,14):
      see declaration of 'ImGuiColumnsSet'
  
D:\a\11obs\11obs\imgui\imgui.h(818,31): error C2955: 'ImVector': use of class template requires template argument list [D:\a\11obs\11obs\UDPStreamer.vcxproj]
  (compiling source file 'imgui/imgui.cpp')
      D:\a\11obs\11obs\imgui\imgui.h(579,8):
      see declaration of 'ImVector'
  
D:\a\11obs\11obs\imgui\imgui.h(819,14): error C2065: 'ImGuiGroupData': undeclared identifier [D:\a\11obs\11obs\UDPStreamer.vcxproj]
  (compiling source file 'imgui/imgui.cpp')
  
D:\a\11obs\11obs\imgui\imgui.h(819,14): error C1003: error count exceeds 100; stopping compilation [D:\a\11obs\11obs\UDPStreamer.vcxproj]
  (compiling source file 'imgui/imgui.cpp')
  
  imgui_draw.cpp
D:\a\11obs\11obs\imgui\imgui.h(617,11): error C3646: 'col': unknown override specifier [D:\a\11obs\11obs\UDPStreamer.vcxproj]
  (compiling source file 'imgui/imgui_draw.cpp')
  
D:\a\11obs\11obs\imgui\imgui.h(617,5): error C4430: missing type specifier - int assumed. Note: C++ does not support default-int [D:\a\11obs\11obs\UDPStreamer.vcxproj]
  (compiling source file 'imgui/imgui_draw.cpp')
  
D:\a\11obs\11obs\imgui\imgui.h(619,55): error C2061: syntax error: identifier 'ImU32' [D:\a\11obs\11obs\UDPStreamer.vcxproj]
  (compiling source file 'imgui/imgui_draw.cpp')
  
D:\a\11obs\11obs\imgui\imgui.h(618,41): error C2614: 'ImDrawVert': illegal member initialization: 'col' is not a base or member [D:\a\11obs\11obs\UDPStreamer.vcxproj]
  (compiling source file 'imgui/imgui_draw.cpp')
  
D:\a\11obs\11obs\imgui\imgui.h(619,93): error C2065: '_col': undeclared identifier [D:\a\11obs\11obs\UDPStreamer.vcxproj]
  (compiling source file 'imgui/imgui_draw.cpp')
  
D:\a\11obs\11obs\imgui\imgui.h(619,89): error C2614: 'ImDrawVert': illegal member initialization: 'col' is not a base or member [D:\a\11obs\11obs\UDPStreamer.vcxproj]
  (compiling source file 'imgui/imgui_draw.cpp')
  
D:\a\11obs\11obs\imgui\imgui.h(627,113): error C2440: 'initializing': cannot convert from 'int' to 'ImDrawCmdFlags' [D:\a\11obs\11obs\UDPStreamer.vcxproj]
  (compiling source file 'imgui/imgui_draw.cpp')
      D:\a\11obs\11obs\imgui\imgui.h(627,113):
      Conversion to enumeration type requires an explicit cast (static_cast, C-style cast or parenthesized function-style cast)
  
D:\a\11obs\11obs\imgui\imgui.h(627,113): error C2439: 'ImDrawCmd::flags': member could not be initialized [D:\a\11obs\11obs\UDPStreamer.vcxproj]
  (compiling source file 'imgui/imgui_draw.cpp')
      D:\a\11obs\11obs\imgui\imgui.h(633,20):
      see declaration of 'ImDrawCmd::flags'
  
D:\a\11obs\11obs\imgui\imgui.h(641,10): error C2039: 'vector': is not a member of 'std' [D:\a\11obs\11obs\UDPStreamer.vcxproj]
  (compiling source file 'imgui/imgui_draw.cpp')
      C:\Program Files (x86)\Windows Kits\10\Include\10.0.26100.0\ucrt\stddef.h(23,15):
      see declaration of 'std'
  
D:\a\11obs\11obs\imgui\imgui.h(641,16): error C2143: syntax error: missing ';' before '<' [D:\a\11obs\11obs\UDPStreamer.vcxproj]
  (compiling source file 'imgui/imgui_draw.cpp')
  
D:\a\11obs\11obs\imgui\imgui.h(641,10): error C4430: missing type specifier - int assumed. Note: C++ does not support default-int [D:\a\11obs\11obs\UDPStreamer.vcxproj]
  (compiling source file 'imgui/imgui_draw.cpp')
  
D:\a\11obs\11obs\imgui\imgui.h(641,39): error C2238: unexpected token(s) preceding ';' [D:\a\11obs\11obs\UDPStreamer.vcxproj]
  (compiling source file 'imgui/imgui_draw.cpp')
  
D:\a\11obs\11obs\imgui\imgui.h(642,10): error C2039: 'vector': is not a member of 'std' [D:\a\11obs\11obs\UDPStreamer.vcxproj]
  (compiling source file 'imgui/imgui_draw.cpp')
      C:\Program Files (x86)\Windows Kits\10\Include\10.0.26100.0\ucrt\stddef.h(23,15):
      see declaration of 'std'
  
D:\a\11obs\11obs\imgui\imgui.h(642,16): error C2143: syntax error: missing ';' before '<' [D:\a\11obs\11obs\UDPStreamer.vcxproj]
  (compiling source file 'imgui/imgui_draw.cpp')
  
D:\a\11obs\11obs\imgui\imgui.h(642,10): error C4430: missing type specifier - int assumed. Note: C++ does not support default-int [D:\a\11obs\11obs\UDPStreamer.vcxproj]
  (compiling source file 'imgui/imgui_draw.cpp')
  
D:\a\11obs\11obs\imgui\imgui.h(642,38): error C2238: unexpected token(s) preceding ';' [D:\a\11obs\11obs\UDPStreamer.vcxproj]
  (compiling source file 'imgui/imgui_draw.cpp')
  
D:\a\11obs\11obs\imgui\imgui.h(643,10): error C2039: 'vector': is not a member of 'std' [D:\a\11obs\11obs\UDPStreamer.vcxproj]
  (compiling source file 'imgui/imgui_draw.cpp')
      C:\Program Files (x86)\Windows Kits\10\Include\10.0.26100.0\ucrt\stddef.h(23,15):
      see declaration of 'std'
  
D:\a\11obs\11obs\imgui\imgui.h(643,16): error C2143: syntax error: missing ';' before '<' [D:\a\11obs\11obs\UDPStreamer.vcxproj]
  (compiling source file 'imgui/imgui_draw.cpp')
  
D:\a\11obs\11obs\imgui\imgui.h(643,10): error C4430: missing type specifier - int assumed. Note: C++ does not support default-int [D:\a\11obs\11obs\UDPStreamer.vcxproj]
  (compiling source file 'imgui/imgui_draw.cpp')
  
D:\a\11obs\11obs\imgui\imgui.h(643,38): error C2238: unexpected token(s) preceding ';' [D:\a\11obs\11obs\UDPStreamer.vcxproj]
  (compiling source file 'imgui/imgui_draw.cpp')
  
D:\a\11obs\11obs\imgui\imgui.h(648,10): error C2039: 'vector': is not a member of 'std' [D:\a\11obs\11obs\UDPStreamer.vcxproj]
  (compiling source file 'imgui/imgui_draw.cpp')
      C:\Program Files (x86)\Windows Kits\10\Include\10.0.26100.0\ucrt\stddef.h(23,15):
      see declaration of 'std'
  
D:\a\11obs\11obs\imgui\imgui.h(648,16): error C2143: syntax error: missing ';' before '<' [D:\a\11obs\11obs\UDPStreamer.vcxproj]
  (compiling source file 'imgui/imgui_draw.cpp')
  
D:\a\11obs\11obs\imgui\imgui.h(648,10): error C4430: missing type specifier - int assumed. Note: C++ does not support default-int [D:\a\11obs\11obs\UDPStreamer.vcxproj]
  (compiling source file 'imgui/imgui_draw.cpp')
  
D:\a\11obs\11obs\imgui\imgui.h(648,40): error C2238: unexpected token(s) preceding ';' [D:\a\11obs\11obs\UDPStreamer.vcxproj]
  (compiling source file 'imgui/imgui_draw.cpp')
  
D:\a\11obs\11obs\imgui\imgui.h(649,10): error C2039: 'vector': is not a member of 'std' [D:\a\11obs\11obs\UDPStreamer.vcxproj]
  (compiling source file 'imgui/imgui_draw.cpp')
      C:\Program Files (x86)\Windows Kits\10\Include\10.0.26100.0\ucrt\stddef.h(23,15):
      see declaration of 'std'
  
D:\a\11obs\11obs\imgui\imgui.h(649,16): error C2143: syntax error: missing ';' before '<' [D:\a\11obs\11obs\UDPStreamer.vcxproj]
  (compiling source file 'imgui/imgui_draw.cpp')
  
D:\a\11obs\11obs\imgui\imgui.h(649,10): error C4430: missing type specifier - int assumed. Note: C++ does not support default-int [D:\a\11obs\11obs\UDPStreamer.vcxproj]
  (compiling source file 'imgui/imgui_draw.cpp')
  
D:\a\11obs\11obs\imgui\imgui.h(649,40): error C2238: unexpected token(s) preceding ';' [D:\a\11obs\11obs\UDPStreamer.vcxproj]
  (compiling source file 'imgui/imgui_draw.cpp')
  
D:\a\11obs\11obs\imgui\imgui.h(651,10): error C2039: 'vector': is not a member of 'std' [D:\a\11obs\11obs\UDPStreamer.vcxproj]
  (compiling source file 'imgui/imgui_draw.cpp')
      C:\Program Files (x86)\Windows Kits\10\Include\10.0.26100.0\ucrt\stddef.h(23,15):
      see declaration of 'std'
  
D:\a\11obs\11obs\imgui\imgui.h(651,16): error C2143: syntax error: missing ';' before '<' [D:\a\11obs\11obs\UDPStreamer.vcxproj]
  (compiling source file 'imgui/imgui_draw.cpp')
  
D:\a\11obs\11obs\imgui\imgui.h(651,10): error C4430: missing type specifier - int assumed. Note: C++ does not support default-int [D:\a\11obs\11obs\UDPStreamer.vcxproj]
  (compiling source file 'imgui/imgui_draw.cpp')
  
D:\a\11obs\11obs\imgui\imgui.h(651,38): error C2238: unexpected token(s) preceding ';' [D:\a\11obs\11obs\UDPStreamer.vcxproj]
  (compiling source file 'imgui/imgui_draw.cpp')
  
D:\a\11obs\11obs\imgui\imgui.h(640,67): error C2440: 'initializing': cannot convert from 'int' to 'ImDrawListFlags' [D:\a\11obs\11obs\UDPStreamer.vcxproj]
  (compiling source file 'imgui/imgui_draw.cpp')
      D:\a\11obs\11obs\imgui\imgui.h(640,67):
      Conversion to enumeration type requires an explicit cast (static_cast, C-style cast or parenthesized function-style cast)
  
D:\a\11obs\11obs\imgui\imgui.h(640,67): error C2439: 'ImDrawList::flags': member could not be initialized [D:\a\11obs\11obs\UDPStreamer.vcxproj]
  (compiling source file 'imgui/imgui_draw.cpp')
      D:\a\11obs\11obs\imgui\imgui.h(644,21):
      see declaration of 'ImDrawList::flags'
  
D:\a\11obs\11obs\imgui\imgui.h(640,20): error C2614: 'ImDrawList': illegal member initialization: 'vtx_buffer' is not a base or member [D:\a\11obs\11obs\UDPStreamer.vcxproj]
  (compiling source file 'imgui/imgui_draw.cpp')
  
D:\a\11obs\11obs\imgui\imgui.h(640,34): error C2614: 'ImDrawList': illegal member initialization: 'idx_buffer' is not a base or member [D:\a\11obs\11obs\UDPStreamer.vcxproj]
  (compiling source file 'imgui/imgui_draw.cpp')
  
D:\a\11obs\11obs\imgui\imgui.h(640,48): error C2614: 'ImDrawList': illegal member initialization: 'cmd_buffer' is not a base or member [D:\a\11obs\11obs\UDPStreamer.vcxproj]
  (compiling source file 'imgui/imgui_draw.cpp')
  
D:\a\11obs\11obs\imgui\imgui.h(640,133): error C2614: 'ImDrawList': illegal member initialization: 'clip_rect_stack' is not a base or member [D:\a\11obs\11obs\UDPStreamer.vcxproj]
  (compiling source file 'imgui/imgui_draw.cpp')
  
D:\a\11obs\11obs\imgui\imgui.h(640,152): error C2614: 'ImDrawList': illegal member initialization: 'texture_id_stack' is not a base or member [D:\a\11obs\11obs\UDPStreamer.vcxproj]
  (compiling source file 'imgui/imgui_draw.cpp')
  
D:\a\11obs\11obs\imgui\imgui.h(640,198): error C2614: 'ImDrawList': illegal member initialization: 'channels' is not a base or member [D:\a\11obs\11obs\UDPStreamer.vcxproj]
  (compiling source file 'imgui/imgui_draw.cpp')
  
D:\a\11obs\11obs\imgui\imgui.h(672,13): error C3646: 'codepoint': unknown override specifier [D:\a\11obs\11obs\UDPStreamer.vcxproj]
  (compiling source file 'imgui/imgui_draw.cpp')
  
D:\a\11obs\11obs\imgui\imgui.h(672,5): error C4430: missing type specifier - int assumed. Note: C++ does not support default-int [D:\a\11obs\11obs\UDPStreamer.vcxproj]
  (compiling source file 'imgui/imgui_draw.cpp')
  
D:\a\11obs\11obs\imgui\imgui.h(671,21): error C2614: 'ImFontGlyph': illegal member initialization: 'codepoint' is not a base or member [D:\a\11obs\11obs\UDPStreamer.vcxproj]
  (compiling source file 'imgui/imgui_draw.cpp')
  
D:\a\11obs\11obs\imgui\imgui.h(688,5): error C4430: missing type specifier - int assumed. Note: C++ does not support default-int [D:\a\11obs\11obs\UDPStreamer.vcxproj]
  (compiling source file 'imgui/imgui_draw.cpp')
  
D:\a\11obs\11obs\imgui\imgui.h(688,18): error C2143: syntax error: missing ';' before '*' [D:\a\11obs\11obs\UDPStreamer.vcxproj]
  (compiling source file 'imgui/imgui_draw.cpp')
  
D:\a\11obs\11obs\imgui\imgui.h(688,31): error C2238: unexpected token(s) preceding ';' [D:\a\11obs\11obs\UDPStreamer.vcxproj]
  (compiling source file 'imgui/imgui_draw.cpp')
  
D:\a\11obs\11obs\imgui\imgui.h(697,13): error C3646: 'EllipsisChar': unknown override specifier [D:\a\11obs\11obs\UDPStreamer.vcxproj]
  (compiling source file 'imgui/imgui_draw.cpp')
  
D:\a\11obs\11obs\imgui\imgui.h(697,5): error C4430: missing type specifier - int assumed. Note: C++ does not support default-int [D:\a\11obs\11obs\UDPStreamer.vcxproj]
  (compiling source file 'imgui/imgui_draw.cpp')
  
D:\a\11obs\11obs\imgui\imgui.h(680,360): error C2789: 'ImFontConfig::ImWchar': an object of const-qualified type must be initialized [D:\a\11obs\11obs\UDPStreamer.vcxproj]
  (compiling source file 'imgui/imgui_draw.cpp')
      D:\a\11obs\11obs\imgui\imgui.h(688,11):
      see declaration of 'ImFontConfig::ImWchar'
  
D:\a\11obs\11obs\imgui\imgui.h(680,150): error C2614: 'ImFontConfig': illegal member initialization: 'GlyphRanges' is not a base or member [D:\a\11obs\11obs\UDPStreamer.vcxproj]
  (compiling source file 'imgui/imgui_draw.cpp')
  
D:\a\11obs\11obs\imgui\imgui.h(680,339): error C2614: 'ImFontConfig': illegal member initialization: 'EllipsisChar' is not a base or member [D:\a\11obs\11obs\UDPStreamer.vcxproj]
  (compiling source file 'imgui/imgui_draw.cpp')
  
D:\a\11obs\11obs\imgui\imgui.h(707,10): error C2143: syntax error: missing ';' before '*' [D:\a\11obs\11obs\UDPStreamer.vcxproj]
  (compiling source file 'imgui/imgui_draw.cpp')
  
D:\a\11obs\11obs\imgui\imgui.h(707,5): error C4430: missing type specifier - int assumed. Note: C++ does not support default-int [D:\a\11obs\11obs\UDPStreamer.vcxproj]
  (compiling source file 'imgui/imgui_draw.cpp')
  
D:\a\11obs\11obs\imgui\imgui.h(707,27): error C2238: unexpected token(s) preceding ';' [D:\a\11obs\11obs\UDPStreamer.vcxproj]
  (compiling source file 'imgui/imgui_draw.cpp')
  
D:\a\11obs\11obs\imgui\imgui.h(710,14): error C2065: 'ImWchar': undeclared identifier [D:\a\11obs\11obs\UDPStreamer.vcxproj]
  (compiling source file 'imgui/imgui_draw.cpp')
  
D:\a\11obs\11obs\imgui\imgui.h(710,5): error C2923: 'ImVector': 'ImWchar' is not a valid template type argument for parameter 'T' [D:\a\11obs\11obs\UDPStreamer.vcxproj]
  (compiling source file 'imgui/imgui_draw.cpp')
      D:\a\11obs\11obs\imgui\imgui.h(710,14):
      see declaration of 'ImWchar'
  
D:\a\11obs\11obs\imgui\imgui.h(710,24): error C2955: 'ImVector': use of class template requires template argument list [D:\a\11obs\11obs\UDPStreamer.vcxproj]
  (compiling source file 'imgui/imgui_draw.cpp')
      D:\a\11obs\11obs\imgui\imgui.h(579,8):
      see declaration of 'ImVector'
  
D:\a\11obs\11obs\imgui\imgui.h(711,14): error C2065: 'ImFontAtlasCustomRect': undeclared identifier [D:\a\11obs\11obs\UDPStreamer.vcxproj]
  (compiling source file 'imgui/imgui_draw.cpp')
  
D:\a\11obs\11obs\imgui\imgui.h(711,5): error C2923: 'ImVector': 'ImFontAtlasCustomRect' is not a valid template type argument for parameter 'T' [D:\a\11obs\11obs\UDPStreamer.vcxproj]
  (compiling source file 'imgui/imgui_draw.cpp')
      D:\a\11obs\11obs\imgui\imgui.h(711,14):
      see declaration of 'ImFontAtlasCustomRect'
  
D:\a\11obs\11obs\imgui\imgui.h(711,37): error C2955: 'ImVector': use of class template requires template argument list [D:\a\11obs\11obs\UDPStreamer.vcxproj]
  (compiling source file 'imgui/imgui_draw.cpp')
      D:\a\11obs\11obs\imgui\imgui.h(579,8):
      see declaration of 'ImVector'
  
D:\a\11obs\11obs\imgui\imgui.h(702,243): error C2440: 'initializing': cannot convert from 'int' to 'ImFontAtlasFlags' [D:\a\11obs\11obs\UDPStreamer.vcxproj]
  (compiling source file 'imgui/imgui_draw.cpp')
      D:\a\11obs\11obs\imgui\imgui.h(702,243):
      Conversion to enumeration type requires an explicit cast (static_cast, C-style cast or parenthesized function-style cast)
  
D:\a\11obs\11obs\imgui\imgui.h(702,243): error C2439: 'ImFontAtlas::Flags': member could not be initialized [D:\a\11obs\11obs\UDPStreamer.vcxproj]
  (compiling source file 'imgui/imgui_draw.cpp')
      D:\a\11obs\11obs\imgui\imgui.h(713,22):
      see declaration of 'ImFontAtlas::Flags'
  
D:\a\11obs\11obs\imgui\imgui.h(702,110): error C2614: 'ImFontAtlas': illegal member initialization: 'TexPixelsRgba32' is not a base or member [D:\a\11obs\11obs\UDPStreamer.vcxproj]
  (compiling source file 'imgui/imgui_draw.cpp')
  
D:\a\11obs\11obs\imgui\imgui.h(730,14): error C2065: 'ImWchar': undeclared identifier [D:\a\11obs\11obs\UDPStreamer.vcxproj]
  (compiling source file 'imgui/imgui_draw.cpp')
  
D:\a\11obs\11obs\imgui\imgui.h(730,5): error C2923: 'ImVector': 'ImWchar' is not a valid template type argument for parameter 'T' [D:\a\11obs\11obs\UDPStreamer.vcxproj]
  (compiling source file 'imgui/imgui_draw.cpp')
      D:\a\11obs\11obs\imgui\imgui.h(730,14):
      see declaration of 'ImWchar'
  
D:\a\11obs\11obs\imgui\imgui.h(730,23): error C2955: 'ImVector': use of class template requires template argument list [D:\a\11obs\11obs\UDPStreamer.vcxproj]
  (compiling source file 'imgui/imgui_draw.cpp')
      D:\a\11obs\11obs\imgui\imgui.h(579,8):
      see declaration of 'ImVector'
  
D:\a\11obs\11obs\imgui\imgui.h(740,13): error C2079: 'ImGuiContext::IO' uses undefined struct 'ImGuiIO' [D:\a\11obs\11obs\UDPStreamer.vcxproj]
  (compiling source file 'imgui/imgui_draw.cpp')
  
D:\a\11obs\11obs\imgui\imgui.h(741,16): error C2079: 'ImGuiContext::Style' uses undefined struct 'ImGuiStyle' [D:\a\11obs\11obs\UDPStreamer.vcxproj]
  (compiling source file 'imgui/imgui_draw.cpp')
  
D:\a\11obs\11obs\imgui\imgui.h(746,13): error C3646: 'HoveredId': unknown override specifier [D:\a\11obs\11obs\UDPStreamer.vcxproj]
  (compiling source file 'imgui/imgui_draw.cpp')
  
D:\a\11obs\11obs\imgui\imgui.h(746,5): error C4430: missing type specifier - int assumed. Note: C++ does not support default-int [D:\a\11obs\11obs\UDPStreamer.vcxproj]
  (compiling source file 'imgui/imgui_draw.cpp')
  
D:\a\11obs\11obs\imgui\imgui.h(747,13): error C3646: 'ActiveId': unknown override specifier [D:\a\11obs\11obs\UDPStreamer.vcxproj]
  (compiling source file 'imgui/imgui_draw.cpp')
  
D:\a\11obs\11obs\imgui\imgui.h(747,5): error C4430: missing type specifier - int assumed. Note: C++ does not support default-int [D:\a\11obs\11obs\UDPStreamer.vcxproj]
  (compiling source file 'imgui/imgui_draw.cpp')
  
D:\a\11obs\11obs\imgui\imgui.h(751,17): error C2143: syntax error: missing ';' before '*' [D:\a\11obs\11obs\UDPStreamer.vcxproj]
  (compiling source file 'imgui/imgui_draw.cpp')
  
D:\a\11obs\11obs\imgui\imgui.h(751,5): error C4430: missing type specifier - int assumed. Note: C++ does not support default-int [D:\a\11obs\11obs\UDPStreamer.vcxproj]
  (compiling source file 'imgui/imgui_draw.cpp')
  
D:\a\11obs\11obs\imgui\imgui.h(751,34): error C2238: unexpected token(s) preceding ';' [D:\a\11obs\11obs\UDPStreamer.vcxproj]
  (compiling source file 'imgui/imgui_draw.cpp')
  
D:\a\11obs\11obs\imgui\imgui.h(752,24): error C3646: 'DragDropSourceFlags': unknown override specifier [D:\a\11obs\11obs\UDPStreamer.vcxproj]
  (compiling source file 'imgui/imgui_draw.cpp')
  
D:\a\11obs\11obs\imgui\imgui.h(752,5): error C4430: missing type specifier - int assumed. Note: C++ does not support default-int [D:\a\11obs\11obs\UDPStreamer.vcxproj]
  (compiling source file 'imgui/imgui_draw.cpp')
  
D:\a\11obs\11obs\imgui\imgui.h(772,22): error C3646: 'KeyMods': unknown override specifier [D:\a\11obs\11obs\UDPStreamer.vcxproj]
  (compiling source file 'imgui/imgui_draw.cpp')
  
D:\a\11obs\11obs\imgui\imgui.h(772,5): error C4430: missing type specifier - int assumed. Note: C++ does not support default-int [D:\a\11obs\11obs\UDPStreamer.vcxproj]
  (compiling source file 'imgui/imgui_draw.cpp')
  
D:\a\11obs\11obs\imgui\imgui.h(777,14): error C2065: 'ImWchar': undeclared identifier [D:\a\11obs\11obs\UDPStreamer.vcxproj]
  (compiling source file 'imgui/imgui_draw.cpp')
  
D:\a\11obs\11obs\imgui\imgui.h(777,5): error C2923: 'ImVector': 'ImWchar' is not a valid template type argument for parameter 'T' [D:\a\11obs\11obs\UDPStreamer.vcxproj]
  (compiling source file 'imgui/imgui_draw.cpp')
      D:\a\11obs\11obs\imgui\imgui.h(777,14):
      see declaration of 'ImWchar'
  
D:\a\11obs\11obs\imgui\imgui.h(777,23): error C2955: 'ImVector': use of class template requires template argument list [D:\a\11obs\11obs\UDPStreamer.vcxproj]
  (compiling source file 'imgui/imgui_draw.cpp')
      D:\a\11obs\11obs\imgui\imgui.h(579,8):
      see declaration of 'ImVector'
  
D:\a\11obs\11obs\imgui\imgui.h(778,24): error C2143: syntax error: missing ';' before '*' [D:\a\11obs\11obs\UDPStreamer.vcxproj]
  (compiling source file 'imgui/imgui_draw.cpp')
  
D:\a\11obs\11obs\imgui\imgui.h(778,5): error C4430: missing type specifier - int assumed. Note: C++ does not support default-int [D:\a\11obs\11obs\UDPStreamer.vcxproj]
  (compiling source file 'imgui/imgui_draw.cpp')
  
D:\a\11obs\11obs\imgui\imgui.h(778,40): error C2238: unexpected token(s) preceding ';' [D:\a\11obs\11obs\UDPStreamer.vcxproj]
  (compiling source file 'imgui/imgui_draw.cpp')
  
D:\a\11obs\11obs\imgui\imgui.h(790,13): error C3646: 'NavId': unknown override specifier [D:\a\11obs\11obs\UDPStreamer.vcxproj]
  (compiling source file 'imgui/imgui_draw.cpp')
  
D:\a\11obs\11obs\imgui\imgui.h(790,5): error C4430: missing type specifier - int assumed. Note: C++ does not support default-int [D:\a\11obs\11obs\UDPStreamer.vcxproj]
  (compiling source file 'imgui/imgui_draw.cpp')
  
D:\a\11obs\11obs\imgui\imgui.h(791,13): error C3646: 'NavIdPrev': unknown override specifier [D:\a\11obs\11obs\UDPStreamer.vcxproj]
  (compiling source file 'imgui/imgui_draw.cpp')
  
D:\a\11obs\11obs\imgui\imgui.h(791,5): error C4430: missing type specifier - int assumed. Note: C++ does not support default-int [D:\a\11obs\11obs\UDPStreamer.vcxproj]
  (compiling source file 'imgui/imgui_draw.cpp')
  
D:\a\11obs\11obs\imgui\imgui.h(797,14): error C2065: 'ImGuiNavItemData': undeclared identifier [D:\a\11obs\11obs\UDPStreamer.vcxproj]
  (compiling source file 'imgui/imgui_draw.cpp')
  
D:\a\11obs\11obs\imgui\imgui.h(797,5): error C2923: 'ImVector': 'ImGuiNavItemData' is not a valid template type argument for parameter 'T' [D:\a\11obs\11obs\UDPStreamer.vcxproj]
  (compiling source file 'imgui/imgui_draw.cpp')
      D:\a\11obs\11obs\imgui\imgui.h(797,14):
      see declaration of 'ImGuiNavItemData'
  
D:\a\11obs\11obs\imgui\imgui.h(797,32): error C2955: 'ImVector': use of class template requires template argument list [D:\a\11obs\11obs\UDPStreamer.vcxproj]
  (compiling source file 'imgui/imgui_draw.cpp')
      D:\a\11obs\11obs\imgui\imgui.h(579,8):
      see declaration of 'ImVector'
  
D:\a\11obs\11obs\imgui\imgui.h(803,20): error C2143: syntax error: missing ';' before '*' [D:\a\11obs\11obs\UDPStreamer.vcxproj]
  (compiling source file 'imgui/imgui_draw.cpp')
  
D:\a\11obs\11obs\imgui\imgui.h(803,5): error C4430: missing type specifier - int assumed. Note: C++ does not support default-int [D:\a\11obs\11obs\UDPStreamer.vcxproj]
  (compiling source file 'imgui/imgui_draw.cpp')
  
D:\a\11obs\11obs\imgui\imgui.h(803,32): error C2238: unexpected token(s) preceding ';' [D:\a\11obs\11obs\UDPStreamer.vcxproj]
  imgui_widgets.cpp
  (compiling source file 'imgui/imgui_draw.cpp')
  
D:\a\11obs\11obs\imgui\imgui.h(805,12): error C2143: syntax error: missing ';' before '*' [D:\a\11obs\11obs\UDPStreamer.vcxproj]
  (compiling source file 'imgui/imgui_draw.cpp')
  
D:\a\11obs\11obs\imgui\imgui.h(805,5): error C4430: missing type specifier - int assumed. Note: C++ does not support default-int [D:\a\11obs\11obs\UDPStreamer.vcxproj]
  (compiling source file 'imgui/imgui_draw.cpp')
  
D:\a\11obs\11obs\imgui\imgui.h(805,37): error C2238: unexpected token(s) preceding ';' [D:\a\11obs\11obs\UDPStreamer.vcxproj]
  (compiling source file 'imgui/imgui_draw.cpp')
  
D:\a\11obs\11obs\imgui\imgui.h(806,12): error C2143: syntax error: missing ';' before '*' [D:\a\11obs\11obs\UDPStreamer.vcxproj]
  (compiling source file 'imgui/imgui_draw.cpp')
  
D:\a\11obs\11obs\imgui\imgui.h(806,5): error C4430: missing type specifier - int assumed. Note: C++ does not support default-int [D:\a\11obs\11obs\UDPStreamer.vcxproj]
  (compiling source file 'imgui/imgui_draw.cpp')
  
D:\a\11obs\11obs\imgui\imgui.h(806,36): error C2238: unexpected token(s) preceding ';' [D:\a\11obs\11obs\UDPStreamer.vcxproj]
  (compiling source file 'imgui/imgui_draw.cpp')
  
D:\a\11obs\11obs\imgui\imgui.h(811,14): error C2065: 'ImGuiItemFlags': undeclared identifier [D:\a\11obs\11obs\UDPStreamer.vcxproj]
  (compiling source file 'imgui/imgui_draw.cpp')
  
D:\a\11obs\11obs\imgui\imgui.h(811,5): error C2923: 'ImVector': 'ImGuiItemFlags' is not a valid template type argument for parameter 'T' [D:\a\11obs\11obs\UDPStreamer.vcxproj]
  (compiling source file 'imgui/imgui_draw.cpp')
      D:\a\11obs\11obs\imgui\imgui.h(811,14):
      see declaration of 'ImGuiItemFlags'
  
D:\a\11obs\11obs\imgui\imgui.h(811,30): error C2955: 'ImVector': use of class template requires template argument list [D:\a\11obs\11obs\UDPStreamer.vcxproj]
  (compiling source file 'imgui/imgui_draw.cpp')
      D:\a\11obs\11obs\imgui\imgui.h(579,8):
      see declaration of 'ImVector'
  
D:\a\11obs\11obs\imgui\imgui.h(818,14): error C2065: 'ImGuiColumnsSet': undeclared identifier [D:\a\11obs\11obs\UDPStreamer.vcxproj]
  (compiling source file 'imgui/imgui_draw.cpp')
  
D:\a\11obs\11obs\imgui\imgui.h(818,5): error C2923: 'ImVector': 'ImGuiColumnsSet' is not a valid template type argument for parameter 'T' [D:\a\11obs\11obs\UDPStreamer.vcxproj]
  (compiling source file 'imgui/imgui_draw.cpp')
      D:\a\11obs\11obs\imgui\imgui.h(818,14):
      see declaration of 'ImGuiColumnsSet'
  
D:\a\11obs\11obs\imgui\imgui.h(818,31): error C2955: 'ImVector': use of class template requires template argument list [D:\a\11obs\11obs\UDPStreamer.vcxproj]
  (compiling source file 'imgui/imgui_draw.cpp')
      D:\a\11obs\11obs\imgui\imgui.h(579,8):
      see declaration of 'ImVector'
  
D:\a\11obs\11obs\imgui\imgui.h(819,14): error C2065: 'ImGuiGroupData': undeclared identifier [D:\a\11obs\11obs\UDPStreamer.vcxproj]
  (compiling source file 'imgui/imgui_draw.cpp')
  
D:\a\11obs\11obs\imgui\imgui.h(819,14): error C1003: error count exceeds 100; stopping compilation [D:\a\11obs\11obs\UDPStreamer.vcxproj]
  (compiling source file 'imgui/imgui_draw.cpp')
  
D:\a\11obs\11obs\imgui\imgui.h(617,11): error C3646: 'col': unknown override specifier [D:\a\11obs\11obs\UDPStreamer.vcxproj]
  (compiling source file 'imgui/imgui_widgets.cpp')
  
D:\a\11obs\11obs\imgui\imgui.h(617,5): error C4430: missing type specifier - int assumed. Note: C++ does not support default-int [D:\a\11obs\11obs\UDPStreamer.vcxproj]
  (compiling source file 'imgui/imgui_widgets.cpp')
  
D:\a\11obs\11obs\imgui\imgui.h(619,55): error C2061: syntax error: identifier 'ImU32' [D:\a\11obs\11obs\UDPStreamer.vcxproj]
  (compiling source file 'imgui/imgui_widgets.cpp')
  
D:\a\11obs\11obs\imgui\imgui.h(618,41): error C2614: 'ImDrawVert': illegal member initialization: 'col' is not a base or member [D:\a\11obs\11obs\UDPStreamer.vcxproj]
  (compiling source file 'imgui/imgui_widgets.cpp')
  
D:\a\11obs\11obs\imgui\imgui.h(619,93): error C2065: '_col': undeclared identifier [D:\a\11obs\11obs\UDPStreamer.vcxproj]
  (compiling source file 'imgui/imgui_widgets.cpp')
  
D:\a\11obs\11obs\imgui\imgui.h(619,89): error C2614: 'ImDrawVert': illegal member initialization: 'col' is not a base or member [D:\a\11obs\11obs\UDPStreamer.vcxproj]
  (compiling source file 'imgui/imgui_widgets.cpp')
  
D:\a\11obs\11obs\imgui\imgui.h(627,113): error C2440: 'initializing': cannot convert from 'int' to 'ImDrawCmdFlags' [D:\a\11obs\11obs\UDPStreamer.vcxproj]
  (compiling source file 'imgui/imgui_widgets.cpp')
      D:\a\11obs\11obs\imgui\imgui.h(627,113):
      Conversion to enumeration type requires an explicit cast (static_cast, C-style cast or parenthesized function-style cast)
  
D:\a\11obs\11obs\imgui\imgui.h(627,113): error C2439: 'ImDrawCmd::flags': member could not be initialized [D:\a\11obs\11obs\UDPStreamer.vcxproj]
  (compiling source file 'imgui/imgui_widgets.cpp')
      D:\a\11obs\11obs\imgui\imgui.h(633,20):
      see declaration of 'ImDrawCmd::flags'
  
D:\a\11obs\11obs\imgui\imgui.h(641,10): error C2039: 'vector': is not a member of 'std' [D:\a\11obs\11obs\UDPStreamer.vcxproj]
  (compiling source file 'imgui/imgui_widgets.cpp')
      C:\Program Files (x86)\Windows Kits\10\Include\10.0.26100.0\ucrt\stddef.h(23,15):
      see declaration of 'std'
  
D:\a\11obs\11obs\imgui\imgui.h(641,16): error C2143: syntax error: missing ';' before '<' [D:\a\11obs\11obs\UDPStreamer.vcxproj]
  (compiling source file 'imgui/imgui_widgets.cpp')
  
D:\a\11obs\11obs\imgui\imgui.h(641,10): error C4430: missing type specifier - int assumed. Note: C++ does not support default-int [D:\a\11obs\11obs\UDPStreamer.vcxproj]
  (compiling source file 'imgui/imgui_widgets.cpp')
  
D:\a\11obs\11obs\imgui\imgui.h(641,39): error C2238: unexpected token(s) preceding ';' [D:\a\11obs\11obs\UDPStreamer.vcxproj]
  (compiling source file 'imgui/imgui_widgets.cpp')
  
D:\a\11obs\11obs\imgui\imgui.h(642,10): error C2039: 'vector': is not a member of 'std' [D:\a\11obs\11obs\UDPStreamer.vcxproj]
  (compiling source file 'imgui/imgui_widgets.cpp')
      C:\Program Files (x86)\Windows Kits\10\Include\10.0.26100.0\ucrt\stddef.h(23,15):
      see declaration of 'std'
  
D:\a\11obs\11obs\imgui\imgui.h(642,16): error C2143: syntax error: missing ';' before '<' [D:\a\11obs\11obs\UDPStreamer.vcxproj]
  (compiling source file 'imgui/imgui_widgets.cpp')
  
D:\a\11obs\11obs\imgui\imgui.h(642,10): error C4430: missing type specifier - int assumed. Note: C++ does not support default-int [D:\a\11obs\11obs\UDPStreamer.vcxproj]
  (compiling source file 'imgui/imgui_widgets.cpp')
  
D:\a\11obs\11obs\imgui\imgui.h(642,38): error C2238: unexpected token(s) preceding ';' [D:\a\11obs\11obs\UDPStreamer.vcxproj]
  (compiling source file 'imgui/imgui_widgets.cpp')
  
D:\a\11obs\11obs\imgui\imgui.h(643,10): error C2039: 'vector': is not a member of 'std' [D:\a\11obs\11obs\UDPStreamer.vcxproj]
  (compiling source file 'imgui/imgui_widgets.cpp')
      C:\Program Files (x86)\Windows Kits\10\Include\10.0.26100.0\ucrt\stddef.h(23,15):
      see declaration of 'std'
  
D:\a\11obs\11obs\imgui\imgui.h(643,16): error C2143: syntax error: missing ';' before '<' [D:\a\11obs\11obs\UDPStreamer.vcxproj]
  (compiling source file 'imgui/imgui_widgets.cpp')
  
D:\a\11obs\11obs\imgui\imgui.h(643,10): error C4430: missing type specifier - int assumed. Note: C++ does not support default-int [D:\a\11obs\11obs\UDPStreamer.vcxproj]
  (compiling source file 'imgui/imgui_widgets.cpp')
  
D:\a\11obs\11obs\imgui\imgui.h(643,38): error C2238: unexpected token(s) preceding ';' [D:\a\11obs\11obs\UDPStreamer.vcxproj]
  (compiling source file 'imgui/imgui_widgets.cpp')
  
D:\a\11obs\11obs\imgui\imgui.h(648,10): error C2039: 'vector': is not a member of 'std' [D:\a\11obs\11obs\UDPStreamer.vcxproj]
  (compiling source file 'imgui/imgui_widgets.cpp')
      C:\Program Files (x86)\Windows Kits\10\Include\10.0.26100.0\ucrt\stddef.h(23,15):
      see declaration of 'std'
  
D:\a\11obs\11obs\imgui\imgui.h(648,16): error C2143: syntax error: missing ';' before '<' [D:\a\11obs\11obs\UDPStreamer.vcxproj]
  (compiling source file 'imgui/imgui_widgets.cpp')
  
D:\a\11obs\11obs\imgui\imgui.h(648,10): error C4430: missing type specifier - int assumed. Note: C++ does not support default-int [D:\a\11obs\11obs\UDPStreamer.vcxproj]
  (compiling source file 'imgui/imgui_widgets.cpp')
  
D:\a\11obs\11obs\imgui\imgui.h(648,40): error C2238: unexpected token(s) preceding ';' [D:\a\11obs\11obs\UDPStreamer.vcxproj]
  (compiling source file 'imgui/imgui_widgets.cpp')
  
D:\a\11obs\11obs\imgui\imgui.h(649,10): error C2039: 'vector': is not a member of 'std' [D:\a\11obs\11obs\UDPStreamer.vcxproj]
  (compiling source file 'imgui/imgui_widgets.cpp')
      C:\Program Files (x86)\Windows Kits\10\Include\10.0.26100.0\ucrt\stddef.h(23,15):
      see declaration of 'std'
  
D:\a\11obs\11obs\imgui\imgui.h(649,16): error C2143: syntax error: missing ';' before '<' [D:\a\11obs\11obs\UDPStreamer.vcxproj]
  (compiling source file 'imgui/imgui_widgets.cpp')
  
D:\a\11obs\11obs\imgui\imgui.h(649,10): error C4430: missing type specifier - int assumed. Note: C++ does not support default-int [D:\a\11obs\11obs\UDPStreamer.vcxproj]
  (compiling source file 'imgui/imgui_widgets.cpp')
  
D:\a\11obs\11obs\imgui\imgui.h(649,40): error C2238: unexpected token(s) preceding ';' [D:\a\11obs\11obs\UDPStreamer.vcxproj]
  (compiling source file 'imgui/imgui_widgets.cpp')
  
D:\a\11obs\11obs\imgui\imgui.h(651,10): error C2039: 'vector': is not a member of 'std' [D:\a\11obs\11obs\UDPStreamer.vcxproj]
  (compiling source file 'imgui/imgui_widgets.cpp')
      C:\Program Files (x86)\Windows Kits\10\Include\10.0.26100.0\ucrt\stddef.h(23,15):
      see declaration of 'std'
  
D:\a\11obs\11obs\imgui\imgui.h(651,16): error C2143: syntax error: missing ';' before '<' [D:\a\11obs\11obs\UDPStreamer.vcxproj]
  (compiling source file 'imgui/imgui_widgets.cpp')
  
D:\a\11obs\11obs\imgui\imgui.h(651,10): error C4430: missing type specifier - int assumed. Note: C++ does not support default-int [D:\a\11obs\11obs\UDPStreamer.vcxproj]
  (compiling source file 'imgui/imgui_widgets.cpp')
  
D:\a\11obs\11obs\imgui\imgui.h(651,38): error C2238: unexpected token(s) preceding ';' [D:\a\11obs\11obs\UDPStreamer.vcxproj]
  (compiling source file 'imgui/imgui_widgets.cpp')
  
D:\a\11obs\11obs\imgui\imgui.h(640,67): error C2440: 'initializing': cannot convert from 'int' to 'ImDrawListFlags' [D:\a\11obs\11obs\UDPStreamer.vcxproj]
  (compiling source file 'imgui/imgui_widgets.cpp')
      D:\a\11obs\11obs\imgui\imgui.h(640,67):
      Conversion to enumeration type requires an explicit cast (static_cast, C-style cast or parenthesized function-style cast)
  
D:\a\11obs\11obs\imgui\imgui.h(640,67): error C2439: 'ImDrawList::flags': member could not be initialized [D:\a\11obs\11obs\UDPStreamer.vcxproj]
  (compiling source file 'imgui/imgui_widgets.cpp')
      D:\a\11obs\11obs\imgui\imgui.h(644,21):
      see declaration of 'ImDrawList::flags'
  
D:\a\11obs\11obs\imgui\imgui.h(640,20): error C2614: 'ImDrawList': illegal member initialization: 'vtx_buffer' is not a base or member [D:\a\11obs\11obs\UDPStreamer.vcxproj]
  (compiling source file 'imgui/imgui_widgets.cpp')
  
D:\a\11obs\11obs\imgui\imgui.h(640,34): error C2614: 'ImDrawList': illegal member initialization: 'idx_buffer' is not a base or member [D:\a\11obs\11obs\UDPStreamer.vcxproj]
  (compiling source file 'imgui/imgui_widgets.cpp')
  
D:\a\11obs\11obs\imgui\imgui.h(640,48): error C2614: 'ImDrawList': illegal member initialization: 'cmd_buffer' is not a base or member [D:\a\11obs\11obs\UDPStreamer.vcxproj]
  (compiling source file 'imgui/imgui_widgets.cpp')
  
D:\a\11obs\11obs\imgui\imgui.h(640,133): error C2614: 'ImDrawList': illegal member initialization: 'clip_rect_stack' is not a base or member [D:\a\11obs\11obs\UDPStreamer.vcxproj]
  (compiling source file 'imgui/imgui_widgets.cpp')
  
D:\a\11obs\11obs\imgui\imgui.h(640,152): error C2614: 'ImDrawList': illegal member initialization: 'texture_id_stack' is not a base or member [D:\a\11obs\11obs\UDPStreamer.vcxproj]
  (compiling source file 'imgui/imgui_widgets.cpp')
  
D:\a\11obs\11obs\imgui\imgui.h(640,198): error C2614: 'ImDrawList': illegal member initialization: 'channels' is not a base or member [D:\a\11obs\11obs\UDPStreamer.vcxproj]
  (compiling source file 'imgui/imgui_widgets.cpp')
  
D:\a\11obs\11obs\imgui\imgui.h(672,13): error C3646: 'codepoint': unknown override specifier [D:\a\11obs\11obs\UDPStreamer.vcxproj]
  (compiling source file 'imgui/imgui_widgets.cpp')
  
D:\a\11obs\11obs\imgui\imgui.h(672,5): error C4430: missing type specifier - int assumed. Note: C++ does not support default-int [D:\a\11obs\11obs\UDPStreamer.vcxproj]
  (compiling source file 'imgui/imgui_widgets.cpp')
  
D:\a\11obs\11obs\imgui\imgui.h(671,21): error C2614: 'ImFontGlyph': illegal member initialization: 'codepoint' is not a base or member [D:\a\11obs\11obs\UDPStreamer.vcxproj]
  (compiling source file 'imgui/imgui_widgets.cpp')
  
D:\a\11obs\11obs\imgui\imgui.h(688,5): error C4430: missing type specifier - int assumed. Note: C++ does not support default-int [D:\a\11obs\11obs\UDPStreamer.vcxproj]
  (compiling source file 'imgui/imgui_widgets.cpp')
  
D:\a\11obs\11obs\imgui\imgui.h(688,18): error C2143: syntax error: missing ';' before '*' [D:\a\11obs\11obs\UDPStreamer.vcxproj]
  (compiling source file 'imgui/imgui_widgets.cpp')
  
D:\a\11obs\11obs\imgui\imgui.h(688,31): error C2238: unexpected token(s) preceding ';' [D:\a\11obs\11obs\UDPStreamer.vcxproj]
  (compiling source file 'imgui/imgui_widgets.cpp')
  
D:\a\11obs\11obs\imgui\imgui.h(697,13): error C3646: 'EllipsisChar': unknown override specifier [D:\a\11obs\11obs\UDPStreamer.vcxproj]
  (compiling source file 'imgui/imgui_widgets.cpp')
  
D:\a\11obs\11obs\imgui\imgui.h(697,5): error C4430: missing type specifier - int assumed. Note: C++ does not support default-int [D:\a\11obs\11obs\UDPStreamer.vcxproj]
  (compiling source file 'imgui/imgui_widgets.cpp')
  
D:\a\11obs\11obs\imgui\imgui.h(680,360): error C2789: 'ImFontConfig::ImWchar': an object of const-qualified type must be initialized [D:\a\11obs\11obs\UDPStreamer.vcxproj]
  (compiling source file 'imgui/imgui_widgets.cpp')
      D:\a\11obs\11obs\imgui\imgui.h(688,11):
      see declaration of 'ImFontConfig::ImWchar'
  
D:\a\11obs\11obs\imgui\imgui.h(680,150): error C2614: 'ImFontConfig': illegal member initialization: 'GlyphRanges' is not a base or member [D:\a\11obs\11obs\UDPStreamer.vcxproj]
  (compiling source file 'imgui/imgui_widgets.cpp')
  
D:\a\11obs\11obs\imgui\imgui.h(680,339): error C2614: 'ImFontConfig': illegal member initialization: 'EllipsisChar' is not a base or member [D:\a\11obs\11obs\UDPStreamer.vcxproj]
  (compiling source file 'imgui/imgui_widgets.cpp')
  
D:\a\11obs\11obs\imgui\imgui.h(707,10): error C2143: syntax error: missing ';' before '*' [D:\a\11obs\11obs\UDPStreamer.vcxproj]
  (compiling source file 'imgui/imgui_widgets.cpp')
  
D:\a\11obs\11obs\imgui\imgui.h(707,5): error C4430: missing type specifier - int assumed. Note: C++ does not support default-int [D:\a\11obs\11obs\UDPStreamer.vcxproj]
  (compiling source file 'imgui/imgui_widgets.cpp')
  
D:\a\11obs\11obs\imgui\imgui.h(707,27): error C2238: unexpected token(s) preceding ';' [D:\a\11obs\11obs\UDPStreamer.vcxproj]
  (compiling source file 'imgui/imgui_widgets.cpp')
  
D:\a\11obs\11obs\imgui\imgui.h(710,14): error C2065: 'ImWchar': undeclared identifier [D:\a\11obs\11obs\UDPStreamer.vcxproj]
  (compiling source file 'imgui/imgui_widgets.cpp')
  
D:\a\11obs\11obs\imgui\imgui.h(710,5): error C2923: 'ImVector': 'ImWchar' is not a valid template type argument for parameter 'T' [D:\a\11obs\11obs\UDPStreamer.vcxproj]
  (compiling source file 'imgui/imgui_widgets.cpp')
      D:\a\11obs\11obs\imgui\imgui.h(710,14):
      see declaration of 'ImWchar'
  
D:\a\11obs\11obs\imgui\imgui.h(710,24): error C2955: 'ImVector': use of class template requires template argument list [D:\a\11obs\11obs\UDPStreamer.vcxproj]
  (compiling source file 'imgui/imgui_widgets.cpp')
      D:\a\11obs\11obs\imgui\imgui.h(579,8):
      see declaration of 'ImVector'
  
D:\a\11obs\11obs\imgui\imgui.h(711,14): error C2065: 'ImFontAtlasCustomRect': undeclared identifier [D:\a\11obs\11obs\UDPStreamer.vcxproj]
  (compiling source file 'imgui/imgui_widgets.cpp')
  
D:\a\11obs\11obs\imgui\imgui.h(711,5): error C2923: 'ImVector': 'ImFontAtlasCustomRect' is not a valid template type argument for parameter 'T' [D:\a\11obs\11obs\UDPStreamer.vcxproj]
  (compiling source file 'imgui/imgui_widgets.cpp')
      D:\a\11obs\11obs\imgui\imgui.h(711,14):
      see declaration of 'ImFontAtlasCustomRect'
  
D:\a\11obs\11obs\imgui\imgui.h(711,37): error C2955: 'ImVector': use of class template requires template argument list [D:\a\11obs\11obs\UDPStreamer.vcxproj]
  (compiling source file 'imgui/imgui_widgets.cpp')
      D:\a\11obs\11obs\imgui\imgui.h(579,8):
      see declaration of 'ImVector'
  
D:\a\11obs\11obs\imgui\imgui.h(702,243): error C2440: 'initializing': cannot convert from 'int' to 'ImFontAtlasFlags' [D:\a\11obs\11obs\UDPStreamer.vcxproj]
  (compiling source file 'imgui/imgui_widgets.cpp')
      D:\a\11obs\11obs\imgui\imgui.h(702,243):
      Conversion to enumeration type requires an explicit cast (static_cast, C-style cast or parenthesized function-style cast)
  
D:\a\11obs\11obs\imgui\imgui.h(702,243): error C2439: 'ImFontAtlas::Flags': member could not be initialized [D:\a\11obs\11obs\UDPStreamer.vcxproj]
  (compiling source file 'imgui/imgui_widgets.cpp')
      D:\a\11obs\11obs\imgui\imgui.h(713,22):
      see declaration of 'ImFontAtlas::Flags'
  
D:\a\11obs\11obs\imgui\imgui.h(702,110): error C2614: 'ImFontAtlas': illegal member initialization: 'TexPixelsRgba32' is not a base or member [D:\a\11obs\11obs\UDPStreamer.vcxproj]
  (compiling source file 'imgui/imgui_widgets.cpp')
  
D:\a\11obs\11obs\imgui\imgui.h(730,14): error C2065: 'ImWchar': undeclared identifier [D:\a\11obs\11obs\UDPStreamer.vcxproj]
  (compiling source file 'imgui/imgui_widgets.cpp')
  
D:\a\11obs\11obs\imgui\imgui.h(730,5): error C2923: 'ImVector': 'ImWchar' is not a valid template type argument for parameter 'T' [D:\a\11obs\11obs\UDPStreamer.vcxproj]
  (compiling source file 'imgui/imgui_widgets.cpp')
      D:\a\11obs\11obs\imgui\imgui.h(730,14):
      see declaration of 'ImWchar'
  
D:\a\11obs\11obs\imgui\imgui.h(730,23): error C2955: 'ImVector': use of class template requires template argument list [D:\a\11obs\11obs\UDPStreamer.vcxproj]
  (compiling source file 'imgui/imgui_widgets.cpp')
      D:\a\11obs\11obs\imgui\imgui.h(579,8):
      see declaration of 'ImVector'
  
D:\a\11obs\11obs\imgui\imgui.h(740,13): error C2079: 'ImGuiContext::IO' uses undefined struct 'ImGuiIO' [D:\a\11obs\11obs\UDPStreamer.vcxproj]
  (compiling source file 'imgui/imgui_widgets.cpp')
  
D:\a\11obs\11obs\imgui\imgui.h(741,16): error C2079: 'ImGuiContext::Style' uses undefined struct 'ImGuiStyle' [D:\a\11obs\11obs\UDPStreamer.vcxproj]
  (compiling source file 'imgui/imgui_widgets.cpp')
  
D:\a\11obs\11obs\imgui\imgui.h(746,13): error C3646: 'HoveredId': unknown override specifier [D:\a\11obs\11obs\UDPStreamer.vcxproj]
  (compiling source file 'imgui/imgui_widgets.cpp')
  
D:\a\11obs\11obs\imgui\imgui.h(746,5): error C4430: missing type specifier - int assumed. Note: C++ does not support default-int [D:\a\11obs\11obs\UDPStreamer.vcxproj]
  (compiling source file 'imgui/imgui_widgets.cpp')
  
D:\a\11obs\11obs\imgui\imgui.h(747,13): error C3646: 'ActiveId': unknown override specifier [D:\a\11obs\11obs\UDPStreamer.vcxproj]
  (compiling source file 'imgui/imgui_widgets.cpp')
  
D:\a\11obs\11obs\imgui\imgui.h(747,5): error C4430: missing type specifier - int assumed. Note: C++ does not support default-int [D:\a\11obs\11obs\UDPStreamer.vcxproj]
  (compiling source file 'imgui/imgui_widgets.cpp')
  
D:\a\11obs\11obs\imgui\imgui.h(751,17): error C2143: syntax error: missing ';' before '*' [D:\a\11obs\11obs\UDPStreamer.vcxproj]
  (compiling source file 'imgui/imgui_widgets.cpp')
  
D:\a\11obs\11obs\imgui\imgui.h(751,5): error C4430: missing type specifier - int assumed. Note: C++ does not support default-int [D:\a\11obs\11obs\UDPStreamer.vcxproj]
  (compiling source file 'imgui/imgui_widgets.cpp')
  
D:\a\11obs\11obs\imgui\imgui.h(751,34): error C2238: unexpected token(s) preceding ';' [D:\a\11obs\11obs\UDPStreamer.vcxproj]
  (compiling source file 'imgui/imgui_widgets.cpp')
  
D:\a\11obs\11obs\imgui\imgui.h(752,24): error C3646: 'DragDropSourceFlags': unknown override specifier [D:\a\11obs\11obs\UDPStreamer.vcxproj]
  (compiling source file 'imgui/imgui_widgets.cpp')
  
D:\a\11obs\11obs\imgui\imgui.h(752,5): error C4430: missing type specifier - int assumed. Note: C++ does not support default-int [D:\a\11obs\11obs\UDPStreamer.vcxproj]
  (compiling source file 'imgui/imgui_widgets.cpp')
  
D:\a\11obs\11obs\imgui\imgui.h(772,22): error C3646: 'KeyMods': unknown override specifier [D:\a\11obs\11obs\UDPStreamer.vcxproj]
  (compiling source file 'imgui/imgui_widgets.cpp')
  
D:\a\11obs\11obs\imgui\imgui.h(772,5): error C4430: missing type specifier - int assumed. Note: C++ does not support default-int [D:\a\11obs\11obs\UDPStreamer.vcxproj]
  (compiling source file 'imgui/imgui_widgets.cpp')
  
D:\a\11obs\11obs\imgui\imgui.h(777,14): error C2065: 'ImWchar': undeclared identifier [D:\a\11obs\11obs\UDPStreamer.vcxproj]
  (compiling source file 'imgui/imgui_widgets.cpp')
  
D:\a\11obs\11obs\imgui\imgui.h(777,5): error C2923: 'ImVector': 'ImWchar' is not a valid template type argument for parameter 'T' [D:\a\11obs\11obs\UDPStreamer.vcxproj]
  (compiling source file 'imgui/imgui_widgets.cpp')
      D:\a\11obs\11obs\imgui\imgui.h(777,14):
      see declaration of 'ImWchar'
  
D:\a\11obs\11obs\imgui\imgui.h(777,23): error C2955: 'ImVector': use of class template requires template argument list [D:\a\11obs\11obs\UDPStreamer.vcxproj]
  (compiling source file 'imgui/imgui_widgets.cpp')
      D:\a\11obs\11obs\imgui\imgui.h(579,8):
      see declaration of 'ImVector'
  
D:\a\11obs\11obs\imgui\imgui.h(778,24): error C2143: syntax error: missing ';' before '*' [D:\a\11obs\11obs\UDPStreamer.vcxproj]
  (compiling source file 'imgui/imgui_widgets.cpp')
  
D:\a\11obs\11obs\imgui\imgui.h(778,5): error C4430: missing type specifier - int assumed. Note: C++ does not support default-int [D:\a\11obs\11obs\UDPStreamer.vcxproj]
  (compiling source file 'imgui/imgui_widgets.cpp')
  
D:\a\11obs\11obs\imgui\imgui.h(778,40): error C2238: unexpected token(s) preceding ';' [D:\a\11obs\11obs\UDPStreamer.vcxproj]
  (compiling source file 'imgui/imgui_widgets.cpp')
  
D:\a\11obs\11obs\imgui\imgui.h(790,13): error C3646: 'NavId': unknown override specifier [D:\a\11obs\11obs\UDPStreamer.vcxproj]
  (compiling source file 'imgui/imgui_widgets.cpp')
  
D:\a\11obs\11obs\imgui\imgui.h(790,5): error C4430: missing type specifier - int assumed. Note: C++ does not support default-int [D:\a\11obs\11obs\UDPStreamer.vcxproj]
  (compiling source file 'imgui/imgui_widgets.cpp')
  
D:\a\11obs\11obs\imgui\imgui.h(791,13): error C3646: 'NavIdPrev': unknown override specifier [D:\a\11obs\11obs\UDPStreamer.vcxproj]
  (compiling source file 'imgui/imgui_widgets.cpp')
  
D:\a\11obs\11obs\imgui\imgui.h(791,5): error C4430: missing type specifier - int assumed. Note: C++ does not support default-int [D:\a\11obs\11obs\UDPStreamer.vcxproj]
  (compiling source file 'imgui/imgui_widgets.cpp')
  
D:\a\11obs\11obs\imgui\imgui.h(797,14): error C2065: 'ImGuiNavItemData': undeclared identifier [D:\a\11obs\11obs\UDPStreamer.vcxproj]
  (compiling source file 'imgui/imgui_widgets.cpp')
  
D:\a\11obs\11obs\imgui\imgui.h(797,5): error C2923: 'ImVector': 'ImGuiNavItemData' is not a valid template type argument for parameter 'T' [D:\a\11obs\11obs\UDPStreamer.vcxproj]
  (compiling source file 'imgui/imgui_widgets.cpp')
      D:\a\11obs\11obs\imgui\imgui.h(797,14):
      see declaration of 'ImGuiNavItemData'
  
D:\a\11obs\11obs\imgui\imgui.h(797,32): error C2955: 'ImVector': use of class template requires template argument list [D:\a\11obs\11obs\UDPStreamer.vcxproj]
  (compiling source file 'imgui/imgui_widgets.cpp')
      D:\a\11obs\11obs\imgui\imgui.h(579,8):
      see declaration of 'ImVector'
  
D:\a\11obs\11obs\imgui\imgui.h(803,20): error C2143: syntax error: missing ';' before '*' [D:\a\11obs\11obs\UDPStreamer.vcxproj]
  (compiling source file 'imgui/imgui_widgets.cpp')
  
D:\a\11obs\11obs\imgui\imgui.h(803,5): error C4430: missing type specifier - int assumed. Note: C++ does not support default-int [D:\a\11obs\11obs\UDPStreamer.vcxproj]
  (compiling source file 'imgui/imgui_widgets.cpp')
  
D:\a\11obs\11obs\imgui\imgui.h(803,32): error C2238: unexpected token(s) preceding ';' [D:\a\11obs\11obs\UDPStreamer.vcxproj]
  (compiling source file 'imgui/imgui_widgets.cpp')
  
D:\a\11obs\11obs\imgui\imgui.h(805,12): error C2143: syntax error: missing ';' before '*' [D:\a\11obs\11obs\UDPStreamer.vcxproj]
  (compiling source file 'imgui/imgui_widgets.cpp')
  
D:\a\11obs\11obs\imgui\imgui.h(805,5): error C4430: missing type specifier - int assumed. Note: C++ does not support default-int [D:\a\11obs\11obs\UDPStreamer.vcxproj]
  (compiling source file 'imgui/imgui_widgets.cpp')
  
D:\a\11obs\11obs\imgui\imgui.h(805,37): error C2238: unexpected token(s) preceding ';' [D:\a\11obs\11obs\UDPStreamer.vcxproj]
  (compiling source file 'imgui/imgui_widgets.cpp')
  
D:\a\11obs\11obs\imgui\imgui.h(806,12): error C2143: syntax error: missing ';' before '*' [D:\a\11obs\11obs\UDPStreamer.vcxproj]
  (compiling source file 'imgui/imgui_widgets.cpp')
  
D:\a\11obs\11obs\imgui\imgui.h(806,5): error C4430: missing type specifier - int assumed. Note: C++ does not support default-int [D:\a\11obs\11obs\UDPStreamer.vcxproj]
  (compiling source file 'imgui/imgui_widgets.cpp')
  
D:\a\11obs\11obs\imgui\imgui.h(806,36): error C2238: unexpected token(s) preceding ';' [D:\a\11obs\11obs\UDPStreamer.vcxproj]
  (compiling source file 'imgui/imgui_widgets.cpp')
  
D:\a\11obs\11obs\imgui\imgui.h(811,14): error C2065: 'ImGuiItemFlags': undeclared identifier [D:\a\11obs\11obs\UDPStreamer.vcxproj]
  (compiling source file 'imgui/imgui_widgets.cpp')
  
D:\a\11obs\11obs\imgui\imgui.h(811,5): error C2923: 'ImVector': 'ImGuiItemFlags' is not a valid template type argument for parameter 'T' [D:\a\11obs\11obs\UDPStreamer.vcxproj]
  (compiling source file 'imgui/imgui_widgets.cpp')
      D:\a\11obs\11obs\imgui\imgui.h(811,14):
      see declaration of 'ImGuiItemFlags'
  
D:\a\11obs\11obs\imgui\imgui.h(811,30): error C2955: 'ImVector': use of class template requires template argument list [D:\a\11obs\11obs\UDPStreamer.vcxproj]
  (compiling source file 'imgui/imgui_widgets.cpp')
      D:\a\11obs\11obs\imgui\imgui.h(579,8):
      see declaration of 'ImVector'
  
D:\a\11obs\11obs\imgui\imgui.h(818,14): error C2065: 'ImGuiColumnsSet': undeclared identifier [D:\a\11obs\11obs\UDPStreamer.vcxproj]
  (compiling source file 'imgui/imgui_widgets.cpp')
  
D:\a\11obs\11obs\imgui\imgui.h(818,5): error C2923: 'ImVector': 'ImGuiColumnsSet' is not a valid template type argument for parameter 'T' [D:\a\11obs\11obs\UDPStreamer.vcxproj]
  (compiling source file 'imgui/imgui_widgets.cpp')
      D:\a\11obs\11obs\imgui\imgui.h(818,14):
      see declaration of 'ImGuiColumnsSet'
  
D:\a\11obs\11obs\imgui\imgui.h(818,31): error C2955: 'ImVector': use of class template requires template argument list [D:\a\11obs\11obs\UDPStreamer.vcxproj]
  (compiling source file 'imgui/imgui_widgets.cpp')
      D:\a\11obs\11obs\imgui\imgui.h(579,8):
      see declaration of 'ImVector'
  
D:\a\11obs\11obs\imgui\imgui.h(819,14): error C2065: 'ImGuiGroupData': undeclared identifier [D:\a\11obs\11obs\UDPStreamer.vcxproj]
  (compiling source file 'imgui/imgui_widgets.cpp')
  
D:\a\11obs\11obs\imgui\imgui.h(819,14): error C1003: error count exceeds 100; stopping compilation [D:\a\11obs\11obs\UDPStreamer.vcxproj]
  (compiling source file 'imgui/imgui_widgets.cpp')
  
  imgui_tables.cpp
D:\a\11obs\11obs\imgui\imgui.h(617,11): error C3646: 'col': unknown override specifier [D:\a\11obs\11obs\UDPStreamer.vcxproj]
  (compiling source file 'imgui/imgui_tables.cpp')
  
D:\a\11obs\11obs\imgui\imgui.h(617,5): error C4430: missing type specifier - int assumed. Note: C++ does not support default-int [D:\a\11obs\11obs\UDPStreamer.vcxproj]
  (compiling source file 'imgui/imgui_tables.cpp')
  
D:\a\11obs\11obs\imgui\imgui.h(619,55): error C2061: syntax error: identifier 'ImU32' [D:\a\11obs\11obs\UDPStreamer.vcxproj]
  (compiling source file 'imgui/imgui_tables.cpp')
  
D:\a\11obs\11obs\imgui\imgui.h(618,41): error C2614: 'ImDrawVert': illegal member initialization: 'col' is not a base or member [D:\a\11obs\11obs\UDPStreamer.vcxproj]
  (compiling source file 'imgui/imgui_tables.cpp')
  
D:\a\11obs\11obs\imgui\imgui.h(619,93): error C2065: '_col': undeclared identifier [D:\a\11obs\11obs\UDPStreamer.vcxproj]
  (compiling source file 'imgui/imgui_tables.cpp')
  
D:\a\11obs\11obs\imgui\imgui.h(619,89): error C2614: 'ImDrawVert': illegal member initialization: 'col' is not a base or member [D:\a\11obs\11obs\UDPStreamer.vcxproj]
  (compiling source file 'imgui/imgui_tables.cpp')
  
D:\a\11obs\11obs\imgui\imgui.h(627,113): error C2440: 'initializing': cannot convert from 'int' to 'ImDrawCmdFlags' [D:\a\11obs\11obs\UDPStreamer.vcxproj]
  (compiling source file 'imgui/imgui_tables.cpp')
      D:\a\11obs\11obs\imgui\imgui.h(627,113):
      Conversion to enumeration type requires an explicit cast (static_cast, C-style cast or parenthesized function-style cast)
  
D:\a\11obs\11obs\imgui\imgui.h(627,113): error C2439: 'ImDrawCmd::flags': member could not be initialized [D:\a\11obs\11obs\UDPStreamer.vcxproj]
  (compiling source file 'imgui/imgui_tables.cpp')
      D:\a\11obs\11obs\imgui\imgui.h(633,20):
      see declaration of 'ImDrawCmd::flags'
  
D:\a\11obs\11obs\imgui\imgui.h(641,10): error C2039: 'vector': is not a member of 'std' [D:\a\11obs\11obs\UDPStreamer.vcxproj]
  (compiling source file 'imgui/imgui_tables.cpp')
      C:\Program Files (x86)\Windows Kits\10\Include\10.0.26100.0\ucrt\stddef.h(23,15):
      see declaration of 'std'
  
D:\a\11obs\11obs\imgui\imgui.h(641,16): error C2143: syntax error: missing ';' before '<' [D:\a\11obs\11obs\UDPStreamer.vcxproj]
  (compiling source file 'imgui/imgui_tables.cpp')
  
D:\a\11obs\11obs\imgui\imgui.h(641,10): error C4430: missing type specifier - int assumed. Note: C++ does not support default-int [D:\a\11obs\11obs\UDPStreamer.vcxproj]
  (compiling source file 'imgui/imgui_tables.cpp')
  
D:\a\11obs\11obs\imgui\imgui.h(641,39): error C2238: unexpected token(s) preceding ';' [D:\a\11obs\11obs\UDPStreamer.vcxproj]
  (compiling source file 'imgui/imgui_tables.cpp')
  
D:\a\11obs\11obs\imgui\imgui.h(642,10): error C2039: 'vector': is not a member of 'std' [D:\a\11obs\11obs\UDPStreamer.vcxproj]
  (compiling source file 'imgui/imgui_tables.cpp')
      C:\Program Files (x86)\Windows Kits\10\Include\10.0.26100.0\ucrt\stddef.h(23,15):
      see declaration of 'std'
  
D:\a\11obs\11obs\imgui\imgui.h(642,16): error C2143: syntax error: missing ';' before '<' [D:\a\11obs\11obs\UDPStreamer.vcxproj]
  (compiling source file 'imgui/imgui_tables.cpp')
  
D:\a\11obs\11obs\imgui\imgui.h(642,10): error C4430: missing type specifier - int assumed. Note: C++ does not support default-int [D:\a\11obs\11obs\UDPStreamer.vcxproj]
  (compiling source file 'imgui/imgui_tables.cpp')
  
D:\a\11obs\11obs\imgui\imgui.h(642,38): error C2238: unexpected token(s) preceding ';' [D:\a\11obs\11obs\UDPStreamer.vcxproj]
  (compiling source file 'imgui/imgui_tables.cpp')
  
D:\a\11obs\11obs\imgui\imgui.h(643,10): error C2039: 'vector': is not a member of 'std' [D:\a\11obs\11obs\UDPStreamer.vcxproj]
  (compiling source file 'imgui/imgui_tables.cpp')
      C:\Program Files (x86)\Windows Kits\10\Include\10.0.26100.0\ucrt\stddef.h(23,15):
      see declaration of 'std'
  
D:\a\11obs\11obs\imgui\imgui.h(643,16): error C2143: syntax error: missing ';' before '<' [D:\a\11obs\11obs\UDPStreamer.vcxproj]
  (compiling source file 'imgui/imgui_tables.cpp')
  
D:\a\11obs\11obs\imgui\imgui.h(643,10): error C4430: missing type specifier - int assumed. Note: C++ does not support default-int [D:\a\11obs\11obs\UDPStreamer.vcxproj]
  (compiling source file 'imgui/imgui_tables.cpp')
  
D:\a\11obs\11obs\imgui\imgui.h(643,38): error C2238: unexpected token(s) preceding ';' [D:\a\11obs\11obs\UDPStreamer.vcxproj]
  (compiling source file 'imgui/imgui_tables.cpp')
  
D:\a\11obs\11obs\imgui\imgui.h(648,10): error C2039: 'vector': is not a member of 'std' [D:\a\11obs\11obs\UDPStreamer.vcxproj]
  (compiling source file 'imgui/imgui_tables.cpp')
      C:\Program Files (x86)\Windows Kits\10\Include\10.0.26100.0\ucrt\stddef.h(23,15):
      see declaration of 'std'
  
D:\a\11obs\11obs\imgui\imgui.h(648,16): error C2143: syntax error: missing ';' before '<' [D:\a\11obs\11obs\UDPStreamer.vcxproj]
  (compiling source file 'imgui/imgui_tables.cpp')
  
D:\a\11obs\11obs\imgui\imgui.h(648,10): error C4430: missing type specifier - int assumed. Note: C++ does not support default-int [D:\a\11obs\11obs\UDPStreamer.vcxproj]
  (compiling source file 'imgui/imgui_tables.cpp')
  
D:\a\11obs\11obs\imgui\imgui.h(648,40): error C2238: unexpected token(s) preceding ';' [D:\a\11obs\11obs\UDPStreamer.vcxproj]
  (compiling source file 'imgui/imgui_tables.cpp')
  
D:\a\11obs\11obs\imgui\imgui.h(649,10): error C2039: 'vector': is not a member of 'std' [D:\a\11obs\11obs\UDPStreamer.vcxproj]
  (compiling source file 'imgui/imgui_tables.cpp')
      C:\Program Files (x86)\Windows Kits\10\Include\10.0.26100.0\ucrt\stddef.h(23,15):
      see declaration of 'std'
  
D:\a\11obs\11obs\imgui\imgui.h(649,16): error C2143: syntax error: missing ';' before '<' [D:\a\11obs\11obs\UDPStreamer.vcxproj]
  (compiling source file 'imgui/imgui_tables.cpp')
  
D:\a\11obs\11obs\imgui\imgui.h(649,10): error C4430: missing type specifier - int assumed. Note: C++ does not support default-int [D:\a\11obs\11obs\UDPStreamer.vcxproj]
  (compiling source file 'imgui/imgui_tables.cpp')
  
D:\a\11obs\11obs\imgui\imgui.h(649,40): error C2238: unexpected token(s) preceding ';' [D:\a\11obs\11obs\UDPStreamer.vcxproj]
  (compiling source file 'imgui/imgui_tables.cpp')
  
D:\a\11obs\11obs\imgui\imgui.h(651,10): error C2039: 'vector': is not a member of 'std' [D:\a\11obs\11obs\UDPStreamer.vcxproj]
  (compiling source file 'imgui/imgui_tables.cpp')
      C:\Program Files (x86)\Windows Kits\10\Include\10.0.26100.0\ucrt\stddef.h(23,15):
      see declaration of 'std'
  
D:\a\11obs\11obs\imgui\imgui.h(651,16): error C2143: syntax error: missing ';' before '<' [D:\a\11obs\11obs\UDPStreamer.vcxproj]
  (compiling source file 'imgui/imgui_tables.cpp')
  
D:\a\11obs\11obs\imgui\imgui.h(651,10): error C4430: missing type specifier - int assumed. Note: C++ does not support default-int [D:\a\11obs\11obs\UDPStreamer.vcxproj]
  (compiling source file 'imgui/imgui_tables.cpp')
  
D:\a\11obs\11obs\imgui\imgui.h(651,38): error C2238: unexpected token(s) preceding ';' [D:\a\11obs\11obs\UDPStreamer.vcxproj]
  (compiling source file 'imgui/imgui_tables.cpp')
  
D:\a\11obs\11obs\imgui\imgui.h(640,67): error C2440: 'initializing': cannot convert from 'int' to 'ImDrawListFlags' [D:\a\11obs\11obs\UDPStreamer.vcxproj]
  (compiling source file 'imgui/imgui_tables.cpp')
      D:\a\11obs\11obs\imgui\imgui.h(640,67):
      Conversion to enumeration type requires an explicit cast (static_cast, C-style cast or parenthesized function-style cast)
  
D:\a\11obs\11obs\imgui\imgui.h(640,67): error C2439: 'ImDrawList::flags': member could not be initialized [D:\a\11obs\11obs\UDPStreamer.vcxproj]
  (compiling source file 'imgui/imgui_tables.cpp')
      D:\a\11obs\11obs\imgui\imgui.h(644,21):
      see declaration of 'ImDrawList::flags'
  
D:\a\11obs\11obs\imgui\imgui.h(640,20): error C2614: 'ImDrawList': illegal member initialization: 'vtx_buffer' is not a base or member [D:\a\11obs\11obs\UDPStreamer.vcxproj]
  (compiling source file 'imgui/imgui_tables.cpp')
  
D:\a\11obs\11obs\imgui\imgui.h(640,34): error C2614: 'ImDrawList': illegal member initialization: 'idx_buffer' is not a base or member [D:\a\11obs\11obs\UDPStreamer.vcxproj]
  (compiling source file 'imgui/imgui_tables.cpp')
  
D:\a\11obs\11obs\imgui\imgui.h(640,48): error C2614: 'ImDrawList': illegal member initialization: 'cmd_buffer' is not a base or member [D:\a\11obs\11obs\UDPStreamer.vcxproj]
  (compiling source file 'imgui/imgui_tables.cpp')
  
D:\a\11obs\11obs\imgui\imgui.h(640,133): error C2614: 'ImDrawList': illegal member initialization: 'clip_rect_stack' is not a base or member [D:\a\11obs\11obs\UDPStreamer.vcxproj]
  (compiling source file 'imgui/imgui_tables.cpp')
  
D:\a\11obs\11obs\imgui\imgui.h(640,152): error C2614: 'ImDrawList': illegal member initialization: 'texture_id_stack' is not a base or member [D:\a\11obs\11obs\UDPStreamer.vcxproj]
  (compiling source file 'imgui/imgui_tables.cpp')
  
D:\a\11obs\11obs\imgui\imgui.h(640,198): error C2614: 'ImDrawList': illegal member initialization: 'channels' is not a base or member [D:\a\11obs\11obs\UDPStreamer.vcxproj]
  (compiling source file 'imgui/imgui_tables.cpp')
  
D:\a\11obs\11obs\imgui\imgui.h(672,13): error C3646: 'codepoint': unknown override specifier [D:\a\11obs\11obs\UDPStreamer.vcxproj]
  (compiling source file 'imgui/imgui_tables.cpp')
  
D:\a\11obs\11obs\imgui\imgui.h(672,5): error C4430: missing type specifier - int assumed. Note: C++ does not support default-int [D:\a\11obs\11obs\UDPStreamer.vcxproj]
  (compiling source file 'imgui/imgui_tables.cpp')
  
D:\a\11obs\11obs\imgui\imgui.h(671,21): error C2614: 'ImFontGlyph': illegal member initialization: 'codepoint' is not a base or member [D:\a\11obs\11obs\UDPStreamer.vcxproj]
  (compiling source file 'imgui/imgui_tables.cpp')
  
D:\a\11obs\11obs\imgui\imgui.h(688,5): error C4430: missing type specifier - int assumed. Note: C++ does not support default-int [D:\a\11obs\11obs\UDPStreamer.vcxproj]
  (compiling source file 'imgui/imgui_tables.cpp')
  
D:\a\11obs\11obs\imgui\imgui.h(688,18): error C2143: syntax error: missing ';' before '*' [D:\a\11obs\11obs\UDPStreamer.vcxproj]
  (compiling source file 'imgui/imgui_tables.cpp')
  
D:\a\11obs\11obs\imgui\imgui.h(688,31): error C2238: unexpected token(s) preceding ';' [D:\a\11obs\11obs\UDPStreamer.vcxproj]
  (compiling source file 'imgui/imgui_tables.cpp')
  
D:\a\11obs\11obs\imgui\imgui.h(697,13): error C3646: 'EllipsisChar': unknown override specifier [D:\a\11obs\11obs\UDPStreamer.vcxproj]
  (compiling source file 'imgui/imgui_tables.cpp')
  
D:\a\11obs\11obs\imgui\imgui.h(697,5): error C4430: missing type specifier - int assumed. Note: C++ does not support default-int [D:\a\11obs\11obs\UDPStreamer.vcxproj]
  (compiling source file 'imgui/imgui_tables.cpp')
  
D:\a\11obs\11obs\imgui\imgui.h(680,360): error C2789: 'ImFontConfig::ImWchar': an object of const-qualified type must be initialized [D:\a\11obs\11obs\UDPStreamer.vcxproj]
  (compiling source file 'imgui/imgui_tables.cpp')
      D:\a\11obs\11obs\imgui\imgui.h(688,11):
      see declaration of 'ImFontConfig::ImWchar'
  
D:\a\11obs\11obs\imgui\imgui.h(680,150): error C2614: 'ImFontConfig': illegal member initialization: 'GlyphRanges' is not a base or member [D:\a\11obs\11obs\UDPStreamer.vcxproj]
  (compiling source file 'imgui/imgui_tables.cpp')
  
D:\a\11obs\11obs\imgui\imgui.h(680,339): error C2614: 'ImFontConfig': illegal member initialization: 'EllipsisChar' is not a base or member [D:\a\11obs\11obs\UDPStreamer.vcxproj]
  (compiling source file 'imgui/imgui_tables.cpp')
  
D:\a\11obs\11obs\imgui\imgui.h(707,10): error C2143: syntax error: missing ';' before '*' [D:\a\11obs\11obs\UDPStreamer.vcxproj]
  (compiling source file 'imgui/imgui_tables.cpp')
  
D:\a\11obs\11obs\imgui\imgui.h(707,5): error C4430: missing type specifier - int assumed. Note: C++ does not support default-int [D:\a\11obs\11obs\UDPStreamer.vcxproj]
  (compiling source file 'imgui/imgui_tables.cpp')
  
D:\a\11obs\11obs\imgui\imgui.h(707,27): error C2238: unexpected token(s) preceding ';' [D:\a\11obs\11obs\UDPStreamer.vcxproj]
  (compiling source file 'imgui/imgui_tables.cpp')
  
D:\a\11obs\11obs\imgui\imgui.h(710,14): error C2065: 'ImWchar': undeclared identifier [D:\a\11obs\11obs\UDPStreamer.vcxproj]
  (compiling source file 'imgui/imgui_tables.cpp')
  
D:\a\11obs\11obs\imgui\imgui.h(710,5): error C2923: 'ImVector': 'ImWchar' is not a valid template type argument for parameter 'T' [D:\a\11obs\11obs\UDPStreamer.vcxproj]
  (compiling source file 'imgui/imgui_tables.cpp')
      D:\a\11obs\11obs\imgui\imgui.h(710,14):
      see declaration of 'ImWchar'
  
D:\a\11obs\11obs\imgui\imgui.h(710,24): error C2955: 'ImVector': use of class template requires template argument list [D:\a\11obs\11obs\UDPStreamer.vcxproj]
  (compiling source file 'imgui/imgui_tables.cpp')
      D:\a\11obs\11obs\imgui\imgui.h(579,8):
      see declaration of 'ImVector'
  
D:\a\11obs\11obs\imgui\imgui.h(711,14): error C2065: 'ImFontAtlasCustomRect': undeclared identifier [D:\a\11obs\11obs\UDPStreamer.vcxproj]
  (compiling source file 'imgui/imgui_tables.cpp')
  
D:\a\11obs\11obs\imgui\imgui.h(711,5): error C2923: 'ImVector': 'ImFontAtlasCustomRect' is not a valid template type argument for parameter 'T' [D:\a\11obs\11obs\UDPStreamer.vcxproj]
  (compiling source file 'imgui/imgui_tables.cpp')
      D:\a\11obs\11obs\imgui\imgui.h(711,14):
      see declaration of 'ImFontAtlasCustomRect'
  
D:\a\11obs\11obs\imgui\imgui.h(711,37): error C2955: 'ImVector': use of class template requires template argument list [D:\a\11obs\11obs\UDPStreamer.vcxproj]
  (compiling source file 'imgui/imgui_tables.cpp')
      D:\a\11obs\11obs\imgui\imgui.h(579,8):
      see declaration of 'ImVector'
  
D:\a\11obs\11obs\imgui\imgui.h(702,243): error C2440: 'initializing': cannot convert from 'int' to 'ImFontAtlasFlags' [D:\a\11obs\11obs\UDPStreamer.vcxproj]
  (compiling source file 'imgui/imgui_tables.cpp')
      D:\a\11obs\11obs\imgui\imgui.h(702,243):
      Conversion to enumeration type requires an explicit cast (static_cast, C-style cast or parenthesized function-style cast)
  
D:\a\11obs\11obs\imgui\imgui.h(702,243): error C2439: 'ImFontAtlas::Flags': member could not be initialized [D:\a\11obs\11obs\UDPStreamer.vcxproj]
  (compiling source file 'imgui/imgui_tables.cpp')
      D:\a\11obs\11obs\imgui\imgui.h(713,22):
      see declaration of 'ImFontAtlas::Flags'
  
D:\a\11obs\11obs\imgui\imgui.h(702,110): error C2614: 'ImFontAtlas': illegal member initialization: 'TexPixelsRgba32' is not a base or member [D:\a\11obs\11obs\UDPStreamer.vcxproj]
  (compiling source file 'imgui/imgui_tables.cpp')
  
D:\a\11obs\11obs\imgui\imgui.h(730,14): error C2065: 'ImWchar': undeclared identifier [D:\a\11obs\11obs\UDPStreamer.vcxproj]
  (compiling source file 'imgui/imgui_tables.cpp')
  
D:\a\11obs\11obs\imgui\imgui.h(730,5): error C2923: 'ImVector': 'ImWchar' is not a valid template type argument for parameter 'T' [D:\a\11obs\11obs\UDPStreamer.vcxproj]
  (compiling source file 'imgui/imgui_tables.cpp')
      D:\a\11obs\11obs\imgui\imgui.h(730,14):
      see declaration of 'ImWchar'
  
D:\a\11obs\11obs\imgui\imgui.h(730,23): error C2955: 'ImVector': use of class template requires template argument list [D:\a\11obs\11obs\UDPStreamer.vcxproj]
  (compiling source file 'imgui/imgui_tables.cpp')
      D:\a\11obs\11obs\imgui\imgui.h(579,8):
      see declaration of 'ImVector'
  
D:\a\11obs\11obs\imgui\imgui.h(740,13): error C2079: 'ImGuiContext::IO' uses undefined struct 'ImGuiIO' [D:\a\11obs\11obs\UDPStreamer.vcxproj]
  (compiling source file 'imgui/imgui_tables.cpp')
  
D:\a\11obs\11obs\imgui\imgui.h(741,16): error C2079: 'ImGuiContext::Style' uses undefined struct 'ImGuiStyle' [D:\a\11obs\11obs\UDPStreamer.vcxproj]
  (compiling source file 'imgui/imgui_tables.cpp')
  
D:\a\11obs\11obs\imgui\imgui.h(746,13): error C3646: 'HoveredId': unknown override specifier [D:\a\11obs\11obs\UDPStreamer.vcxproj]
  (compiling source file 'imgui/imgui_tables.cpp')
  
D:\a\11obs\11obs\imgui\imgui.h(746,5): error C4430: missing type specifier - int assumed. Note: C++ does not support default-int [D:\a\11obs\11obs\UDPStreamer.vcxproj]
  (compiling source file 'imgui/imgui_tables.cpp')
  
D:\a\11obs\11obs\imgui\imgui.h(747,13): error C3646: 'ActiveId': unknown override specifier [D:\a\11obs\11obs\UDPStreamer.vcxproj]
  (compiling source file 'imgui/imgui_tables.cpp')
  
D:\a\11obs\11obs\imgui\imgui.h(747,5): error C4430: missing type specifier - int assumed. Note: C++ does not support default-int [D:\a\11obs\11obs\UDPStreamer.vcxproj]
  (compiling source file 'imgui/imgui_tables.cpp')
  
D:\a\11obs\11obs\imgui\imgui.h(751,17): error C2143: syntax error: missing ';' before '*' [D:\a\11obs\11obs\UDPStreamer.vcxproj]
  (compiling source file 'imgui/imgui_tables.cpp')
  
D:\a\11obs\11obs\imgui\imgui.h(751,5): error C4430: missing type specifier - int assumed. Note: C++ does not support default-int [D:\a\11obs\11obs\UDPStreamer.vcxproj]
  (compiling source file 'imgui/imgui_tables.cpp')
  
D:\a\11obs\11obs\imgui\imgui.h(751,34): error C2238: unexpected token(s) preceding ';' [D:\a\11obs\11obs\UDPStreamer.vcxproj]
  (compiling source file 'imgui/imgui_tables.cpp')
  
D:\a\11obs\11obs\imgui\imgui.h(752,24): error C3646: 'DragDropSourceFlags': unknown override specifier [D:\a\11obs\11obs\UDPStreamer.vcxproj]
  (compiling source file 'imgui/imgui_tables.cpp')
  
D:\a\11obs\11obs\imgui\imgui.h(752,5): error C4430: missing type specifier - int assumed. Note: C++ does not support default-int [D:\a\11obs\11obs\UDPStreamer.vcxproj]
  (compiling source file 'imgui/imgui_tables.cpp')
  
D:\a\11obs\11obs\imgui\imgui.h(772,22): error C3646: 'KeyMods': unknown override specifier [D:\a\11obs\11obs\UDPStreamer.vcxproj]
  (compiling source file 'imgui/imgui_tables.cpp')
  
D:\a\11obs\11obs\imgui\imgui.h(772,5): error C4430: missing type specifier - int assumed. Note: C++ does not support default-int [D:\a\11obs\11obs\UDPStreamer.vcxproj]
  (compiling source file 'imgui/imgui_tables.cpp')
  
D:\a\11obs\11obs\imgui\imgui.h(777,14): error C2065: 'ImWchar': undeclared identifier [D:\a\11obs\11obs\UDPStreamer.vcxproj]
  (compiling source file 'imgui/imgui_tables.cpp')
  
D:\a\11obs\11obs\imgui\imgui.h(777,5): error C2923: 'ImVector': 'ImWchar' is not a valid template type argument for parameter 'T' [D:\a\11obs\11obs\UDPStreamer.vcxproj]
  (compiling source file 'imgui/imgui_tables.cpp')
      D:\a\11obs\11obs\imgui\imgui.h(777,14):
      see declaration of 'ImWchar'
  
D:\a\11obs\11obs\imgui\imgui.h(777,23): error C2955: 'ImVector': use of class template requires template argument list [D:\a\11obs\11obs\UDPStreamer.vcxproj]
  (compiling source file 'imgui/imgui_tables.cpp')
      D:\a\11obs\11obs\imgui\imgui.h(579,8):
      see declaration of 'ImVector'
  
D:\a\11obs\11obs\imgui\imgui.h(778,24): error C2143: syntax error: missing ';' before '*' [D:\a\11obs\11obs\UDPStreamer.vcxproj]
  (compiling source file 'imgui/imgui_tables.cpp')
  
D:\a\11obs\11obs\imgui\imgui.h(778,5): error C4430: missing type specifier - int assumed. Note: C++ does not support default-int [D:\a\11obs\11obs\UDPStreamer.vcxproj]
  (compiling source file 'imgui/imgui_tables.cpp')
  
D:\a\11obs\11obs\imgui\imgui.h(778,40): error C2238: unexpected token(s) preceding ';' [D:\a\11obs\11obs\UDPStreamer.vcxproj]
  (compiling source file 'imgui/imgui_tables.cpp')
  
D:\a\11obs\11obs\imgui\imgui.h(790,13): error C3646: 'NavId': unknown override specifier [D:\a\11obs\11obs\UDPStreamer.vcxproj]
  (compiling source file 'imgui/imgui_tables.cpp')
  
D:\a\11obs\11obs\imgui\imgui.h(790,5): error C4430: missing type specifier - int assumed. Note: C++ does not support default-int [D:\a\11obs\11obs\UDPStreamer.vcxproj]
  (compiling source file 'imgui/imgui_tables.cpp')
  
D:\a\11obs\11obs\imgui\imgui.h(791,13): error C3646: 'NavIdPrev': unknown override specifier [D:\a\11obs\11obs\UDPStreamer.vcxproj]
  (compiling source file 'imgui/imgui_tables.cpp')
  
D:\a\11obs\11obs\imgui\imgui.h(791,5): error C4430: missing type specifier - int assumed. Note: C++ does not support default-int [D:\a\11obs\11obs\UDPStreamer.vcxproj]
  (compiling source file 'imgui/imgui_tables.cpp')
  
D:\a\11obs\11obs\imgui\imgui.h(797,14): error C2065: 'ImGuiNavItemData': undeclared identifier [D:\a\11obs\11obs\UDPStreamer.vcxproj]
  (compiling source file 'imgui/imgui_tables.cpp')
  
D:\a\11obs\11obs\imgui\imgui.h(797,5): error C2923: 'ImVector': 'ImGuiNavItemData' is not a valid template type argument for parameter 'T' [D:\a\11obs\11obs\UDPStreamer.vcxproj]
  (compiling source file 'imgui/imgui_tables.cpp')
      D:\a\11obs\11obs\imgui\imgui.h(797,14):
      see declaration of 'ImGuiNavItemData'
  
D:\a\11obs\11obs\imgui\imgui.h(797,32): error C2955: 'ImVector': use of class template requires template argument list [D:\a\11obs\11obs\UDPStreamer.vcxproj]
  (compiling source file 'imgui/imgui_tables.cpp')
      D:\a\11obs\11obs\imgui\imgui.h(579,8):
      see declaration of 'ImVector'
  
D:\a\11obs\11obs\imgui\imgui.h(803,20): error C2143: syntax error: missing ';' before '*' [D:\a\11obs\11obs\UDPStreamer.vcxproj]
  (compiling source file 'imgui/imgui_tables.cpp')
  
D:\a\11obs\11obs\imgui\imgui.h(803,5): error C4430: missing type specifier - int assumed. Note: C++ does not support default-int [D:\a\11obs\11obs\UDPStreamer.vcxproj]
  (compiling source file 'imgui/imgui_tables.cpp')
  
D:\a\11obs\11obs\imgui\imgui.h(803,32): error C2238: unexpected token(s) preceding ';' [D:\a\11obs\11obs\UDPStreamer.vcxproj]
  (compiling source file 'imgui/imgui_tables.cpp')
  
D:\a\11obs\11obs\imgui\imgui.h(805,12): error C2143: syntax error: missing ';' before '*' [D:\a\11obs\11obs\UDPStreamer.vcxproj]
  (compiling source file 'imgui/imgui_tables.cpp')
  
D:\a\11obs\11obs\imgui\imgui.h(805,5): error C4430: missing type specifier - int assumed. Note: C++ does not support default-int [D:\a\11obs\11obs\UDPStreamer.vcxproj]
  (compiling source file 'imgui/imgui_tables.cpp')
  
D:\a\11obs\11obs\imgui\imgui.h(805,37): error C2238: unexpected token(s) preceding ';' [D:\a\11obs\11obs\UDPStreamer.vcxproj]
  (compiling source file 'imgui/imgui_tables.cpp')
  
D:\a\11obs\11obs\imgui\imgui.h(806,12): error C2143: syntax error: missing ';' before '*' [D:\a\11obs\11obs\UDPStreamer.vcxproj]
  (compiling source file 'imgui/imgui_tables.cpp')
  
D:\a\11obs\11obs\imgui\imgui.h(806,5): error C4430: missing type specifier - int assumed. Note: C++ does not support default-int [D:\a\11obs\11obs\UDPStreamer.vcxproj]
  (compiling source file 'imgui/imgui_tables.cpp')
  
D:\a\11obs\11obs\imgui\imgui.h(806,36): error C2238: unexpected token(s) preceding ';' [D:\a\11obs\11obs\UDPStreamer.vcxproj]
  (compiling source file 'imgui/imgui_tables.cpp')
  
D:\a\11obs\11obs\imgui\imgui.h(811,14): error C2065: 'ImGuiItemFlags': undeclared identifier [D:\a\11obs\11obs\UDPStreamer.vcxproj]
  (compiling source file 'imgui/imgui_tables.cpp')
  
  imgui_impl_win32.cpp
D:\a\11obs\11obs\imgui\imgui.h(811,5): error C2923: 'ImVector': 'ImGuiItemFlags' is not a valid template type argument for parameter 'T' [D:\a\11obs\11obs\UDPStreamer.vcxproj]
  (compiling source file 'imgui/imgui_tables.cpp')
      D:\a\11obs\11obs\imgui\imgui.h(811,14):
      see declaration of 'ImGuiItemFlags'
  
D:\a\11obs\11obs\imgui\imgui.h(811,30): error C2955: 'ImVector': use of class template requires template argument list [D:\a\11obs\11obs\UDPStreamer.vcxproj]
  (compiling source file 'imgui/imgui_tables.cpp')
      D:\a\11obs\11obs\imgui\imgui.h(579,8):
      see declaration of 'ImVector'
  
D:\a\11obs\11obs\imgui\imgui.h(818,14): error C2065: 'ImGuiColumnsSet': undeclared identifier [D:\a\11obs\11obs\UDPStreamer.vcxproj]
  (compiling source file 'imgui/imgui_tables.cpp')
  
D:\a\11obs\11obs\imgui\imgui.h(818,5): error C2923: 'ImVector': 'ImGuiColumnsSet' is not a valid template type argument for parameter 'T' [D:\a\11obs\11obs\UDPStreamer.vcxproj]
  (compiling source file 'imgui/imgui_tables.cpp')
      D:\a\11obs\11obs\imgui\imgui.h(818,14):
      see declaration of 'ImGuiColumnsSet'
  
D:\a\11obs\11obs\imgui\imgui.h(818,31): error C2955: 'ImVector': use of class template requires template argument list [D:\a\11obs\11obs\UDPStreamer.vcxproj]
  (compiling source file 'imgui/imgui_tables.cpp')
      D:\a\11obs\11obs\imgui\imgui.h(579,8):
      see declaration of 'ImVector'
  
D:\a\11obs\11obs\imgui\imgui.h(819,14): error C2065: 'ImGuiGroupData': undeclared identifier [D:\a\11obs\11obs\UDPStreamer.vcxproj]
  (compiling source file 'imgui/imgui_tables.cpp')
  
D:\a\11obs\11obs\imgui\imgui.h(819,14): error C1003: error count exceeds 100; stopping compilation [D:\a\11obs\11obs\UDPStreamer.vcxproj]
  (compiling source file 'imgui/imgui_tables.cpp')
  
D:\a\11obs\11obs\imgui\imgui.h(617,11): error C3646: 'col': unknown override specifier [D:\a\11obs\11obs\UDPStreamer.vcxproj]
  (compiling source file 'imgui/imgui_impl_win32.cpp')
  
D:\a\11obs\11obs\imgui\imgui.h(617,5): error C4430: missing type specifier - int assumed. Note: C++ does not support default-int [D:\a\11obs\11obs\UDPStreamer.vcxproj]
  (compiling source file 'imgui/imgui_impl_win32.cpp')
  
D:\a\11obs\11obs\imgui\imgui.h(619,55): error C2061: syntax error: identifier 'ImU32' [D:\a\11obs\11obs\UDPStreamer.vcxproj]
  (compiling source file 'imgui/imgui_impl_win32.cpp')
  
D:\a\11obs\11obs\imgui\imgui.h(618,41): error C2614: 'ImDrawVert': illegal member initialization: 'col' is not a base or member [D:\a\11obs\11obs\UDPStreamer.vcxproj]
  (compiling source file 'imgui/imgui_impl_win32.cpp')
  
D:\a\11obs\11obs\imgui\imgui.h(619,93): error C2065: '_col': undeclared identifier [D:\a\11obs\11obs\UDPStreamer.vcxproj]
  (compiling source file 'imgui/imgui_impl_win32.cpp')
  
D:\a\11obs\11obs\imgui\imgui.h(619,89): error C2614: 'ImDrawVert': illegal member initialization: 'col' is not a base or member [D:\a\11obs\11obs\UDPStreamer.vcxproj]
  (compiling source file 'imgui/imgui_impl_win32.cpp')
  
D:\a\11obs\11obs\imgui\imgui.h(627,113): error C2440: 'initializing': cannot convert from 'int' to 'ImDrawCmdFlags' [D:\a\11obs\11obs\UDPStreamer.vcxproj]
  (compiling source file 'imgui/imgui_impl_win32.cpp')
      D:\a\11obs\11obs\imgui\imgui.h(627,113):
      Conversion to enumeration type requires an explicit cast (static_cast, C-style cast or parenthesized function-style cast)
  
D:\a\11obs\11obs\imgui\imgui.h(627,113): error C2439: 'ImDrawCmd::flags': member could not be initialized [D:\a\11obs\11obs\UDPStreamer.vcxproj]
  (compiling source file 'imgui/imgui_impl_win32.cpp')
      D:\a\11obs\11obs\imgui\imgui.h(633,20):
      see declaration of 'ImDrawCmd::flags'
  
D:\a\11obs\11obs\imgui\imgui.h(641,10): error C2039: 'vector': is not a member of 'std' [D:\a\11obs\11obs\UDPStreamer.vcxproj]
  (compiling source file 'imgui/imgui_impl_win32.cpp')
      C:\Program Files (x86)\Windows Kits\10\Include\10.0.26100.0\ucrt\stddef.h(23,15):
      see declaration of 'std'
  
D:\a\11obs\11obs\imgui\imgui.h(641,16): error C2143: syntax error: missing ';' before '<' [D:\a\11obs\11obs\UDPStreamer.vcxproj]
  (compiling source file 'imgui/imgui_impl_win32.cpp')
  
D:\a\11obs\11obs\imgui\imgui.h(641,10): error C4430: missing type specifier - int assumed. Note: C++ does not support default-int [D:\a\11obs\11obs\UDPStreamer.vcxproj]
  (compiling source file 'imgui/imgui_impl_win32.cpp')
  
D:\a\11obs\11obs\imgui\imgui.h(641,39): error C2238: unexpected token(s) preceding ';' [D:\a\11obs\11obs\UDPStreamer.vcxproj]
  (compiling source file 'imgui/imgui_impl_win32.cpp')
  
D:\a\11obs\11obs\imgui\imgui.h(642,10): error C2039: 'vector': is not a member of 'std' [D:\a\11obs\11obs\UDPStreamer.vcxproj]
  (compiling source file 'imgui/imgui_impl_win32.cpp')
      C:\Program Files (x86)\Windows Kits\10\Include\10.0.26100.0\ucrt\stddef.h(23,15):
      see declaration of 'std'
  
D:\a\11obs\11obs\imgui\imgui.h(642,16): error C2143: syntax error: missing ';' before '<' [D:\a\11obs\11obs\UDPStreamer.vcxproj]
  (compiling source file 'imgui/imgui_impl_win32.cpp')
  
D:\a\11obs\11obs\imgui\imgui.h(642,10): error C4430: missing type specifier - int assumed. Note: C++ does not support default-int [D:\a\11obs\11obs\UDPStreamer.vcxproj]
  (compiling source file 'imgui/imgui_impl_win32.cpp')
  
D:\a\11obs\11obs\imgui\imgui.h(642,38): error C2238: unexpected token(s) preceding ';' [D:\a\11obs\11obs\UDPStreamer.vcxproj]
  (compiling source file 'imgui/imgui_impl_win32.cpp')
  
D:\a\11obs\11obs\imgui\imgui.h(643,10): error C2039: 'vector': is not a member of 'std' [D:\a\11obs\11obs\UDPStreamer.vcxproj]
  (compiling source file 'imgui/imgui_impl_win32.cpp')
      C:\Program Files (x86)\Windows Kits\10\Include\10.0.26100.0\ucrt\stddef.h(23,15):
      see declaration of 'std'
  
D:\a\11obs\11obs\imgui\imgui.h(643,16): error C2143: syntax error: missing ';' before '<' [D:\a\11obs\11obs\UDPStreamer.vcxproj]
  (compiling source file 'imgui/imgui_impl_win32.cpp')
  
D:\a\11obs\11obs\imgui\imgui.h(643,10): error C4430: missing type specifier - int assumed. Note: C++ does not support default-int [D:\a\11obs\11obs\UDPStreamer.vcxproj]
  (compiling source file 'imgui/imgui_impl_win32.cpp')
  
D:\a\11obs\11obs\imgui\imgui.h(643,38): error C2238: unexpected token(s) preceding ';' [D:\a\11obs\11obs\UDPStreamer.vcxproj]
  (compiling source file 'imgui/imgui_impl_win32.cpp')
  
D:\a\11obs\11obs\imgui\imgui.h(648,10): error C2039: 'vector': is not a member of 'std' [D:\a\11obs\11obs\UDPStreamer.vcxproj]
  (compiling source file 'imgui/imgui_impl_win32.cpp')
      C:\Program Files (x86)\Windows Kits\10\Include\10.0.26100.0\ucrt\stddef.h(23,15):
      see declaration of 'std'
  
D:\a\11obs\11obs\imgui\imgui.h(648,16): error C2143: syntax error: missing ';' before '<' [D:\a\11obs\11obs\UDPStreamer.vcxproj]
  (compiling source file 'imgui/imgui_impl_win32.cpp')
  
D:\a\11obs\11obs\imgui\imgui.h(648,10): error C4430: missing type specifier - int assumed. Note: C++ does not support default-int [D:\a\11obs\11obs\UDPStreamer.vcxproj]
  (compiling source file 'imgui/imgui_impl_win32.cpp')
  
D:\a\11obs\11obs\imgui\imgui.h(648,40): error C2238: unexpected token(s) preceding ';' [D:\a\11obs\11obs\UDPStreamer.vcxproj]
  (compiling source file 'imgui/imgui_impl_win32.cpp')
  
D:\a\11obs\11obs\imgui\imgui.h(649,10): error C2039: 'vector': is not a member of 'std' [D:\a\11obs\11obs\UDPStreamer.vcxproj]
  (compiling source file 'imgui/imgui_impl_win32.cpp')
      C:\Program Files (x86)\Windows Kits\10\Include\10.0.26100.0\ucrt\stddef.h(23,15):
      see declaration of 'std'
  
D:\a\11obs\11obs\imgui\imgui.h(649,16): error C2143: syntax error: missing ';' before '<' [D:\a\11obs\11obs\UDPStreamer.vcxproj]
  (compiling source file 'imgui/imgui_impl_win32.cpp')
  
D:\a\11obs\11obs\imgui\imgui.h(649,10): error C4430: missing type specifier - int assumed. Note: C++ does not support default-int [D:\a\11obs\11obs\UDPStreamer.vcxproj]
  (compiling source file 'imgui/imgui_impl_win32.cpp')
  
D:\a\11obs\11obs\imgui\imgui.h(649,40): error C2238: unexpected token(s) preceding ';' [D:\a\11obs\11obs\UDPStreamer.vcxproj]
  (compiling source file 'imgui/imgui_impl_win32.cpp')
  
D:\a\11obs\11obs\imgui\imgui.h(651,10): error C2039: 'vector': is not a member of 'std' [D:\a\11obs\11obs\UDPStreamer.vcxproj]
  (compiling source file 'imgui/imgui_impl_win32.cpp')
      C:\Program Files (x86)\Windows Kits\10\Include\10.0.26100.0\ucrt\stddef.h(23,15):
      see declaration of 'std'
  
D:\a\11obs\11obs\imgui\imgui.h(651,16): error C2143: syntax error: missing ';' before '<' [D:\a\11obs\11obs\UDPStreamer.vcxproj]
  (compiling source file 'imgui/imgui_impl_win32.cpp')
  
D:\a\11obs\11obs\imgui\imgui.h(651,10): error C4430: missing type specifier - int assumed. Note: C++ does not support default-int [D:\a\11obs\11obs\UDPStreamer.vcxproj]
  (compiling source file 'imgui/imgui_impl_win32.cpp')
  
D:\a\11obs\11obs\imgui\imgui.h(651,38): error C2238: unexpected token(s) preceding ';' [D:\a\11obs\11obs\UDPStreamer.vcxproj]
  (compiling source file 'imgui/imgui_impl_win32.cpp')
  
D:\a\11obs\11obs\imgui\imgui.h(640,67): error C2440: 'initializing': cannot convert from 'int' to 'ImDrawListFlags' [D:\a\11obs\11obs\UDPStreamer.vcxproj]
  (compiling source file 'imgui/imgui_impl_win32.cpp')
      D:\a\11obs\11obs\imgui\imgui.h(640,67):
      Conversion to enumeration type requires an explicit cast (static_cast, C-style cast or parenthesized function-style cast)
  
D:\a\11obs\11obs\imgui\imgui.h(640,67): error C2439: 'ImDrawList::flags': member could not be initialized [D:\a\11obs\11obs\UDPStreamer.vcxproj]
  (compiling source file 'imgui/imgui_impl_win32.cpp')
      D:\a\11obs\11obs\imgui\imgui.h(644,21):
      see declaration of 'ImDrawList::flags'
  
D:\a\11obs\11obs\imgui\imgui.h(640,20): error C2614: 'ImDrawList': illegal member initialization: 'vtx_buffer' is not a base or member [D:\a\11obs\11obs\UDPStreamer.vcxproj]
  (compiling source file 'imgui/imgui_impl_win32.cpp')
  
D:\a\11obs\11obs\imgui\imgui.h(640,34): error C2614: 'ImDrawList': illegal member initialization: 'idx_buffer' is not a base or member [D:\a\11obs\11obs\UDPStreamer.vcxproj]
  (compiling source file 'imgui/imgui_impl_win32.cpp')
  
D:\a\11obs\11obs\imgui\imgui.h(640,48): error C2614: 'ImDrawList': illegal member initialization: 'cmd_buffer' is not a base or member [D:\a\11obs\11obs\UDPStreamer.vcxproj]
  (compiling source file 'imgui/imgui_impl_win32.cpp')
  
D:\a\11obs\11obs\imgui\imgui.h(640,133): error C2614: 'ImDrawList': illegal member initialization: 'clip_rect_stack' is not a base or member [D:\a\11obs\11obs\UDPStreamer.vcxproj]
  (compiling source file 'imgui/imgui_impl_win32.cpp')
  
D:\a\11obs\11obs\imgui\imgui.h(640,152): error C2614: 'ImDrawList': illegal member initialization: 'texture_id_stack' is not a base or member [D:\a\11obs\11obs\UDPStreamer.vcxproj]
  (compiling source file 'imgui/imgui_impl_win32.cpp')
  
D:\a\11obs\11obs\imgui\imgui.h(640,198): error C2614: 'ImDrawList': illegal member initialization: 'channels' is not a base or member [D:\a\11obs\11obs\UDPStreamer.vcxproj]
  (compiling source file 'imgui/imgui_impl_win32.cpp')
  
D:\a\11obs\11obs\imgui\imgui.h(672,13): error C3646: 'codepoint': unknown override specifier [D:\a\11obs\11obs\UDPStreamer.vcxproj]
  (compiling source file 'imgui/imgui_impl_win32.cpp')
  
D:\a\11obs\11obs\imgui\imgui.h(672,5): error C4430: missing type specifier - int assumed. Note: C++ does not support default-int [D:\a\11obs\11obs\UDPStreamer.vcxproj]
  (compiling source file 'imgui/imgui_impl_win32.cpp')
  
D:\a\11obs\11obs\imgui\imgui.h(671,21): error C2614: 'ImFontGlyph': illegal member initialization: 'codepoint' is not a base or member [D:\a\11obs\11obs\UDPStreamer.vcxproj]
  (compiling source file 'imgui/imgui_impl_win32.cpp')
  
D:\a\11obs\11obs\imgui\imgui.h(688,5): error C4430: missing type specifier - int assumed. Note: C++ does not support default-int [D:\a\11obs\11obs\UDPStreamer.vcxproj]
  (compiling source file 'imgui/imgui_impl_win32.cpp')
  
D:\a\11obs\11obs\imgui\imgui.h(688,18): error C2143: syntax error: missing ';' before '*' [D:\a\11obs\11obs\UDPStreamer.vcxproj]
  (compiling source file 'imgui/imgui_impl_win32.cpp')
  
D:\a\11obs\11obs\imgui\imgui.h(688,31): error C2238: unexpected token(s) preceding ';' [D:\a\11obs\11obs\UDPStreamer.vcxproj]
  (compiling source file 'imgui/imgui_impl_win32.cpp')
  
D:\a\11obs\11obs\imgui\imgui.h(697,13): error C3646: 'EllipsisChar': unknown override specifier [D:\a\11obs\11obs\UDPStreamer.vcxproj]
  (compiling source file 'imgui/imgui_impl_win32.cpp')
  
D:\a\11obs\11obs\imgui\imgui.h(697,5): error C4430: missing type specifier - int assumed. Note: C++ does not support default-int [D:\a\11obs\11obs\UDPStreamer.vcxproj]
  (compiling source file 'imgui/imgui_impl_win32.cpp')
  
D:\a\11obs\11obs\imgui\imgui.h(680,360): error C2789: 'ImFontConfig::ImWchar': an object of const-qualified type must be initialized [D:\a\11obs\11obs\UDPStreamer.vcxproj]
  (compiling source file 'imgui/imgui_impl_win32.cpp')
      D:\a\11obs\11obs\imgui\imgui.h(688,11):
      see declaration of 'ImFontConfig::ImWchar'
  
D:\a\11obs\11obs\imgui\imgui.h(680,150): error C2614: 'ImFontConfig': illegal member initialization: 'GlyphRanges' is not a base or member [D:\a\11obs\11obs\UDPStreamer.vcxproj]
  (compiling source file 'imgui/imgui_impl_win32.cpp')
  
D:\a\11obs\11obs\imgui\imgui.h(680,339): error C2614: 'ImFontConfig': illegal member initialization: 'EllipsisChar' is not a base or member [D:\a\11obs\11obs\UDPStreamer.vcxproj]
  (compiling source file 'imgui/imgui_impl_win32.cpp')
  
D:\a\11obs\11obs\imgui\imgui.h(707,10): error C2143: syntax error: missing ';' before '*' [D:\a\11obs\11obs\UDPStreamer.vcxproj]
  (compiling source file 'imgui/imgui_impl_win32.cpp')
  
D:\a\11obs\11obs\imgui\imgui.h(707,5): error C4430: missing type specifier - int assumed. Note: C++ does not support default-int [D:\a\11obs\11obs\UDPStreamer.vcxproj]
  (compiling source file 'imgui/imgui_impl_win32.cpp')
  
D:\a\11obs\11obs\imgui\imgui.h(707,27): error C2238: unexpected token(s) preceding ';' [D:\a\11obs\11obs\UDPStreamer.vcxproj]
  (compiling source file 'imgui/imgui_impl_win32.cpp')
  
D:\a\11obs\11obs\imgui\imgui.h(710,14): error C2065: 'ImWchar': undeclared identifier [D:\a\11obs\11obs\UDPStreamer.vcxproj]
  (compiling source file 'imgui/imgui_impl_win32.cpp')
  
D:\a\11obs\11obs\imgui\imgui.h(710,5): error C2923: 'ImVector': 'ImWchar' is not a valid template type argument for parameter 'T' [D:\a\11obs\11obs\UDPStreamer.vcxproj]
  (compiling source file 'imgui/imgui_impl_win32.cpp')
      D:\a\11obs\11obs\imgui\imgui.h(710,14):
      see declaration of 'ImWchar'
  
D:\a\11obs\11obs\imgui\imgui.h(710,24): error C2955: 'ImVector': use of class template requires template argument list [D:\a\11obs\11obs\UDPStreamer.vcxproj]
  (compiling source file 'imgui/imgui_impl_win32.cpp')
      D:\a\11obs\11obs\imgui\imgui.h(579,8):
      see declaration of 'ImVector'
  
D:\a\11obs\11obs\imgui\imgui.h(711,14): error C2065: 'ImFontAtlasCustomRect': undeclared identifier [D:\a\11obs\11obs\UDPStreamer.vcxproj]
  (compiling source file 'imgui/imgui_impl_win32.cpp')
  
D:\a\11obs\11obs\imgui\imgui.h(711,5): error C2923: 'ImVector': 'ImFontAtlasCustomRect' is not a valid template type argument for parameter 'T' [D:\a\11obs\11obs\UDPStreamer.vcxproj]
  (compiling source file 'imgui/imgui_impl_win32.cpp')
      D:\a\11obs\11obs\imgui\imgui.h(711,14):
      see declaration of 'ImFontAtlasCustomRect'
  
D:\a\11obs\11obs\imgui\imgui.h(711,37): error C2955: 'ImVector': use of class template requires template argument list [D:\a\11obs\11obs\UDPStreamer.vcxproj]
  (compiling source file 'imgui/imgui_impl_win32.cpp')
      D:\a\11obs\11obs\imgui\imgui.h(579,8):
      see declaration of 'ImVector'
  
D:\a\11obs\11obs\imgui\imgui.h(702,243): error C2440: 'initializing': cannot convert from 'int' to 'ImFontAtlasFlags' [D:\a\11obs\11obs\UDPStreamer.vcxproj]
  (compiling source file 'imgui/imgui_impl_win32.cpp')
      D:\a\11obs\11obs\imgui\imgui.h(702,243):
      Conversion to enumeration type requires an explicit cast (static_cast, C-style cast or parenthesized function-style cast)
  
D:\a\11obs\11obs\imgui\imgui.h(702,243): error C2439: 'ImFontAtlas::Flags': member could not be initialized [D:\a\11obs\11obs\UDPStreamer.vcxproj]
  (compiling source file 'imgui/imgui_impl_win32.cpp')
      D:\a\11obs\11obs\imgui\imgui.h(713,22):
      see declaration of 'ImFontAtlas::Flags'
  
D:\a\11obs\11obs\imgui\imgui.h(702,110): error C2614: 'ImFontAtlas': illegal member initialization: 'TexPixelsRgba32' is not a base or member [D:\a\11obs\11obs\UDPStreamer.vcxproj]
  (compiling source file 'imgui/imgui_impl_win32.cpp')
  
D:\a\11obs\11obs\imgui\imgui.h(730,14): error C2065: 'ImWchar': undeclared identifier [D:\a\11obs\11obs\UDPStreamer.vcxproj]
  (compiling source file 'imgui/imgui_impl_win32.cpp')
  
D:\a\11obs\11obs\imgui\imgui.h(730,5): error C2923: 'ImVector': 'ImWchar' is not a valid template type argument for parameter 'T' [D:\a\11obs\11obs\UDPStreamer.vcxproj]
  (compiling source file 'imgui/imgui_impl_win32.cpp')
      D:\a\11obs\11obs\imgui\imgui.h(730,14):
      see declaration of 'ImWchar'
  
D:\a\11obs\11obs\imgui\imgui.h(730,23): error C2955: 'ImVector': use of class template requires template argument list [D:\a\11obs\11obs\UDPStreamer.vcxproj]
  (compiling source file 'imgui/imgui_impl_win32.cpp')
      D:\a\11obs\11obs\imgui\imgui.h(579,8):
      see declaration of 'ImVector'
  
D:\a\11obs\11obs\imgui\imgui.h(740,13): error C2079: 'ImGuiContext::IO' uses undefined struct 'ImGuiIO' [D:\a\11obs\11obs\UDPStreamer.vcxproj]
  (compiling source file 'imgui/imgui_impl_win32.cpp')
  
D:\a\11obs\11obs\imgui\imgui.h(741,16): error C2079: 'ImGuiContext::Style' uses undefined struct 'ImGuiStyle' [D:\a\11obs\11obs\UDPStreamer.vcxproj]
  (compiling source file 'imgui/imgui_impl_win32.cpp')
  
D:\a\11obs\11obs\imgui\imgui.h(746,13): error C3646: 'HoveredId': unknown override specifier [D:\a\11obs\11obs\UDPStreamer.vcxproj]
  (compiling source file 'imgui/imgui_impl_win32.cpp')
  
D:\a\11obs\11obs\imgui\imgui.h(746,5): error C4430: missing type specifier - int assumed. Note: C++ does not support default-int [D:\a\11obs\11obs\UDPStreamer.vcxproj]
  (compiling source file 'imgui/imgui_impl_win32.cpp')
  
D:\a\11obs\11obs\imgui\imgui.h(747,13): error C3646: 'ActiveId': unknown override specifier [D:\a\11obs\11obs\UDPStreamer.vcxproj]
  (compiling source file 'imgui/imgui_impl_win32.cpp')
  
D:\a\11obs\11obs\imgui\imgui.h(747,5): error C4430: missing type specifier - int assumed. Note: C++ does not support default-int [D:\a\11obs\11obs\UDPStreamer.vcxproj]
  (compiling source file 'imgui/imgui_impl_win32.cpp')
  
D:\a\11obs\11obs\imgui\imgui.h(751,17): error C2143: syntax error: missing ';' before '*' [D:\a\11obs\11obs\UDPStreamer.vcxproj]
  (compiling source file 'imgui/imgui_impl_win32.cpp')
  
D:\a\11obs\11obs\imgui\imgui.h(751,5): error C4430: missing type specifier - int assumed. Note: C++ does not support default-int [D:\a\11obs\11obs\UDPStreamer.vcxproj]
  (compiling source file 'imgui/imgui_impl_win32.cpp')
  
D:\a\11obs\11obs\imgui\imgui.h(751,34): error C2238: unexpected token(s) preceding ';' [D:\a\11obs\11obs\UDPStreamer.vcxproj]
  (compiling source file 'imgui/imgui_impl_win32.cpp')
  
D:\a\11obs\11obs\imgui\imgui.h(752,24): error C3646: 'DragDropSourceFlags': unknown override specifier [D:\a\11obs\11obs\UDPStreamer.vcxproj]
  (compiling source file 'imgui/imgui_impl_win32.cpp')
  
D:\a\11obs\11obs\imgui\imgui.h(752,5): error C4430: missing type specifier - int assumed. Note: C++ does not support default-int [D:\a\11obs\11obs\UDPStreamer.vcxproj]
  (compiling source file 'imgui/imgui_impl_win32.cpp')
  
D:\a\11obs\11obs\imgui\imgui.h(772,22): error C3646: 'KeyMods': unknown override specifier [D:\a\11obs\11obs\UDPStreamer.vcxproj]
  (compiling source file 'imgui/imgui_impl_win32.cpp')
  
D:\a\11obs\11obs\imgui\imgui.h(772,5): error C4430: missing type specifier - int assumed. Note: C++ does not support default-int [D:\a\11obs\11obs\UDPStreamer.vcxproj]
  (compiling source file 'imgui/imgui_impl_win32.cpp')
  
D:\a\11obs\11obs\imgui\imgui.h(777,14): error C2065: 'ImWchar': undeclared identifier [D:\a\11obs\11obs\UDPStreamer.vcxproj]
  (compiling source file 'imgui/imgui_impl_win32.cpp')
  
D:\a\11obs\11obs\imgui\imgui.h(777,5): error C2923: 'ImVector': 'ImWchar' is not a valid template type argument for parameter 'T' [D:\a\11obs\11obs\UDPStreamer.vcxproj]
  (compiling source file 'imgui/imgui_impl_win32.cpp')
      D:\a\11obs\11obs\imgui\imgui.h(777,14):
      see declaration of 'ImWchar'
  
D:\a\11obs\11obs\imgui\imgui.h(777,23): error C2955: 'ImVector': use of class template requires template argument list [D:\a\11obs\11obs\UDPStreamer.vcxproj]
  (compiling source file 'imgui/imgui_impl_win32.cpp')
      D:\a\11obs\11obs\imgui\imgui.h(579,8):
      see declaration of 'ImVector'
  
D:\a\11obs\11obs\imgui\imgui.h(778,24): error C2143: syntax error: missing ';' before '*' [D:\a\11obs\11obs\UDPStreamer.vcxproj]
  (compiling source file 'imgui/imgui_impl_win32.cpp')
  
D:\a\11obs\11obs\imgui\imgui.h(778,5): error C4430: missing type specifier - int assumed. Note: C++ does not support default-int [D:\a\11obs\11obs\UDPStreamer.vcxproj]
  (compiling source file 'imgui/imgui_impl_win32.cpp')
  
D:\a\11obs\11obs\imgui\imgui.h(778,40): error C2238: unexpected token(s) preceding ';' [D:\a\11obs\11obs\UDPStreamer.vcxproj]
  (compiling source file 'imgui/imgui_impl_win32.cpp')
  
D:\a\11obs\11obs\imgui\imgui.h(790,13): error C3646: 'NavId': unknown override specifier [D:\a\11obs\11obs\UDPStreamer.vcxproj]
  (compiling source file 'imgui/imgui_impl_win32.cpp')
  
D:\a\11obs\11obs\imgui\imgui.h(790,5): error C4430: missing type specifier - int assumed. Note: C++ does not support default-int [D:\a\11obs\11obs\UDPStreamer.vcxproj]
  (compiling source file 'imgui/imgui_impl_win32.cpp')
  
D:\a\11obs\11obs\imgui\imgui.h(791,13): error C3646: 'NavIdPrev': unknown override specifier [D:\a\11obs\11obs\UDPStreamer.vcxproj]
  (compiling source file 'imgui/imgui_impl_win32.cpp')
  
D:\a\11obs\11obs\imgui\imgui.h(791,5): error C4430: missing type specifier - int assumed. Note: C++ does not support default-int [D:\a\11obs\11obs\UDPStreamer.vcxproj]
  (compiling source file 'imgui/imgui_impl_win32.cpp')
  
D:\a\11obs\11obs\imgui\imgui.h(797,14): error C2065: 'ImGuiNavItemData': undeclared identifier [D:\a\11obs\11obs\UDPStreamer.vcxproj]
  (compiling source file 'imgui/imgui_impl_win32.cpp')
  
D:\a\11obs\11obs\imgui\imgui.h(797,5): error C2923: 'ImVector': 'ImGuiNavItemData' is not a valid template type argument for parameter 'T' [D:\a\11obs\11obs\UDPStreamer.vcxproj]
  (compiling source file 'imgui/imgui_impl_win32.cpp')
      D:\a\11obs\11obs\imgui\imgui.h(797,14):
      see declaration of 'ImGuiNavItemData'
  
D:\a\11obs\11obs\imgui\imgui.h(797,32): error C2955: 'ImVector': use of class template requires template argument list [D:\a\11obs\11obs\UDPStreamer.vcxproj]
  (compiling source file 'imgui/imgui_impl_win32.cpp')
      D:\a\11obs\11obs\imgui\imgui.h(579,8):
      see declaration of 'ImVector'
  
D:\a\11obs\11obs\imgui\imgui.h(803,20): error C2143: syntax error: missing ';' before '*' [D:\a\11obs\11obs\UDPStreamer.vcxproj]
  (compiling source file 'imgui/imgui_impl_win32.cpp')
  
D:\a\11obs\11obs\imgui\imgui.h(803,5): error C4430: missing type specifier - int assumed. Note: C++ does not support default-int [D:\a\11obs\11obs\UDPStreamer.vcxproj]
  (compiling source file 'imgui/imgui_impl_win32.cpp')
  
D:\a\11obs\11obs\imgui\imgui.h(803,32): error C2238: unexpected token(s) preceding ';' [D:\a\11obs\11obs\UDPStreamer.vcxproj]
  (compiling source file 'imgui/imgui_impl_win32.cpp')
  
D:\a\11obs\11obs\imgui\imgui.h(805,12): error C2143: syntax error: missing ';' before '*' [D:\a\11obs\11obs\UDPStreamer.vcxproj]
  (compiling source file 'imgui/imgui_impl_win32.cpp')
  
D:\a\11obs\11obs\imgui\imgui.h(805,5): error C4430: missing type specifier - int assumed. Note: C++ does not support default-int [D:\a\11obs\11obs\UDPStreamer.vcxproj]
  (compiling source file 'imgui/imgui_impl_win32.cpp')
  
D:\a\11obs\11obs\imgui\imgui.h(805,37): error C2238: unexpected token(s) preceding ';' [D:\a\11obs\11obs\UDPStreamer.vcxproj]
  (compiling source file 'imgui/imgui_impl_win32.cpp')
  
D:\a\11obs\11obs\imgui\imgui.h(806,12): error C2143: syntax error: missing ';' before '*' [D:\a\11obs\11obs\UDPStreamer.vcxproj]
  (compiling source file 'imgui/imgui_impl_win32.cpp')
  
D:\a\11obs\11obs\imgui\imgui.h(806,5): error C4430: missing type specifier - int assumed. Note: C++ does not support default-int [D:\a\11obs\11obs\UDPStreamer.vcxproj]
  (compiling source file 'imgui/imgui_impl_win32.cpp')
  
D:\a\11obs\11obs\imgui\imgui.h(806,36): error C2238: unexpected token(s) preceding ';' [D:\a\11obs\11obs\UDPStreamer.vcxproj]
  (compiling source file 'imgui/imgui_impl_win32.cpp')
  
D:\a\11obs\11obs\imgui\imgui.h(811,14): error C2065: 'ImGuiItemFlags': undeclared identifier [D:\a\11obs\11obs\UDPStreamer.vcxproj]
  (compiling source file 'imgui/imgui_impl_win32.cpp')
  
D:\a\11obs\11obs\imgui\imgui.h(811,5): error C2923: 'ImVector': 'ImGuiItemFlags' is not a valid template type argument for parameter 'T' [D:\a\11obs\11obs\UDPStreamer.vcxproj]
  (compiling source file 'imgui/imgui_impl_win32.cpp')
      D:\a\11obs\11obs\imgui\imgui.h(811,14):
      see declaration of 'ImGuiItemFlags'
  
  imgui_impl_dx11.cpp
D:\a\11obs\11obs\imgui\imgui.h(811,30): error C2955: 'ImVector': use of class template requires template argument list [D:\a\11obs\11obs\UDPStreamer.vcxproj]
  (compiling source file 'imgui/imgui_impl_win32.cpp')
      D:\a\11obs\11obs\imgui\imgui.h(579,8):
      see declaration of 'ImVector'
  
D:\a\11obs\11obs\imgui\imgui.h(818,14): error C2065: 'ImGuiColumnsSet': undeclared identifier [D:\a\11obs\11obs\UDPStreamer.vcxproj]
  (compiling source file 'imgui/imgui_impl_win32.cpp')
  
D:\a\11obs\11obs\imgui\imgui.h(818,5): error C2923: 'ImVector': 'ImGuiColumnsSet' is not a valid template type argument for parameter 'T' [D:\a\11obs\11obs\UDPStreamer.vcxproj]
  (compiling source file 'imgui/imgui_impl_win32.cpp')
      D:\a\11obs\11obs\imgui\imgui.h(818,14):
      see declaration of 'ImGuiColumnsSet'
  
D:\a\11obs\11obs\imgui\imgui.h(818,31): error C2955: 'ImVector': use of class template requires template argument list [D:\a\11obs\11obs\UDPStreamer.vcxproj]
  (compiling source file 'imgui/imgui_impl_win32.cpp')
      D:\a\11obs\11obs\imgui\imgui.h(579,8):
      see declaration of 'ImVector'
  
D:\a\11obs\11obs\imgui\imgui.h(819,14): error C2065: 'ImGuiGroupData': undeclared identifier [D:\a\11obs\11obs\UDPStreamer.vcxproj]
  (compiling source file 'imgui/imgui_impl_win32.cpp')
  
D:\a\11obs\11obs\imgui\imgui.h(819,14): error C1003: error count exceeds 100; stopping compilation [D:\a\11obs\11obs\UDPStreamer.vcxproj]
  (compiling source file 'imgui/imgui_impl_win32.cpp')
  
D:\a\11obs\11obs\imgui\imgui.h(617,11): error C3646: 'col': unknown override specifier [D:\a\11obs\11obs\UDPStreamer.vcxproj]
  (compiling source file 'imgui/imgui_impl_dx11.cpp')
  
D:\a\11obs\11obs\imgui\imgui.h(617,5): error C4430: missing type specifier - int assumed. Note: C++ does not support default-int [D:\a\11obs\11obs\UDPStreamer.vcxproj]
  (compiling source file 'imgui/imgui_impl_dx11.cpp')
  
D:\a\11obs\11obs\imgui\imgui.h(619,55): error C2061: syntax error: identifier 'ImU32' [D:\a\11obs\11obs\UDPStreamer.vcxproj]
  (compiling source file 'imgui/imgui_impl_dx11.cpp')
  
D:\a\11obs\11obs\imgui\imgui.h(618,41): error C2614: 'ImDrawVert': illegal member initialization: 'col' is not a base or member [D:\a\11obs\11obs\UDPStreamer.vcxproj]
  (compiling source file 'imgui/imgui_impl_dx11.cpp')
  
D:\a\11obs\11obs\imgui\imgui.h(619,93): error C2065: '_col': undeclared identifier [D:\a\11obs\11obs\UDPStreamer.vcxproj]
  (compiling source file 'imgui/imgui_impl_dx11.cpp')
  
D:\a\11obs\11obs\imgui\imgui.h(619,89): error C2614: 'ImDrawVert': illegal member initialization: 'col' is not a base or member [D:\a\11obs\11obs\UDPStreamer.vcxproj]
  (compiling source file 'imgui/imgui_impl_dx11.cpp')
  
D:\a\11obs\11obs\imgui\imgui.h(627,113): error C2440: 'initializing': cannot convert from 'int' to 'ImDrawCmdFlags' [D:\a\11obs\11obs\UDPStreamer.vcxproj]
  (compiling source file 'imgui/imgui_impl_dx11.cpp')
      D:\a\11obs\11obs\imgui\imgui.h(627,113):
      Conversion to enumeration type requires an explicit cast (static_cast, C-style cast or parenthesized function-style cast)
  
D:\a\11obs\11obs\imgui\imgui.h(627,113): error C2439: 'ImDrawCmd::flags': member could not be initialized [D:\a\11obs\11obs\UDPStreamer.vcxproj]
  (compiling source file 'imgui/imgui_impl_dx11.cpp')
      D:\a\11obs\11obs\imgui\imgui.h(633,20):
      see declaration of 'ImDrawCmd::flags'
  
D:\a\11obs\11obs\imgui\imgui.h(641,10): error C2039: 'vector': is not a member of 'std' [D:\a\11obs\11obs\UDPStreamer.vcxproj]
  (compiling source file 'imgui/imgui_impl_dx11.cpp')
      C:\Program Files (x86)\Windows Kits\10\Include\10.0.26100.0\ucrt\stddef.h(23,15):
      see declaration of 'std'
  
D:\a\11obs\11obs\imgui\imgui.h(641,16): error C2143: syntax error: missing ';' before '<' [D:\a\11obs\11obs\UDPStreamer.vcxproj]
  (compiling source file 'imgui/imgui_impl_dx11.cpp')
  
D:\a\11obs\11obs\imgui\imgui.h(641,10): error C4430: missing type specifier - int assumed. Note: C++ does not support default-int [D:\a\11obs\11obs\UDPStreamer.vcxproj]
  (compiling source file 'imgui/imgui_impl_dx11.cpp')
  
D:\a\11obs\11obs\imgui\imgui.h(641,39): error C2238: unexpected token(s) preceding ';' [D:\a\11obs\11obs\UDPStreamer.vcxproj]
  (compiling source file 'imgui/imgui_impl_dx11.cpp')
  
D:\a\11obs\11obs\imgui\imgui.h(642,10): error C2039: 'vector': is not a member of 'std' [D:\a\11obs\11obs\UDPStreamer.vcxproj]
  (compiling source file 'imgui/imgui_impl_dx11.cpp')
      C:\Program Files (x86)\Windows Kits\10\Include\10.0.26100.0\ucrt\stddef.h(23,15):
      see declaration of 'std'
  
D:\a\11obs\11obs\imgui\imgui.h(642,16): error C2143: syntax error: missing ';' before '<' [D:\a\11obs\11obs\UDPStreamer.vcxproj]
  (compiling source file 'imgui/imgui_impl_dx11.cpp')
  
D:\a\11obs\11obs\imgui\imgui.h(642,10): error C4430: missing type specifier - int assumed. Note: C++ does not support default-int [D:\a\11obs\11obs\UDPStreamer.vcxproj]
  (compiling source file 'imgui/imgui_impl_dx11.cpp')
  
D:\a\11obs\11obs\imgui\imgui.h(642,38): error C2238: unexpected token(s) preceding ';' [D:\a\11obs\11obs\UDPStreamer.vcxproj]
  (compiling source file 'imgui/imgui_impl_dx11.cpp')
  
D:\a\11obs\11obs\imgui\imgui.h(643,10): error C2039: 'vector': is not a member of 'std' [D:\a\11obs\11obs\UDPStreamer.vcxproj]
  (compiling source file 'imgui/imgui_impl_dx11.cpp')
      C:\Program Files (x86)\Windows Kits\10\Include\10.0.26100.0\ucrt\stddef.h(23,15):
      see declaration of 'std'
  
D:\a\11obs\11obs\imgui\imgui.h(643,16): error C2143: syntax error: missing ';' before '<' [D:\a\11obs\11obs\UDPStreamer.vcxproj]
  (compiling source file 'imgui/imgui_impl_dx11.cpp')
  
D:\a\11obs\11obs\imgui\imgui.h(643,10): error C4430: missing type specifier - int assumed. Note: C++ does not support default-int [D:\a\11obs\11obs\UDPStreamer.vcxproj]
  (compiling source file 'imgui/imgui_impl_dx11.cpp')
  
D:\a\11obs\11obs\imgui\imgui.h(643,38): error C2238: unexpected token(s) preceding ';' [D:\a\11obs\11obs\UDPStreamer.vcxproj]
  (compiling source file 'imgui/imgui_impl_dx11.cpp')
  
D:\a\11obs\11obs\imgui\imgui.h(648,10): error C2039: 'vector': is not a member of 'std' [D:\a\11obs\11obs\UDPStreamer.vcxproj]
  (compiling source file 'imgui/imgui_impl_dx11.cpp')
      C:\Program Files (x86)\Windows Kits\10\Include\10.0.26100.0\ucrt\stddef.h(23,15):
      see declaration of 'std'
  
D:\a\11obs\11obs\imgui\imgui.h(648,16): error C2143: syntax error: missing ';' before '<' [D:\a\11obs\11obs\UDPStreamer.vcxproj]
  (compiling source file 'imgui/imgui_impl_dx11.cpp')
  
D:\a\11obs\11obs\imgui\imgui.h(648,10): error C4430: missing type specifier - int assumed. Note: C++ does not support default-int [D:\a\11obs\11obs\UDPStreamer.vcxproj]
  (compiling source file 'imgui/imgui_impl_dx11.cpp')
  
D:\a\11obs\11obs\imgui\imgui.h(648,40): error C2238: unexpected token(s) preceding ';' [D:\a\11obs\11obs\UDPStreamer.vcxproj]
  (compiling source file 'imgui/imgui_impl_dx11.cpp')
  
D:\a\11obs\11obs\imgui\imgui.h(649,10): error C2039: 'vector': is not a member of 'std' [D:\a\11obs\11obs\UDPStreamer.vcxproj]
  (compiling source file 'imgui/imgui_impl_dx11.cpp')
      C:\Program Files (x86)\Windows Kits\10\Include\10.0.26100.0\ucrt\stddef.h(23,15):
      see declaration of 'std'
  
D:\a\11obs\11obs\imgui\imgui.h(649,16): error C2143: syntax error: missing ';' before '<' [D:\a\11obs\11obs\UDPStreamer.vcxproj]
  (compiling source file 'imgui/imgui_impl_dx11.cpp')
  
D:\a\11obs\11obs\imgui\imgui.h(649,10): error C4430: missing type specifier - int assumed. Note: C++ does not support default-int [D:\a\11obs\11obs\UDPStreamer.vcxproj]
  (compiling source file 'imgui/imgui_impl_dx11.cpp')
  
D:\a\11obs\11obs\imgui\imgui.h(649,40): error C2238: unexpected token(s) preceding ';' [D:\a\11obs\11obs\UDPStreamer.vcxproj]
  (compiling source file 'imgui/imgui_impl_dx11.cpp')
  
D:\a\11obs\11obs\imgui\imgui.h(651,10): error C2039: 'vector': is not a member of 'std' [D:\a\11obs\11obs\UDPStreamer.vcxproj]
  (compiling source file 'imgui/imgui_impl_dx11.cpp')
      C:\Program Files (x86)\Windows Kits\10\Include\10.0.26100.0\ucrt\stddef.h(23,15):
      see declaration of 'std'
  
D:\a\11obs\11obs\imgui\imgui.h(651,16): error C2143: syntax error: missing ';' before '<' [D:\a\11obs\11obs\UDPStreamer.vcxproj]
  (compiling source file 'imgui/imgui_impl_dx11.cpp')
  
D:\a\11obs\11obs\imgui\imgui.h(651,10): error C4430: missing type specifier - int assumed. Note: C++ does not support default-int [D:\a\11obs\11obs\UDPStreamer.vcxproj]
  (compiling source file 'imgui/imgui_impl_dx11.cpp')
  
D:\a\11obs\11obs\imgui\imgui.h(651,38): error C2238: unexpected token(s) preceding ';' [D:\a\11obs\11obs\UDPStreamer.vcxproj]
  (compiling source file 'imgui/imgui_impl_dx11.cpp')
  
D:\a\11obs\11obs\imgui\imgui.h(640,67): error C2440: 'initializing': cannot convert from 'int' to 'ImDrawListFlags' [D:\a\11obs\11obs\UDPStreamer.vcxproj]
  (compiling source file 'imgui/imgui_impl_dx11.cpp')
      D:\a\11obs\11obs\imgui\imgui.h(640,67):
      Conversion to enumeration type requires an explicit cast (static_cast, C-style cast or parenthesized function-style cast)
  
D:\a\11obs\11obs\imgui\imgui.h(640,67): error C2439: 'ImDrawList::flags': member could not be initialized [D:\a\11obs\11obs\UDPStreamer.vcxproj]
  (compiling source file 'imgui/imgui_impl_dx11.cpp')
      D:\a\11obs\11obs\imgui\imgui.h(644,21):
      see declaration of 'ImDrawList::flags'
  
D:\a\11obs\11obs\imgui\imgui.h(640,20): error C2614: 'ImDrawList': illegal member initialization: 'vtx_buffer' is not a base or member [D:\a\11obs\11obs\UDPStreamer.vcxproj]
  (compiling source file 'imgui/imgui_impl_dx11.cpp')
  
D:\a\11obs\11obs\imgui\imgui.h(640,34): error C2614: 'ImDrawList': illegal member initialization: 'idx_buffer' is not a base or member [D:\a\11obs\11obs\UDPStreamer.vcxproj]
  (compiling source file 'imgui/imgui_impl_dx11.cpp')
  
D:\a\11obs\11obs\imgui\imgui.h(640,48): error C2614: 'ImDrawList': illegal member initialization: 'cmd_buffer' is not a base or member [D:\a\11obs\11obs\UDPStreamer.vcxproj]
  (compiling source file 'imgui/imgui_impl_dx11.cpp')
  
D:\a\11obs\11obs\imgui\imgui.h(640,133): error C2614: 'ImDrawList': illegal member initialization: 'clip_rect_stack' is not a base or member [D:\a\11obs\11obs\UDPStreamer.vcxproj]
  (compiling source file 'imgui/imgui_impl_dx11.cpp')
  
D:\a\11obs\11obs\imgui\imgui.h(640,152): error C2614: 'ImDrawList': illegal member initialization: 'texture_id_stack' is not a base or member [D:\a\11obs\11obs\UDPStreamer.vcxproj]
  (compiling source file 'imgui/imgui_impl_dx11.cpp')
  
D:\a\11obs\11obs\imgui\imgui.h(640,198): error C2614: 'ImDrawList': illegal member initialization: 'channels' is not a base or member [D:\a\11obs\11obs\UDPStreamer.vcxproj]
  (compiling source file 'imgui/imgui_impl_dx11.cpp')
  
D:\a\11obs\11obs\imgui\imgui.h(672,13): error C3646: 'codepoint': unknown override specifier [D:\a\11obs\11obs\UDPStreamer.vcxproj]
  (compiling source file 'imgui/imgui_impl_dx11.cpp')
  
D:\a\11obs\11obs\imgui\imgui.h(672,5): error C4430: missing type specifier - int assumed. Note: C++ does not support default-int [D:\a\11obs\11obs\UDPStreamer.vcxproj]
  (compiling source file 'imgui/imgui_impl_dx11.cpp')
  
D:\a\11obs\11obs\imgui\imgui.h(671,21): error C2614: 'ImFontGlyph': illegal member initialization: 'codepoint' is not a base or member [D:\a\11obs\11obs\UDPStreamer.vcxproj]
  (compiling source file 'imgui/imgui_impl_dx11.cpp')
  
D:\a\11obs\11obs\imgui\imgui.h(688,5): error C4430: missing type specifier - int assumed. Note: C++ does not support default-int [D:\a\11obs\11obs\UDPStreamer.vcxproj]
  (compiling source file 'imgui/imgui_impl_dx11.cpp')
  
D:\a\11obs\11obs\imgui\imgui.h(688,18): error C2143: syntax error: missing ';' before '*' [D:\a\11obs\11obs\UDPStreamer.vcxproj]
  (compiling source file 'imgui/imgui_impl_dx11.cpp')
  
D:\a\11obs\11obs\imgui\imgui.h(688,31): error C2238: unexpected token(s) preceding ';' [D:\a\11obs\11obs\UDPStreamer.vcxproj]
  (compiling source file 'imgui/imgui_impl_dx11.cpp')
  
D:\a\11obs\11obs\imgui\imgui.h(697,13): error C3646: 'EllipsisChar': unknown override specifier [D:\a\11obs\11obs\UDPStreamer.vcxproj]
  (compiling source file 'imgui/imgui_impl_dx11.cpp')
  
D:\a\11obs\11obs\imgui\imgui.h(697,5): error C4430: missing type specifier - int assumed. Note: C++ does not support default-int [D:\a\11obs\11obs\UDPStreamer.vcxproj]
  (compiling source file 'imgui/imgui_impl_dx11.cpp')
  
D:\a\11obs\11obs\imgui\imgui.h(680,360): error C2789: 'ImFontConfig::ImWchar': an object of const-qualified type must be initialized [D:\a\11obs\11obs\UDPStreamer.vcxproj]
  (compiling source file 'imgui/imgui_impl_dx11.cpp')
      D:\a\11obs\11obs\imgui\imgui.h(688,11):
      see declaration of 'ImFontConfig::ImWchar'
  
D:\a\11obs\11obs\imgui\imgui.h(680,150): error C2614: 'ImFontConfig': illegal member initialization: 'GlyphRanges' is not a base or member [D:\a\11obs\11obs\UDPStreamer.vcxproj]
  (compiling source file 'imgui/imgui_impl_dx11.cpp')
  
D:\a\11obs\11obs\imgui\imgui.h(680,339): error C2614: 'ImFontConfig': illegal member initialization: 'EllipsisChar' is not a base or member [D:\a\11obs\11obs\UDPStreamer.vcxproj]
  (compiling source file 'imgui/imgui_impl_dx11.cpp')
  
D:\a\11obs\11obs\imgui\imgui.h(707,10): error C2143: syntax error: missing ';' before '*' [D:\a\11obs\11obs\UDPStreamer.vcxproj]
  (compiling source file 'imgui/imgui_impl_dx11.cpp')
  
D:\a\11obs\11obs\imgui\imgui.h(707,5): error C4430: missing type specifier - int assumed. Note: C++ does not support default-int [D:\a\11obs\11obs\UDPStreamer.vcxproj]
  (compiling source file 'imgui/imgui_impl_dx11.cpp')
  
D:\a\11obs\11obs\imgui\imgui.h(707,27): error C2238: unexpected token(s) preceding ';' [D:\a\11obs\11obs\UDPStreamer.vcxproj]
  (compiling source file 'imgui/imgui_impl_dx11.cpp')
  
D:\a\11obs\11obs\imgui\imgui.h(710,14): error C2065: 'ImWchar': undeclared identifier [D:\a\11obs\11obs\UDPStreamer.vcxproj]
  (compiling source file 'imgui/imgui_impl_dx11.cpp')
  
D:\a\11obs\11obs\imgui\imgui.h(710,5): error C2923: 'ImVector': 'ImWchar' is not a valid template type argument for parameter 'T' [D:\a\11obs\11obs\UDPStreamer.vcxproj]
  (compiling source file 'imgui/imgui_impl_dx11.cpp')
      D:\a\11obs\11obs\imgui\imgui.h(710,14):
      see declaration of 'ImWchar'
  
D:\a\11obs\11obs\imgui\imgui.h(710,24): error C2955: 'ImVector': use of class template requires template argument list [D:\a\11obs\11obs\UDPStreamer.vcxproj]
  (compiling source file 'imgui/imgui_impl_dx11.cpp')
      D:\a\11obs\11obs\imgui\imgui.h(579,8):
      see declaration of 'ImVector'
  
D:\a\11obs\11obs\imgui\imgui.h(711,14): error C2065: 'ImFontAtlasCustomRect': undeclared identifier [D:\a\11obs\11obs\UDPStreamer.vcxproj]
  (compiling source file 'imgui/imgui_impl_dx11.cpp')
  
D:\a\11obs\11obs\imgui\imgui.h(711,5): error C2923: 'ImVector': 'ImFontAtlasCustomRect' is not a valid template type argument for parameter 'T' [D:\a\11obs\11obs\UDPStreamer.vcxproj]
  (compiling source file 'imgui/imgui_impl_dx11.cpp')
      D:\a\11obs\11obs\imgui\imgui.h(711,14):
      see declaration of 'ImFontAtlasCustomRect'
  
D:\a\11obs\11obs\imgui\imgui.h(711,37): error C2955: 'ImVector': use of class template requires template argument list [D:\a\11obs\11obs\UDPStreamer.vcxproj]
  (compiling source file 'imgui/imgui_impl_dx11.cpp')
      D:\a\11obs\11obs\imgui\imgui.h(579,8):
      see declaration of 'ImVector'
  
D:\a\11obs\11obs\imgui\imgui.h(702,243): error C2440: 'initializing': cannot convert from 'int' to 'ImFontAtlasFlags' [D:\a\11obs\11obs\UDPStreamer.vcxproj]
  (compiling source file 'imgui/imgui_impl_dx11.cpp')
      D:\a\11obs\11obs\imgui\imgui.h(702,243):
      Conversion to enumeration type requires an explicit cast (static_cast, C-style cast or parenthesized function-style cast)
  
D:\a\11obs\11obs\imgui\imgui.h(702,243): error C2439: 'ImFontAtlas::Flags': member could not be initialized [D:\a\11obs\11obs\UDPStreamer.vcxproj]
  (compiling source file 'imgui/imgui_impl_dx11.cpp')
      D:\a\11obs\11obs\imgui\imgui.h(713,22):
      see declaration of 'ImFontAtlas::Flags'
  
D:\a\11obs\11obs\imgui\imgui.h(702,110): error C2614: 'ImFontAtlas': illegal member initialization: 'TexPixelsRgba32' is not a base or member [D:\a\11obs\11obs\UDPStreamer.vcxproj]
  (compiling source file 'imgui/imgui_impl_dx11.cpp')
  
D:\a\11obs\11obs\imgui\imgui.h(730,14): error C2065: 'ImWchar': undeclared identifier [D:\a\11obs\11obs\UDPStreamer.vcxproj]
  (compiling source file 'imgui/imgui_impl_dx11.cpp')
  
D:\a\11obs\11obs\imgui\imgui.h(730,5): error C2923: 'ImVector': 'ImWchar' is not a valid template type argument for parameter 'T' [D:\a\11obs\11obs\UDPStreamer.vcxproj]
  (compiling source file 'imgui/imgui_impl_dx11.cpp')
      D:\a\11obs\11obs\imgui\imgui.h(730,14):
      see declaration of 'ImWchar'
  
D:\a\11obs\11obs\imgui\imgui.h(730,23): error C2955: 'ImVector': use of class template requires template argument list [D:\a\11obs\11obs\UDPStreamer.vcxproj]
  (compiling source file 'imgui/imgui_impl_dx11.cpp')
      D:\a\11obs\11obs\imgui\imgui.h(579,8):
      see declaration of 'ImVector'
  
D:\a\11obs\11obs\imgui\imgui.h(740,13): error C2079: 'ImGuiContext::IO' uses undefined struct 'ImGuiIO' [D:\a\11obs\11obs\UDPStreamer.vcxproj]
  (compiling source file 'imgui/imgui_impl_dx11.cpp')
  
D:\a\11obs\11obs\imgui\imgui.h(741,16): error C2079: 'ImGuiContext::Style' uses undefined struct 'ImGuiStyle' [D:\a\11obs\11obs\UDPStreamer.vcxproj]
  (compiling source file 'imgui/imgui_impl_dx11.cpp')
  
D:\a\11obs\11obs\imgui\imgui.h(746,13): error C3646: 'HoveredId': unknown override specifier [D:\a\11obs\11obs\UDPStreamer.vcxproj]
  (compiling source file 'imgui/imgui_impl_dx11.cpp')
  
D:\a\11obs\11obs\imgui\imgui.h(746,5): error C4430: missing type specifier - int assumed. Note: C++ does not support default-int [D:\a\11obs\11obs\UDPStreamer.vcxproj]
  (compiling source file 'imgui/imgui_impl_dx11.cpp')
  
D:\a\11obs\11obs\imgui\imgui.h(747,13): error C3646: 'ActiveId': unknown override specifier [D:\a\11obs\11obs\UDPStreamer.vcxproj]
  (compiling source file 'imgui/imgui_impl_dx11.cpp')
  
D:\a\11obs\11obs\imgui\imgui.h(747,5): error C4430: missing type specifier - int assumed. Note: C++ does not support default-int [D:\a\11obs\11obs\UDPStreamer.vcxproj]
  (compiling source file 'imgui/imgui_impl_dx11.cpp')
  
D:\a\11obs\11obs\imgui\imgui.h(751,17): error C2143: syntax error: missing ';' before '*' [D:\a\11obs\11obs\UDPStreamer.vcxproj]
  (compiling source file 'imgui/imgui_impl_dx11.cpp')
  
D:\a\11obs\11obs\imgui\imgui.h(751,5): error C4430: missing type specifier - int assumed. Note: C++ does not support default-int [D:\a\11obs\11obs\UDPStreamer.vcxproj]
  (compiling source file 'imgui/imgui_impl_dx11.cpp')
  
D:\a\11obs\11obs\imgui\imgui.h(751,34): error C2238: unexpected token(s) preceding ';' [D:\a\11obs\11obs\UDPStreamer.vcxproj]
  (compiling source file 'imgui/imgui_impl_dx11.cpp')
  
D:\a\11obs\11obs\imgui\imgui.h(752,24): error C3646: 'DragDropSourceFlags': unknown override specifier [D:\a\11obs\11obs\UDPStreamer.vcxproj]
  (compiling source file 'imgui/imgui_impl_dx11.cpp')
  
D:\a\11obs\11obs\imgui\imgui.h(752,5): error C4430: missing type specifier - int assumed. Note: C++ does not support default-int [D:\a\11obs\11obs\UDPStreamer.vcxproj]
  (compiling source file 'imgui/imgui_impl_dx11.cpp')
  
D:\a\11obs\11obs\imgui\imgui.h(772,22): error C3646: 'KeyMods': unknown override specifier [D:\a\11obs\11obs\UDPStreamer.vcxproj]
  (compiling source file 'imgui/imgui_impl_dx11.cpp')
  
D:\a\11obs\11obs\imgui\imgui.h(772,5): error C4430: missing type specifier - int assumed. Note: C++ does not support default-int [D:\a\11obs\11obs\UDPStreamer.vcxproj]
  (compiling source file 'imgui/imgui_impl_dx11.cpp')
  
D:\a\11obs\11obs\imgui\imgui.h(777,14): error C2065: 'ImWchar': undeclared identifier [D:\a\11obs\11obs\UDPStreamer.vcxproj]
  (compiling source file 'imgui/imgui_impl_dx11.cpp')
  
D:\a\11obs\11obs\imgui\imgui.h(777,5): error C2923: 'ImVector': 'ImWchar' is not a valid template type argument for parameter 'T' [D:\a\11obs\11obs\UDPStreamer.vcxproj]
  (compiling source file 'imgui/imgui_impl_dx11.cpp')
      D:\a\11obs\11obs\imgui\imgui.h(777,14):
      see declaration of 'ImWchar'
  
D:\a\11obs\11obs\imgui\imgui.h(777,23): error C2955: 'ImVector': use of class template requires template argument list [D:\a\11obs\11obs\UDPStreamer.vcxproj]
  (compiling source file 'imgui/imgui_impl_dx11.cpp')
      D:\a\11obs\11obs\imgui\imgui.h(579,8):
      see declaration of 'ImVector'
  
D:\a\11obs\11obs\imgui\imgui.h(778,24): error C2143: syntax error: missing ';' before '*' [D:\a\11obs\11obs\UDPStreamer.vcxproj]
  (compiling source file 'imgui/imgui_impl_dx11.cpp')
  
D:\a\11obs\11obs\imgui\imgui.h(778,5): error C4430: missing type specifier - int assumed. Note: C++ does not support default-int [D:\a\11obs\11obs\UDPStreamer.vcxproj]
  (compiling source file 'imgui/imgui_impl_dx11.cpp')
  
D:\a\11obs\11obs\imgui\imgui.h(778,40): error C2238: unexpected token(s) preceding ';' [D:\a\11obs\11obs\UDPStreamer.vcxproj]
  (compiling source file 'imgui/imgui_impl_dx11.cpp')
  
D:\a\11obs\11obs\imgui\imgui.h(790,13): error C3646: 'NavId': unknown override specifier [D:\a\11obs\11obs\UDPStreamer.vcxproj]
  (compiling source file 'imgui/imgui_impl_dx11.cpp')
  
D:\a\11obs\11obs\imgui\imgui.h(790,5): error C4430: missing type specifier - int assumed. Note: C++ does not support default-int [D:\a\11obs\11obs\UDPStreamer.vcxproj]
  (compiling source file 'imgui/imgui_impl_dx11.cpp')
  
D:\a\11obs\11obs\imgui\imgui.h(791,13): error C3646: 'NavIdPrev': unknown override specifier [D:\a\11obs\11obs\UDPStreamer.vcxproj]
  (compiling source file 'imgui/imgui_impl_dx11.cpp')
  
D:\a\11obs\11obs\imgui\imgui.h(791,5): error C4430: missing type specifier - int assumed. Note: C++ does not support default-int [D:\a\11obs\11obs\UDPStreamer.vcxproj]
  (compiling source file 'imgui/imgui_impl_dx11.cpp')
  
D:\a\11obs\11obs\imgui\imgui.h(797,14): error C2065: 'ImGuiNavItemData': undeclared identifier [D:\a\11obs\11obs\UDPStreamer.vcxproj]
  (compiling source file 'imgui/imgui_impl_dx11.cpp')
  
D:\a\11obs\11obs\imgui\imgui.h(797,5): error C2923: 'ImVector': 'ImGuiNavItemData' is not a valid template type argument for parameter 'T' [D:\a\11obs\11obs\UDPStreamer.vcxproj]
  (compiling source file 'imgui/imgui_impl_dx11.cpp')
      D:\a\11obs\11obs\imgui\imgui.h(797,14):
      see declaration of 'ImGuiNavItemData'
  
D:\a\11obs\11obs\imgui\imgui.h(797,32): error C2955: 'ImVector': use of class template requires template argument list [D:\a\11obs\11obs\UDPStreamer.vcxproj]
  (compiling source file 'imgui/imgui_impl_dx11.cpp')
      D:\a\11obs\11obs\imgui\imgui.h(579,8):
      see declaration of 'ImVector'
  
D:\a\11obs\11obs\imgui\imgui.h(803,20): error C2143: syntax error: missing ';' before '*' [D:\a\11obs\11obs\UDPStreamer.vcxproj]
  (compiling source file 'imgui/imgui_impl_dx11.cpp')
  
D:\a\11obs\11obs\imgui\imgui.h(803,5): error C4430: missing type specifier - int assumed. Note: C++ does not support default-int [D:\a\11obs\11obs\UDPStreamer.vcxproj]
  (compiling source file 'imgui/imgui_impl_dx11.cpp')
  
D:\a\11obs\11obs\imgui\imgui.h(803,32): error C2238: unexpected token(s) preceding ';' [D:\a\11obs\11obs\UDPStreamer.vcxproj]
  (compiling source file 'imgui/imgui_impl_dx11.cpp')
  
D:\a\11obs\11obs\imgui\imgui.h(805,12): error C2143: syntax error: missing ';' before '*' [D:\a\11obs\11obs\UDPStreamer.vcxproj]
  (compiling source file 'imgui/imgui_impl_dx11.cpp')
  
D:\a\11obs\11obs\imgui\imgui.h(805,5): error C4430: missing type specifier - int assumed. Note: C++ does not support default-int [D:\a\11obs\11obs\UDPStreamer.vcxproj]
  (compiling source file 'imgui/imgui_impl_dx11.cpp')
  
D:\a\11obs\11obs\imgui\imgui.h(805,37): error C2238: unexpected token(s) preceding ';' [D:\a\11obs\11obs\UDPStreamer.vcxproj]
  (compiling source file 'imgui/imgui_impl_dx11.cpp')
  
D:\a\11obs\11obs\imgui\imgui.h(806,12): error C2143: syntax error: missing ';' before '*' [D:\a\11obs\11obs\UDPStreamer.vcxproj]
  (compiling source file 'imgui/imgui_impl_dx11.cpp')
  
D:\a\11obs\11obs\imgui\imgui.h(806,5): error C4430: missing type specifier - int assumed. Note: C++ does not support default-int [D:\a\11obs\11obs\UDPStreamer.vcxproj]
  (compiling source file 'imgui/imgui_impl_dx11.cpp')
  
D:\a\11obs\11obs\imgui\imgui.h(806,36): error C2238: unexpected token(s) preceding ';' [D:\a\11obs\11obs\UDPStreamer.vcxproj]
  (compiling source file 'imgui/imgui_impl_dx11.cpp')
  
D:\a\11obs\11obs\imgui\imgui.h(811,14): error C2065: 'ImGuiItemFlags': undeclared identifier [D:\a\11obs\11obs\UDPStreamer.vcxproj]
  (compiling source file 'imgui/imgui_impl_dx11.cpp')
  
D:\a\11obs\11obs\imgui\imgui.h(811,5): error C2923: 'ImVector': 'ImGuiItemFlags' is not a valid template type argument for parameter 'T' [D:\a\11obs\11obs\UDPStreamer.vcxproj]
  (compiling source file 'imgui/imgui_impl_dx11.cpp')
      D:\a\11obs\11obs\imgui\imgui.h(811,14):
      see declaration of 'ImGuiItemFlags'
  
D:\a\11obs\11obs\imgui\imgui.h(811,30): error C2955: 'ImVector': use of class template requires template argument list [D:\a\11obs\11obs\UDPStreamer.vcxproj]
  (compiling source file 'imgui/imgui_impl_dx11.cpp')
      D:\a\11obs\11obs\imgui\imgui.h(579,8):
      see declaration of 'ImVector'
  
D:\a\11obs\11obs\imgui\imgui.h(818,14): error C2065: 'ImGuiColumnsSet': undeclared identifier [D:\a\11obs\11obs\UDPStreamer.vcxproj]
  (compiling source file 'imgui/imgui_impl_dx11.cpp')
  
D:\a\11obs\11obs\imgui\imgui.h(818,5): error C2923: 'ImVector': 'ImGuiColumnsSet' is not a valid template type argument for parameter 'T' [D:\a\11obs\11obs\UDPStreamer.vcxproj]
  (compiling source file 'imgui/imgui_impl_dx11.cpp')
      D:\a\11obs\11obs\imgui\imgui.h(818,14):
      see declaration of 'ImGuiColumnsSet'
  
D:\a\11obs\11obs\imgui\imgui.h(818,31): error C2955: 'ImVector': use of class template requires template argument list [D:\a\11obs\11obs\UDPStreamer.vcxproj]
  (compiling source file 'imgui/imgui_impl_dx11.cpp')
      D:\a\11obs\11obs\imgui\imgui.h(579,8):
      see declaration of 'ImVector'
  
D:\a\11obs\11obs\imgui\imgui.h(819,14): error C2065: 'ImGuiGroupData': undeclared identifier [D:\a\11obs\11obs\UDPStreamer.vcxproj]
  (compiling source file 'imgui/imgui_impl_dx11.cpp')
  
D:\a\11obs\11obs\imgui\imgui.h(819,14): error C1003: error count exceeds 100; stopping compilation [D:\a\11obs\11obs\UDPStreamer.vcxproj]
  (compiling source file 'imgui/imgui_impl_dx11.cpp')
  
